0 mul_easy tokens 40 vs 40 | max rel diff new[t] vs old[t+1]: 2.70e-01
1 mul_hard tokens 146 vs 298 | max rel diff new[t] vs old[t+1]: 4.31e+00
2 count tokens 143 vs 143 | max rel diff new[t] vs old[t+1]: 1.41e-01
3 weekday tokens 260 vs 269 | max rel diff new[t] vs old[t+1]: 4.62e+00
4 modpow tokens 779 vs 800 | max rel diff new[t] vs old[t+1]: 6.66e+00
5 add_hard tokens 30 vs 30 | max rel diff new[t] vs old[t+1]: 3.20e-01
6 mul_easy tokens 37 vs 37 | max rel diff new[t] vs old[t+1]: 1.99e-01
7 mul_hard tokens 260 vs 273 | max rel diff new[t] vs old[t+1]: 1.31e+01
8 count tokens 139 vs 139 | max rel diff new[t] vs old[t+1]: 3.20e-01
9 weekday tokens 306 vs 295 | max rel diff new[t] vs old[t+1]: 3.93e+00
10 modpow tokens 800 vs 800 | max rel diff new[t] vs old[t+1]: 1.49e+01
11 add_hard tokens 29 vs 29 | max rel diff new[t] vs old[t+1]: 2.71e-01
12 mul_easy tokens 75 vs 75 | max rel diff new[t] vs old[t+1]: 9.74e-02
13 mul_hard tokens 238 vs 237 | max rel diff new[t] vs old[t+1]: 5.67e+00
14 count tokens 93 vs 93 | max rel diff new[t] vs old[t+1]: 1.29e-01
15 weekday tokens 266 vs 272 | max rel diff new[t] vs old[t+1]: 3.93e+00
16 modpow tokens 800 vs 800 | max rel diff new[t] vs old[t+1]: 2.62e-01
17 add_hard tokens 35 vs 35 | max rel diff new[t] vs old[t+1]: 2.21e-01
18 mul_easy tokens 40 vs 40 | max rel diff new[t] vs old[t+1]: 2.03e-01
19 mul_hard tokens 250 vs 303 | max rel diff new[t] vs old[t+1]: 9.41e+00
SUMMARY: episodes 20 | identical token counts 12 | worst relative difference 1.49e+01
