0 0.25 judge 0.15 2.0579 s
0 0.5 judge 0.07 0.5881 s
0 0.75 judge 0.05 0.8731 s
1 0.25 judge 0.42 0.9233 s
1 0.5 judge 0.42 0.8662 s
1 0.75 judge 0.1 3.2773 s
2 0.25 judge 0.2 0.8017 s
2 0.5 judge 0.1 1.6628 s
2 0.75 judge 0.1 1.1343 s
3 0.25 judge 0.3 0.9444 s
3 0.5 judge 0.15 3.5407 s
3 0.75 judge 0.15 1.6966 s
4 0.25 judge 0.2 1.2346 s
4 0.5 judge 0.1 5.1823 s
4 0.75 judge 0.12 2.5265 s
5 0.25 judge 0.05 0.8425 s
5 0.5 judge 0.05 0.8305 s
5 0.75 judge 0.05 0.6989 s
6 0.25 judge 0.1 1.3184 s
6 0.5 judge 0.12 0.6915 s
6 0.75 judge 0.1 1.0449 s
7 0.25 judge 0.7 1.0849 s
7 0.5 judge 0.32 0.9165 s
7 0.75 judge 0.12 1.5611 s
8 0.25 judge 0.1 2.135 s
8 0.5 judge 0.12 2.9364 s
8 0.75 judge 0.1 0.8682 s
9 0.25 judge 0.42 1.1562 s
9 0.5 judge 0.15 4.3125 s
9 0.75 judge 0.15 3.8187 s
11 0.25 judge 0.05 0.8394 s
11 0.5 judge 0.05 1.1431 s
11 0.75 judge 0.05 0.2653 s
12 0.25 judge 0.1 1.2057 s
12 0.5 judge 0.1 0.6735 s
12 0.75 judge 0.2 1.1475 s
13 0.25 judge 0.32 0.953 s
13 0.5 judge 0.42 0.8745 s
13 0.75 judge 0.85 2.1166 s
14 0.25 judge 0.1 3.6811 s
14 0.5 judge 0.1 3.6516 s
14 0.75 judge 0.12 0.9856 s
15 0.25 judge 0.3 0.9981 s
15 0.5 judge 0.15 6.7256 s
15 0.75 judge 0.15 3.0936 s
17 0.25 judge 0.1 0.8823 s
17 0.5 judge 0.05 0.8447 s
17 0.75 judge 0.05 0.6643 s
18 0.25 judge 0.1 0.7436 s
18 0.5 judge 0.05 0.6959 s
18 0.75 judge 0.1 0.9378 s
19 0.25 judge 0.12 0.979 s
19 0.5 judge 0.1 6.8763 s
19 0.75 judge 0.15 1.1252 s
20 0.25 judge 0.4 1.0113 s
20 0.5 judge 0.15 1.7749 s
20 0.75 judge 0.1 3.9517 s
21 0.25 judge 0.65 1.4484 s
21 0.5 judge 0.3 1.1365 s
21 0.75 judge 0.15 1.0785 s
22 0.25 judge 0.7 1.559 s
22 0.5 judge 0.4 1.6904 s
22 0.75 judge 0.1 4.8113 s
23 0.25 judge 0.05 1.1157 s
23 0.5 judge 0.1 1.1805 s
23 0.75 judge 0.05 0.8932 s
24 0.25 judge 0.12 0.9209 s
24 0.5 judge 0.1 1.7061 s
24 0.75 judge 0.72 1.7905 s
25 0.25 judge 0.12 1.4521 s
25 0.5 judge 0.3 1.1733 s
25 0.75 judge 0.12 5.8612 s
26 0.25 judge 0.3 1.7037 s
26 0.5 judge 0.05 4.7325 s
26 0.75 judge 0.3 1.367 s
27 0.25 judge 0.15 7.0093 s
27 0.5 judge 0.35 1.7641 s
27 0.75 judge 0.15 3.805 s
29 0.25 judge 0.05 2.0643 s
29 0.5 judge 0.05 1.6784 s
29 0.75 judge 0.05 1.7997 s
30 0.25 judge 0.05 1.6187 s
30 0.5 judge 0.05 1.5441 s
30 0.75 judge 0.05 0.9865 s
31 0.25 judge 0.5 1.8878 s
31 0.5 judge 0.15 23.064 s
31 0.75 judge 0.05 6.2773 s
32 0.25 judge 0.2 1.8538 s
32 0.5 judge 0.1 5.2436 s
32 0.75 judge 0.05 5.924 s
33 0.25 judge 0.3 9.8266 s
33 0.5 judge 0.3 7.2686 s
33 0.75 judge 0.42 1.6728 s
34 0.25 judge 0.7 2.2271 s
34 0.5 judge 0.12 8.7195 s
34 0.75 judge 0.1 4.3006 s
35 0.25 judge 0.1 1.3186 s
35 0.5 judge 0.05 2.0384 s
35 0.75 judge 0.12 2.4322 s
36 0.25 judge 0.2 1.3107 s
36 0.5 judge 0.12 1.1193 s
36 0.75 judge 0.1 1.2745 s
37 0.25 judge 0.5 1.5921 s
37 0.5 judge 0.3 1.2592 s
37 0.75 judge 0.15 1.2923 s
38 0.25 judge 0.3 1.4917 s
38 0.5 judge 0.1 4.6661 s
38 0.75 judge 0.15 4.6306 s
39 0.25 judge 0.3 1.5691 s
39 0.5 judge 0.15 4.4612 s
39 0.75 judge 0.12 6.0344 s
41 0.25 judge 0.05 1.4926 s
41 0.5 judge 0.05 1.3394 s
41 0.75 judge 0.05 1.1564 s
42 0.25 judge 0.05 1.4598 s
42 0.5 judge 0.05 0.984 s
42 0.75 judge 0.05 1.4564 s
43 0.25 judge 0.07 1.8066 s
43 0.5 judge 0.12 1.4514 s
43 0.75 judge 0.3 1.4906 s
44 0.25 judge 0.05 9.7809 s
44 0.5 judge 0.3 1.5541 s
44 0.75 judge 0.12 1.7907 s
45 0.25 judge 0.15 2.1829 s
45 0.5 judge 0.1 4.7836 s
45 0.75 judge 0.12 2.801 s
47 0.25 judge 0.05 1.7718 s
47 0.5 judge 0.05 1.8229 s
47 0.75 judge 0.05 0.5368 s
48 0.25 judge 0.05 1.3706 s
48 0.5 judge 0.12 2.6312 s
48 0.75 judge 0.1 1.4846 s
49 0.25 judge 0.2 1.6531 s
49 0.5 judge 0.12 8.6243 s
49 0.75 judge 0.1 2.6431 s
50 0.25 judge 0.3 3.2708 s
50 0.5 judge 0.05 2.5514 s
50 0.75 judge 0.1 1.0326 s
51 0.25 judge 0.32 1.5254 s
51 0.5 judge 0.1 4.2745 s
51 0.75 judge 0.15 2.2298 s
53 0.25 judge 0.05 1.2611 s
53 0.5 judge 0.12 2.5662 s
53 0.75 judge 0.05 1.0135 s
54 0.25 judge 0.05 1.1803 s
54 0.5 judge 0.05 1.0565 s
54 0.75 judge 0.05 0.87 s
55 0.25 judge 0.05 4.665 s
55 0.5 judge 0.12 6.519 s
55 0.75 judge 0.12 6.1687 s
56 0.25 judge 0.1 4.1791 s
56 0.5 judge 0.1 3.2425 s
56 0.75 judge 0.12 5.6582 s
57 0.25 judge 0.32 1.516 s
57 0.5 judge 0.1 4.4331 s
57 0.75 judge 0.1 2.9603 s
58 0.25 judge 0.15 12.9221 s
58 0.5 judge 0.15 8.9674 s
58 0.75 judge 0.1 5.3177 s
59 0.25 judge 0.05 1.2632 s
59 0.5 judge 0.05 1.1296 s
59 0.75 judge 0.05 0.9218 s
60 0.25 judge 0.1 1.4401 s
60 0.5 judge 0.05 1.3747 s
60 0.75 judge 0.4 2.4552 s
61 0.25 judge 0.05 5.8037 s
61 0.5 judge 0.05 6.2412 s
61 0.75 judge 0.1 2.3108 s
62 0.25 judge 0.3 1.4095 s
62 0.5 judge 0.1 3.1509 s
62 0.75 judge 0.15 0.6348 s
63 0.25 judge 0.2 5.4512 s
63 0.5 judge 0.62 1.4712 s
63 0.75 judge 0.3 1.2231 s
64 0.25 judge 0.3 1.6529 s
64 0.5 judge 0.12 11.0688 s
64 0.75 judge 0.15 4.9423 s
65 0.25 judge 0.05 1.5262 s
65 0.5 judge 0.12 2.067 s
65 0.75 judge 0.05 0.3946 s
66 0.25 judge 0.05 1.1434 s
66 0.5 judge 0.05 1.0151 s
66 0.75 judge 0.05 0.7143 s
67 0.25 judge 0.3 1.3934 s
67 0.5 judge 0.05 4.0487 s
67 0.75 judge 0.3 1.3221 s
68 0.25 judge 0.1 6.9764 s
68 0.5 judge 0.2 2.8317 s
68 0.75 judge 0.15 1.9509 s
69 0.25 judge 0.6 1.8106 s
69 0.5 judge 0.2 5.3447 s
69 0.75 judge 0.3 3.5967 s
71 0.25 judge 0.05 1.2909 s
71 0.5 judge 0.05 1.3733 s
71 0.75 judge 0.15 1.6189 s
72 0.25 judge 0.1 1.0984 s
72 0.5 judge 0.12 0.9837 s
72 0.75 judge 0.85 1.6956 s
73 0.25 judge 0.3 1.4734 s
73 0.5 judge 0.3 1.1934 s
73 0.75 judge 0.12 3.2955 s
74 0.25 judge 0.1 4.4028 s
74 0.5 judge 0.05 5.0784 s
74 0.75 judge 0.1 3.5096 s
75 0.25 judge 0.2 1.5636 s
75 0.5 judge 0.15 4.5396 s
75 0.75 judge 0.1 3.1479 s
77 0.25 judge 0.05 1.3744 s
77 0.5 judge 0.05 1.3467 s
77 0.75 judge 0.05 1.1038 s
78 0.25 judge 0.1 1.0816 s
78 0.5 judge 0.12 0.8472 s
78 0.75 judge 0.85 2.2314 s
79 0.25 judge 0.12 1.3789 s
79 0.5 judge 0.15 1.1074 s
79 0.75 judge 0.2 1.2496 s
80 0.25 judge 0.05 3.2919 s
80 0.5 judge 0.05 3.2386 s
80 0.75 judge 0.05 2.7407 s
81 0.25 judge 0.32 1.6224 s
81 0.5 judge 0.15 3.9436 s
81 0.75 judge 0.15 2.977 s
82 0.25 judge 0.3 2.0971 s
82 0.5 judge 0.1 7.5654 s
82 0.75 judge 0.15 1.6654 s
83 0.25 judge 0.05 1.2016 s
83 0.5 judge 0.05 0.9106 s
83 0.75 judge 0.05 1.4202 s
84 0.25 judge 0.12 1.1441 s
84 0.5 judge 0.1 0.8977 s
84 0.75 judge 0.1 1.4167 s
85 0.25 judge 0.1 1.3251 s
85 0.5 judge 0.12 0.9953 s
85 0.75 judge 0.12 2.779 s
86 0.25 judge 0.05 5.9203 s
86 0.5 judge 0.05 4.7293 s
86 0.75 judge 0.1 5.3908 s
87 0.25 judge 0.15 6.43 s
87 0.5 judge 0.6 3.1068 s
87 0.75 judge 0.12 2.3019 s
89 0.25 judge 0.05 2.019 s
89 0.5 judge 0.05 1.8404 s
89 0.75 judge 0.12 2.1952 s
90 0.25 judge 0.12 1.0925 s
90 0.5 judge 0.05 1.3731 s
90 0.75 judge 0.85 2.6593 s
91 0.25 judge 0.32 1.4872 s
91 0.5 judge 0.2 1.2054 s
91 0.75 judge 0.3 14.9007 s
92 0.25 judge 0.3 1.3464 s
92 0.5 judge 0.15 4.5084 s
92 0.75 judge 0.15 0.7557 s
93 0.25 judge 0.05 6.0538 s
93 0.5 judge 0.12 2.7639 s
93 0.75 judge 0.1 3.5618 s
95 0.25 judge 0.05 1.7901 s
95 0.5 judge 0.05 1.2293 s
95 0.75 judge 0.05 1.2031 s
96 0.25 judge 0.1 1.2365 s
96 0.5 judge 0.05 1.0055 s
96 0.75 judge 0.05 1.8665 s
97 0.25 judge 0.32 1.8745 s
97 0.5 judge 0.32 1.4217 s
97 0.75 judge 0.12 10.1029 s
98 0.25 judge 0.12 2.6442 s
98 0.5 judge 0.3 1.193 s
98 0.75 judge 0.2 2.8153 s
99 0.25 judge 0.15 5.8618 s
99 0.5 judge 0.15 1.8828 s
99 0.75 judge 0.15 4.2261 s
101 0.25 judge 0.05 1.3822 s
101 0.5 judge 0.05 1.502 s
101 0.75 judge 0.12 2.4093 s
102 0.25 judge 0.12 1.0461 s
102 0.5 judge 0.1 1.0741 s
102 0.75 judge 0.05 3.3083 s
103 0.25 judge 0.15 6.16 s
103 0.5 judge 0.12 8.3904 s
103 0.75 judge 0.3 1.2744 s
104 0.25 judge 0.3 1.4454 s
104 0.5 judge 0.1 4.6961 s
104 0.75 judge 0.1 5.2143 s
105 0.25 judge 0.2 1.7992 s
105 0.5 judge 0.15 5.5167 s
105 0.75 judge 0.42 14.5875 s
107 0.25 judge 0.05 1.3862 s
107 0.5 judge 0.05 1.4943 s
107 0.75 judge 0.12 1.6309 s
108 0.25 judge 0.05 1.4192 s
108 0.5 judge 0.05 0.9036 s
108 0.75 judge 0.4 2.0089 s
109 0.25 judge 0.68 1.3884 s
109 0.5 judge 0.12 3.5555 s
109 0.75 judge 0.12 2.3721 s
110 0.25 judge 0.15 4.2397 s
110 0.5 judge 0.6 1.3706 s
110 0.75 judge 0.05 5.8454 s
111 0.25 judge 0.3 1.4348 s
111 0.5 judge 0.15 3.6287 s
111 0.75 judge 0.3 1.3307 s
113 0.25 judge 0.05 0.8974 s
113 0.5 judge 0.05 0.8011 s
113 0.75 judge 0.05 0.8718 s
114 0.25 judge 0.1 1.2182 s
114 0.5 judge 0.07 1.6397 s
114 0.75 judge 0.05 2.44 s
115 0.25 judge 0.32 1.7845 s
115 0.5 judge 0.12 8.4627 s
115 0.75 judge 0.12 4.3489 s
116 0.25 judge 0.1 2.9756 s
116 0.5 judge 0.1 4.5453 s
116 0.75 judge 0.05 3.8743 s
117 0.25 judge 0.15 5.3722 s
117 0.5 judge 0.1 4.9012 s
117 0.75 judge 0.2 2.719 s
119 0.25 judge 0.05 1.6239 s
119 0.5 judge 0.05 0.8638 s
119 0.75 judge 0.05 0.8703 s
120 0.25 judge 0.1 1.0977 s
120 0.5 judge 0.15 1.1573 s
120 0.75 judge 0.1 1.4591 s
121 0.25 judge 0.6 1.5685 s
121 0.5 judge 0.3 1.2568 s
121 0.75 judge 0.15 1.4165 s
122 0.25 judge 0.3 1.9151 s
122 0.5 judge 0.15 5.2394 s
122 0.75 judge 0.1 1.991 s
123 0.25 judge 0.65 1.8511 s
123 0.5 judge 0.15 4.3568 s
123 0.75 judge 0.15 2.6955 s
125 0.25 judge 0.05 1.1367 s
125 0.5 judge 0.12 1.4614 s
125 0.75 judge 0.05 1.126 s
126 0.25 judge 0.1 1.4412 s
126 0.5 judge 0.05 1.4564 s
126 0.75 judge 0.85 1.9597 s
127 0.25 judge 0.12 1.3459 s
127 0.5 judge 0.05 5.8356 s
127 0.75 judge 0.12 3.2232 s
128 0.25 judge 0.3 1.4925 s
128 0.5 judge 0.1 3.8979 s
128 0.75 judge 0.1 5.0382 s
129 0.25 judge 0.32 1.5858 s
129 0.5 judge 0.15 7.4036 s
129 0.75 judge 0.15 2.9013 s
130 0.25 judge 0.4 2.4972 s
130 0.5 judge 0.42 1.9063 s
130 0.75 judge 0.12 6.5833 s
131 0.25 judge 0.05 1.3418 s
131 0.5 judge 0.05 1.0472 s
131 0.75 judge 0.05 0.9032 s
132 0.25 judge 0.1 1.1724 s
132 0.5 judge 0.15 1.063 s
132 0.75 judge 0.05 1.333 s
133 0.25 judge 0.7 1.4274 s
133 0.5 judge 0.3 1.3066 s
133 0.75 judge 0.8 12.9606 s
134 0.25 judge 0.2 1.3969 s
134 0.5 judge 0.1 2.6776 s
134 0.75 judge 0.1 4.5231 s
135 0.25 judge 0.3 6.7035 s
135 0.5 judge 0.2 3.7785 s
135 0.75 judge 0.2 2.5564 s
137 0.25 judge 0.05 1.3104 s
137 0.5 judge 0.05 1.2601 s
137 0.75 judge 0.05 1.2031 s
138 0.25 judge 0.05 1.421 s
138 0.5 judge 0.05 0.8966 s
138 0.75 judge 0.8 1.7884 s
139 0.25 judge 0.15 7.4451 s
139 0.5 judge 0.3 1.4485 s
139 0.75 judge 0.15 1.1974 s
140 0.25 judge 0.1 3.3911 s
140 0.5 judge 0.05 4.6538 s
140 0.75 judge 0.1 4.8528 s
141 0.25 judge 0.42 1.5748 s
141 0.5 judge 0.15 4.0239 s
141 0.75 judge 0.15 2.6632 s
142 0.25 judge 0.15 15.2836 s
142 0.5 judge 0.15 13.7662 s
142 0.75 judge 0.12 5.9282 s
143 0.25 judge 0.05 1.3179 s
143 0.5 judge 0.05 1.0466 s
143 0.75 judge 0.05 0.7726 s
144 0.25 judge 0.12 1.5474 s
144 0.5 judge 0.1 0.9612 s
144 0.75 judge 0.85 2.1553 s
145 0.25 judge 0.3 1.5569 s
145 0.5 judge 0.32 1.2613 s
145 0.75 judge 0.05 2.6921 s
146 0.25 judge 0.3 1.5171 s
146 0.5 judge 0.1 2.546 s
146 0.75 judge 0.1 3.1979 s
147 0.25 judge 0.15 6.6014 s
147 0.5 judge 0.15 9.3766 s
147 0.75 judge 0.3 7.6694 s
148 0.25 judge 0.3 2.3728 s
148 0.5 judge 0.1 4.7769 s
148 0.75 judge 0.15 9.214 s
149 0.25 judge 0.05 1.324 s
149 0.5 judge 0.05 1.2233 s
149 0.75 judge 0.05 1.1531 s
150 0.25 judge 0.12 1.3992 s
150 0.5 judge 0.1 1.4461 s
150 0.75 judge 0.7 2.4467 s
151 0.25 judge 0.12 10.14 s
151 0.5 judge 0.12 5.5604 s
151 0.75 judge 0.15 2.4605 s
152 0.25 judge 0.15 3.5165 s
152 0.5 judge 0.1 5.4274 s
152 0.75 judge 0.05 4.3509 s
153 0.25 judge 0.32 1.5002 s
153 0.5 judge 0.15 5.5249 s
153 0.75 judge 0.15 3.7024 s
155 0.25 judge 0.12 1.3832 s
155 0.5 judge 0.05 1.0965 s
155 0.75 judge 0.05 0.7839 s
156 0.25 judge 0.05 1.483 s
156 0.5 judge 0.05 1.4836 s
156 0.75 judge 0.85 1.7715 s
157 0.25 judge 0.15 8.2099 s
157 0.5 judge 0.1 7.9063 s
157 0.75 judge 0.12 15.0453 s
158 0.25 judge 0.1 2.6307 s
158 0.5 judge 0.1 1.6394 s
158 0.75 judge 0.1 1.3228 s
159 0.25 judge 0.3 1.6483 s
159 0.5 judge 0.15 4.2796 s
159 0.75 judge 0.12 2.9425 s
160 0.25 judge 0.45 1.9166 s
160 0.5 judge 0.1 11.0494 s
160 0.75 judge 0.15 3.8558 s
161 0.25 judge 0.05 1.4042 s
161 0.5 judge 0.05 1.2538 s
161 0.75 judge 0.05 0.931 s
162 0.25 judge 0.12 0.973 s
162 0.5 judge 0.12 1.1488 s
162 0.75 judge 0.42 3.6255 s
163 0.25 judge 0.12 7.556 s
163 0.5 judge 0.15 1.6142 s
163 0.75 judge 0.1 5.0464 s
164 0.25 judge 0.3 1.4517 s
164 0.5 judge 0.15 4.8651 s
164 0.75 judge 0.12 4.4341 s
165 0.25 judge 0.3 1.5786 s
165 0.5 judge 0.2 4.1669 s
165 0.75 judge 0.1 7.3171 s
167 0.25 judge 0.05 1.2758 s
167 0.5 judge 0.07 1.2407 s
167 0.75 judge 0.05 1.9118 s
168 0.25 judge 0.12 1.0865 s
168 0.5 judge 0.15 1.0255 s
168 0.75 judge 0.1 1.6597 s
169 0.25 judge 0.12 7.7837 s
169 0.5 judge 0.42 1.3428 s
169 0.75 judge 0.12 6.8662 s
170 0.25 judge 0.3 1.5283 s
170 0.5 judge 0.05 3.7563 s
170 0.75 judge 0.05 2.4926 s
171 0.25 judge 0.3 1.5671 s
171 0.5 judge 0.15 4.6677 s
171 0.75 judge 0.3 5.321 s
172 0.25 judge 0.3 1.8356 s
172 0.5 judge 0.15 10.6164 s
172 0.75 judge 0.15 4.2013 s
173 0.25 judge 0.05 0.984 s
173 0.5 judge 0.05 0.9985 s
173 0.75 judge 0.05 0.9314 s
174 0.25 judge 0.05 1.0076 s
174 0.5 judge 0.12 1.5761 s
174 0.75 judge 0.85 1.7915 s
175 0.25 judge 0.6 1.336 s
175 0.5 judge 0.05 3.3719 s
175 0.75 judge 0.2 1.4897 s
176 0.25 judge 0.4 1.3098 s
176 0.5 judge 0.1 3.0689 s
176 0.75 judge 0.15 0.743 s
177 0.25 judge 0.15 6.0857 s
177 0.5 judge 0.12 4.1057 s
177 0.75 judge 0.15 2.66 s
178 0.25 judge 0.32 1.5836 s
178 0.5 judge 0.3 1.626 s
178 0.75 judge 0.15 3.6001 s
179 0.25 judge 0.05 1.3979 s
179 0.5 judge 0.05 1.2319 s
179 0.75 judge 0.05 0.816 s
180 0.25 judge 0.05 1.2053 s
180 0.5 judge 0.05 0.9644 s
180 0.75 judge 0.05 0.9343 s
181 0.25 judge 0.1 8.5438 s
181 0.5 judge 0.12 4.1566 s
181 0.75 judge 0.15 1.4754 s
182 0.25 judge 0.2 1.3622 s
182 0.5 judge 0.12 1.0004 s
182 0.75 judge 0.1 5.1496 s
183 0.25 judge 0.12 5.9598 s
183 0.5 judge 0.12 2.1063 s
183 0.75 judge 0.15 1.2104 s
184 0.25 judge 0.7 1.648 s
184 0.5 judge 0.45 1.621 s
184 0.75 judge 0.1 4.2558 s
185 0.25 judge 0.05 1.4113 s
185 0.5 judge 0.05 1.9709 s
185 0.75 judge 0.12 1.8396 s
186 0.25 judge 0.05 1.6085 s
186 0.5 judge 0.05 1.1043 s
186 0.75 judge 0.05 0.9562 s
187 0.25 judge 0.45 1.6325 s
187 0.5 judge 0.12 6.2339 s
187 0.75 judge 0.1 3.0955 s
188 0.25 judge 0.3 1.3024 s
188 0.5 judge 0.1 2.7519 s
188 0.75 judge 0.05 2.4307 s
189 0.25 judge 0.6 1.4845 s
189 0.5 judge 0.15 7.9718 s
189 0.75 judge 0.15 3.9661 s
191 0.25 judge 0.1 1.462 s
191 0.5 judge 0.05 1.0992 s
191 0.75 judge 0.05 1.1402 s
192 0.25 judge 0.12 1.5351 s
192 0.5 judge 0.05 1.5181 s
192 0.75 judge 0.7 1.7668 s
193 0.25 judge 0.15 5.6601 s
193 0.5 judge 0.3 1.6999 s
193 0.75 judge 0.12 3.4841 s
194 0.25 judge 0.3 1.4728 s
194 0.5 judge 0.15 1.1285 s
194 0.75 judge 0.15 1.1298 s
195 0.25 judge 0.3 1.7264 s
195 0.5 judge 0.12 4.3577 s
195 0.75 judge 0.15 3.3047 s
196 0.25 judge 0.15 9.7811 s
196 0.5 judge 0.1 6.1697 s
196 0.75 judge 0.15 1.7218 s
197 0.25 judge 0.05 1.5716 s
197 0.5 judge 0.05 1.8817 s
197 0.75 judge 0.05 1.0927 s
198 0.25 judge 0.1 1.0844 s
198 0.5 judge 0.1 1.0151 s
198 0.75 judge 0.1 1.5539 s
199 0.25 judge 0.32 1.4553 s
199 0.5 judge 0.32 1.2321 s
199 0.75 judge 0.15 1.3575 s
200 0.25 judge 0.12 1.2521 s
200 0.5 judge 0.1 6.3985 s
200 0.75 judge 0.15 4.8267 s
201 0.25 judge 0.15 9.6267 s
201 0.5 judge 0.12 3.9091 s
201 0.75 judge 0.15 2.7012 s
203 0.25 judge 0.05 1.014 s
203 0.5 judge 0.05 1.2689 s
203 0.75 judge 0.05 0.8941 s
204 0.25 judge 0.05 1.5096 s
204 0.5 judge 0.1 0.9711 s
204 0.75 judge 0.05 1.496 s
205 0.25 judge 0.05 4.6079 s
205 0.5 judge 0.12 3.3242 s
205 0.75 judge 0.12 3.411 s
206 0.25 judge 0.3 1.3594 s
206 0.5 judge 0.05 3.0453 s
206 0.75 judge 0.05 3.6652 s
207 0.25 judge 0.3 2.0327 s
207 0.5 judge 0.15 5.0847 s
207 0.75 judge 0.12 2.9331 s
208 0.25 judge 0.3 3.2705 s
208 0.5 judge 0.2 1.73 s
208 0.75 judge 0.1 3.5009 s
209 0.25 judge 0.05 1.5704 s
209 0.5 judge 0.05 2.4814 s
209 0.75 judge 0.12 2.1291 s
210 0.25 judge 0.1 1.1072 s
210 0.5 judge 0.1 0.9588 s
210 0.75 judge 0.05 0.9709 s
211 0.25 judge 0.68 1.7555 s
211 0.5 judge 0.7 1.4079 s
211 0.75 judge 0.12 6.2523 s
212 0.25 judge 0.12 1.4224 s
212 0.5 judge 0.05 2.4943 s
212 0.75 judge 0.05 2.4437 s
213 0.25 judge 0.15 14.8421 s
213 0.5 judge 0.15 8.6197 s
213 0.75 judge 0.3 1.5787 s
215 0.25 judge 0.05 1.2198 s
215 0.5 judge 0.05 0.8045 s
215 0.75 judge 0.05 0.3717 s
216 0.25 judge 0.1 1.0551 s
216 0.5 judge 0.1 1.0193 s
216 0.75 judge 0.05 1.5184 s
217 0.25 judge 0.05 6.8884 s
217 0.5 judge 0.05 3.8471 s
217 0.75 judge 0.15 1.5325 s
218 0.25 judge 0.1 3.2687 s
218 0.5 judge 0.3 1.2593 s
218 0.75 judge 0.1 5.2708 s
219 0.25 judge 0.2 1.4815 s
219 0.5 judge 0.3 1.5452 s
219 0.75 judge 0.15 2.5187 s
221 0.25 judge 0.12 1.4331 s
221 0.5 judge 0.05 1.178 s
221 0.75 judge 0.15 2.216 s
222 0.25 judge 0.12 0.9976 s
222 0.5 judge 0.12 0.8763 s
222 0.75 judge 0.85 1.5059 s
223 0.25 judge 0.12 6.8997 s
223 0.5 judge 0.3 1.3764 s
223 0.75 judge 0.15 4.0193 s
224 0.25 judge 0.15 2.7203 s
224 0.5 judge 0.05 3.7481 s
224 0.75 judge 0.05 3.9112 s
225 0.25 judge 0.3 1.6765 s
225 0.5 judge 0.3 1.3976 s
225 0.75 judge 0.12 2.3177 s
226 0.25 judge 0.45 1.5959 s
226 0.5 judge 0.1 3.8864 s
226 0.75 judge 0.1 3.2671 s
227 0.25 judge 0.05 1.3156 s
227 0.5 judge 0.05 1.385 s
227 0.75 judge 0.05 0.3715 s
228 0.25 judge 0.12 1.3839 s
228 0.5 judge 0.1 0.9226 s
228 0.75 judge 0.82 1.6705 s
229 0.25 judge 0.4 1.5321 s
229 0.5 judge 0.3 1.3723 s
229 0.75 judge 0.15 6.6875 s
230 0.25 judge 0.05 4.2866 s
230 0.5 judge 0.12 1.0178 s
230 0.75 judge 0.12 1.6768 s
231 0.25 judge 0.15 6.0265 s
231 0.5 judge 0.45 1.4098 s
231 0.75 judge 0.7 1.3462 s
233 0.25 judge 0.05 1.1925 s
233 0.5 judge 0.05 1.1538 s
233 0.75 judge 0.12 1.6724 s
234 0.25 judge 0.1 1.0789 s
234 0.5 judge 0.1 0.8961 s
234 0.75 judge 0.12 0.8834 s
235 0.25 judge 0.12 8.4524 s
235 0.5 judge 0.12 6.6028 s
235 0.75 judge 0.12 4.7324 s
236 0.25 judge 0.3 1.3695 s
236 0.5 judge 0.1 5.7032 s
236 0.75 judge 0.15 4.9646 s
237 0.25 judge 0.2 6.3363 s
237 0.5 judge 0.65 2.152 s
237 0.75 judge 0.15 3.3705 s
238 0.25 judge 0.3 2.0695 s
238 0.5 judge 0.1 9.1053 s
238 0.75 judge 0.1 5.8801 s
239 0.25 judge 0.05 1.3648 s
239 0.5 judge 0.05 1.3017 s
239 0.75 judge 0.12 2.0396 s
DONE judge
