0 0.25 selfcons 0.0 0.8418 s
0 0.5 selfcons 0.0 0.6815 s
0 0.75 selfcons 0.0 0.5713 s
1 0.25 selfcons 0.0 6.2266 s
1 0.5 selfcons 0.0 4.2694 s
1 0.75 selfcons 0.0 6.187 s
2 0.25 selfcons 0.0 2.2513 s
2 0.5 selfcons 0.0 1.9366 s
2 0.75 selfcons 1.0 0.9793 s
3 0.25 selfcons 1.0 6.5737 s
3 0.5 selfcons 1.0 5.0818 s
3 0.75 selfcons 0.0 3.6897 s
4 0.25 selfcons 0.0 9.9555 s
4 0.5 selfcons 0.0 7.9191 s
4 0.75 selfcons 0.0 5.7308 s
5 0.25 selfcons 0.0 1.0245 s
5 0.5 selfcons 0.0 0.994 s
5 0.75 selfcons 0.0 0.65 s
6 0.25 selfcons 0.0 1.1807 s
6 0.5 selfcons 0.0 1.0899 s
6 0.75 selfcons 0.0 0.8901 s
7 0.25 selfcons 0.0 6.6339 s
7 0.5 selfcons 1.0 9.1746 s
7 0.75 selfcons 0.0 2.8645 s
8 0.25 selfcons 0.0 2.9218 s
8 0.5 selfcons 0.0 2.6918 s
8 0.75 selfcons 0.0 2.0208 s
9 0.25 selfcons 0.0 12.871 s
9 0.5 selfcons 0.0 8.1156 s
9 0.75 selfcons 0.0 6.1411 s
11 0.25 selfcons 0.0 1.1843 s
11 0.5 selfcons 0.0 0.9084 s
11 0.75 selfcons 0.0 0.7438 s
12 0.25 selfcons 0.0 1.0741 s
12 0.5 selfcons 0.0 0.9651 s
12 0.75 selfcons 0.0 0.7592 s
13 0.25 selfcons 0.0 6.4843 s
13 0.5 selfcons 1.0 4.3182 s
13 0.75 selfcons 0.0 2.3579 s
14 0.25 selfcons 1.0 1.9816 s
14 0.5 selfcons 0.0 1.6766 s
14 0.75 selfcons 1.0 5.1459 s
15 0.25 selfcons 1.0 6.5722 s
15 0.5 selfcons 1.0 6.8472 s
15 0.75 selfcons 1.0 5.0915 s
17 0.25 selfcons 0.0 1.1424 s
17 0.5 selfcons 0.0 0.854 s
17 0.75 selfcons 0.0 0.6784 s
18 0.25 selfcons 0.0 0.9924 s
18 0.5 selfcons 0.0 0.8747 s
18 0.75 selfcons 0.0 0.7559 s
19 0.25 selfcons 0.0 6.3271 s
19 0.5 selfcons 0.0 4.5233 s
19 0.75 selfcons 0.0 2.782 s
20 0.25 selfcons 0.0 2.558 s
20 0.5 selfcons 0.0 2.0807 s
20 0.75 selfcons 0.0 1.5602 s
21 0.25 selfcons 0.0 5.3005 s
21 0.5 selfcons 0.0 3.5065 s
21 0.75 selfcons 0.0 2.5384 s
22 0.25 selfcons 0.0 21.7303 s
22 0.5 selfcons 1.0 16.0239 s
22 0.75 selfcons 1.0 7.527 s
23 0.25 selfcons 0.0 1.2599 s
23 0.5 selfcons 0.0 0.8826 s
23 0.75 selfcons 0.0 0.6786 s
24 0.25 selfcons 0.0 0.9727 s
24 0.5 selfcons 0.0 0.8549 s
24 0.75 selfcons 0.0 0.7843 s
25 0.25 selfcons 1.0 12.9098 s
25 0.5 selfcons 0.0 5.3784 s
25 0.75 selfcons 0.0 5.3559 s
26 0.25 selfcons 0.0 2.9152 s
26 0.5 selfcons 0.0 2.1102 s
26 0.75 selfcons 0.0 2.0128 s
27 0.25 selfcons 0.0 8.0041 s
27 0.5 selfcons 0.0 4.6924 s
27 0.75 selfcons 0.0 3.2573 s
29 0.25 selfcons 0.0 1.1707 s
29 0.5 selfcons 0.0 0.9458 s
29 0.75 selfcons 0.0 0.7549 s
30 0.25 selfcons 0.0 0.807 s
30 0.5 selfcons 0.0 0.7463 s
30 0.75 selfcons 0.0 0.6817 s
31 0.25 selfcons 0.0 5.2605 s
31 0.5 selfcons 0.0 3.699 s
31 0.75 selfcons 0.0 2.3718 s
32 0.25 selfcons 0.0 2.0964 s
32 0.5 selfcons 0.0 4.7251 s
32 0.75 selfcons 0.0 1.3293 s
33 0.25 selfcons 0.0 6.6561 s
33 0.5 selfcons 0.0 4.3967 s
33 0.75 selfcons 0.0 2.5411 s
34 0.25 selfcons 0.0 12.0453 s
34 0.5 selfcons 0.0 8.7159 s
34 0.75 selfcons 0.0 5.042 s
35 0.25 selfcons 0.0 1.2732 s
35 0.5 selfcons 0.0 0.9646 s
35 0.75 selfcons 0.0 0.7719 s
36 0.25 selfcons 0.0 1.337 s
36 0.5 selfcons 0.0 1.3351 s
36 0.75 selfcons 0.0 1.0108 s
37 0.25 selfcons 0.0 5.0493 s
37 0.5 selfcons 0.0 3.5313 s
37 0.75 selfcons 0.0 2.2855 s
38 0.25 selfcons 0.0 2.4459 s
38 0.5 selfcons 0.0 2.0483 s
38 0.75 selfcons 0.0 1.6591 s
39 0.25 selfcons 0.0 6.1398 s
39 0.5 selfcons 0.0 4.1519 s
39 0.75 selfcons 0.0 2.9012 s
41 0.25 selfcons 0.0 0.9349 s
41 0.5 selfcons 0.0 0.8359 s
41 0.75 selfcons 0.0 0.6725 s
42 0.25 selfcons 0.0 0.7743 s
42 0.5 selfcons 0.0 0.7937 s
42 0.75 selfcons 0.0 0.6433 s
43 0.25 selfcons 0.0 3.2274 s
43 0.5 selfcons 0.0 2.9077 s
43 0.75 selfcons 0.0 1.8389 s
44 0.25 selfcons 0.0 3.3461 s
44 0.5 selfcons 0.0 2.7749 s
44 0.75 selfcons 0.0 3.4143 s
45 0.25 selfcons 0.0 6.4162 s
45 0.5 selfcons 0.0 3.4964 s
45 0.75 selfcons 0.0 2.9064 s
47 0.25 selfcons 0.0 1.0604 s
47 0.5 selfcons 0.0 0.9246 s
47 0.75 selfcons 0.0 0.7456 s
48 0.25 selfcons 0.0 1.1202 s
48 0.5 selfcons 0.0 0.9743 s
48 0.75 selfcons 0.0 0.8139 s
49 0.25 selfcons 0.0 3.7592 s
49 0.5 selfcons 0.0 3.3538 s
49 0.75 selfcons 0.0 1.9355 s
50 0.25 selfcons 0.0 1.4483 s
50 0.5 selfcons 0.0 1.272 s
50 0.75 selfcons 0.0 0.9524 s
51 0.25 selfcons 1.0 6.3719 s
51 0.5 selfcons 0.0 4.7431 s
51 0.75 selfcons 0.0 3.1343 s
53 0.25 selfcons 0.0 1.0525 s
53 0.5 selfcons 0.0 0.8176 s
53 0.75 selfcons 0.0 0.6692 s
54 0.25 selfcons 0.0 0.7715 s
54 0.5 selfcons 0.0 0.6999 s
54 0.75 selfcons 0.0 0.6357 s
55 0.25 selfcons 0.0 6.4506 s
55 0.5 selfcons 0.0 4.3588 s
55 0.75 selfcons 0.0 2.9122 s
56 0.25 selfcons 0.0 3.1031 s
56 0.5 selfcons 0.0 3.8114 s
56 0.75 selfcons 0.0 2.5576 s
57 0.25 selfcons 0.0 7.0782 s
57 0.5 selfcons 0.0 4.7885 s
57 0.75 selfcons 0.0 3.1957 s
58 0.25 selfcons 0.0 15.3804 s
58 0.5 selfcons 0.0 10.6058 s
58 0.75 selfcons 0.0 5.6772 s
59 0.25 selfcons 0.0 1.1903 s
59 0.5 selfcons 0.0 0.9615 s
59 0.75 selfcons 0.0 0.7003 s
60 0.25 selfcons 0.0 1.0114 s
60 0.5 selfcons 0.0 0.9345 s
60 0.75 selfcons 0.0 0.7373 s
61 0.25 selfcons 0.0 5.4466 s
61 0.5 selfcons 0.0 1.9716 s
61 0.75 selfcons 0.0 2.8581 s
62 0.25 selfcons 0.0 4.5692 s
62 0.5 selfcons 0.0 2.1938 s
62 0.75 selfcons 0.0 4.9371 s
63 0.25 selfcons 0.0 6.6845 s
63 0.5 selfcons 0.0 4.3788 s
63 0.75 selfcons 0.0 2.785 s
64 0.25 selfcons 1.0 18.697 s
64 0.5 selfcons 0.0 18.4873 s
64 0.75 selfcons 0.0 6.7109 s
65 0.25 selfcons 0.0 1.1799 s
65 0.5 selfcons 0.0 0.9223 s
65 0.75 selfcons 0.0 0.6943 s
66 0.25 selfcons 0.0 0.7908 s
66 0.5 selfcons 0.0 0.689 s
66 0.75 selfcons 0.0 0.6224 s
67 0.25 selfcons 1.0 4.5498 s
67 0.5 selfcons 1.0 4.0917 s
67 0.75 selfcons 0.0 2.3695 s
68 0.25 selfcons 0.0 2.5309 s
68 0.5 selfcons 0.0 1.8578 s
68 0.75 selfcons 0.0 2.1728 s
69 0.25 selfcons 0.0 6.4363 s
69 0.5 selfcons 0.0 5.0928 s
69 0.75 selfcons 0.0 3.0547 s
71 0.25 selfcons 0.0 1.2077 s
71 0.5 selfcons 0.0 0.9991 s
71 0.75 selfcons 0.0 0.8048 s
72 0.25 selfcons 0.0 1.3263 s
72 0.5 selfcons 0.0 0.9733 s
72 0.75 selfcons 0.0 0.8485 s
73 0.25 selfcons 0.0 10.4616 s
73 0.5 selfcons 0.0 3.9612 s
73 0.75 selfcons 0.0 2.6494 s
74 0.25 selfcons 0.0 2.5925 s
74 0.5 selfcons 0.0 1.7865 s
74 0.75 selfcons 0.0 1.096 s
75 0.25 selfcons 0.0 6.1124 s
75 0.5 selfcons 0.0 4.579 s
75 0.75 selfcons 0.0 3.0404 s
77 0.25 selfcons 0.0 1.1159 s
77 0.5 selfcons 0.0 0.9693 s
77 0.75 selfcons 0.0 0.7241 s
78 0.25 selfcons 0.0 1.0162 s
78 0.5 selfcons 0.0 0.8992 s
78 0.75 selfcons 0.0 0.7731 s
79 0.25 selfcons 0.0 4.9413 s
79 0.5 selfcons 0.0 4.0922 s
79 0.75 selfcons 0.0 2.8964 s
80 0.25 selfcons 0.0 3.6524 s
80 0.5 selfcons 0.0 2.2009 s
80 0.75 selfcons 0.0 2.601 s
81 0.25 selfcons 0.0 6.5251 s
81 0.5 selfcons 0.0 5.1273 s
81 0.75 selfcons 0.0 3.0607 s
82 0.25 selfcons 0.0 15.7344 s
82 0.5 selfcons 1.0 17.5812 s
82 0.75 selfcons 0.0 5.8831 s
83 0.25 selfcons 0.0 1.0156 s
83 0.5 selfcons 0.0 0.8821 s
83 0.75 selfcons 0.0 0.7091 s
84 0.25 selfcons 0.0 1.1812 s
84 0.5 selfcons 0.0 1.1516 s
84 0.75 selfcons 0.0 0.9107 s
85 0.25 selfcons 0.0 2.3787 s
85 0.5 selfcons 0.0 2.1577 s
85 0.75 selfcons 0.0 1.4429 s
86 0.25 selfcons 0.0 5.2445 s
86 0.5 selfcons 0.0 3.4354 s
86 0.75 selfcons 0.0 1.5932 s
87 0.25 selfcons 0.0 6.8104 s
87 0.5 selfcons 0.0 4.0964 s
87 0.75 selfcons 0.0 2.6743 s
89 0.25 selfcons 0.0 1.0499 s
89 0.5 selfcons 0.0 0.9299 s
89 0.75 selfcons 0.0 0.8273 s
90 0.25 selfcons 0.0 1.0668 s
90 0.5 selfcons 0.0 0.8662 s
90 0.75 selfcons 0.0 0.7253 s
91 0.25 selfcons 0.0 4.4244 s
91 0.5 selfcons 0.0 3.4373 s
91 0.75 selfcons 0.0 2.2333 s
92 0.25 selfcons 0.0 4.9159 s
92 0.5 selfcons 0.0 2.0571 s
92 0.75 selfcons 0.0 1.4659 s
93 0.25 selfcons 1.0 7.0126 s
93 0.5 selfcons 0.0 4.1005 s
93 0.75 selfcons 0.0 1.6688 s
95 0.25 selfcons 0.0 0.8516 s
95 0.5 selfcons 0.0 0.7321 s
95 0.75 selfcons 0.0 0.6148 s
96 0.25 selfcons 0.0 1.052 s
96 0.5 selfcons 0.0 0.9078 s
96 0.75 selfcons 0.0 0.797 s
97 0.25 selfcons 0.0 4.6863 s
97 0.5 selfcons 0.0 3.3319 s
97 0.75 selfcons 0.0 2.886 s
98 0.25 selfcons 0.0 3.7272 s
98 0.5 selfcons 1.0 3.7896 s
98 0.75 selfcons 0.0 2.0539 s
99 0.25 selfcons 0.0 6.8203 s
99 0.5 selfcons 0.0 3.9385 s
99 0.75 selfcons 0.0 2.6069 s
101 0.25 selfcons 0.0 1.1211 s
101 0.5 selfcons 0.0 0.9787 s
101 0.75 selfcons 0.0 0.7726 s
102 0.25 selfcons 0.0 1.1761 s
102 0.5 selfcons 0.0 1.1845 s
102 0.75 selfcons 0.0 0.9864 s
103 0.25 selfcons 0.0 4.9778 s
103 0.5 selfcons 0.0 3.2368 s
103 0.75 selfcons 0.0 3.1778 s
104 0.25 selfcons 0.0 4.1624 s
104 0.5 selfcons 0.0 2.6357 s
104 0.75 selfcons 0.0 1.7947 s
105 0.25 selfcons 1.0 6.2406 s
105 0.5 selfcons 1.0 4.2739 s
105 0.75 selfcons 1.0 3.2306 s
107 0.25 selfcons 0.0 1.2393 s
107 0.5 selfcons 0.0 0.9735 s
107 0.75 selfcons 0.0 0.7772 s
108 0.25 selfcons 0.0 1.0018 s
108 0.5 selfcons 0.0 0.8644 s
108 0.75 selfcons 0.0 0.7388 s
109 0.25 selfcons 0.0 8.3707 s
109 0.5 selfcons 0.0 3.8886 s
109 0.75 selfcons 0.0 2.6004 s
110 0.25 selfcons 0.0 3.8675 s
110 0.5 selfcons 0.0 2.1992 s
110 0.75 selfcons 0.0 2.2505 s
111 0.25 selfcons 0.0 5.0827 s
111 0.5 selfcons 0.0 3.8638 s
111 0.75 selfcons 0.0 2.6672 s
113 0.25 selfcons 0.0 0.981 s
113 0.5 selfcons 0.0 0.9322 s
113 0.75 selfcons 0.0 0.7316 s
114 0.25 selfcons 0.0 1.1351 s
114 0.5 selfcons 0.0 0.9923 s
114 0.75 selfcons 0.0 0.8298 s
115 0.25 selfcons 0.0 4.4887 s
115 0.5 selfcons 0.0 3.7475 s
115 0.75 selfcons 0.0 1.9758 s
116 0.25 selfcons 0.0 2.3639 s
116 0.5 selfcons 0.0 2.0221 s
116 0.75 selfcons 0.0 1.3103 s
117 0.25 selfcons 0.0 6.6124 s
117 0.5 selfcons 0.0 6.8321 s
117 0.75 selfcons 0.0 4.132 s
119 0.25 selfcons 0.0 1.0157 s
119 0.5 selfcons 0.0 0.8627 s
119 0.75 selfcons 0.0 0.6786 s
120 0.25 selfcons 0.0 1.0416 s
120 0.5 selfcons 0.0 1.0847 s
120 0.75 selfcons 0.0 0.8544 s
121 0.25 selfcons 0.0 7.7665 s
121 0.5 selfcons 0.0 4.2139 s
121 0.75 selfcons 0.0 3.1873 s
122 0.25 selfcons 0.0 4.7023 s
122 0.5 selfcons 0.0 3.1359 s
122 0.75 selfcons 0.0 1.5477 s
123 0.25 selfcons 0.0 6.5643 s
123 0.5 selfcons 0.0 4.7872 s
123 0.75 selfcons 0.0 2.6002 s
125 0.25 selfcons 0.0 1.0674 s
125 0.5 selfcons 0.0 1.0138 s
125 0.75 selfcons 0.0 0.8555 s
126 0.25 selfcons 0.0 1.0892 s
126 0.5 selfcons 0.0 0.9048 s
126 0.75 selfcons 0.0 0.7894 s
127 0.25 selfcons 0.0 5.4932 s
127 0.5 selfcons 0.0 4.5594 s
127 0.75 selfcons 0.0 2.9653 s
128 0.25 selfcons 0.0 4.3952 s
128 0.5 selfcons 0.0 5.0174 s
128 0.75 selfcons 0.0 1.8629 s
129 0.25 selfcons 0.0 6.4206 s
129 0.5 selfcons 0.0 4.9733 s
129 0.75 selfcons 0.0 3.041 s
130 0.25 selfcons 1.0 21.7208 s
130 0.5 selfcons 1.0 12.0948 s
130 0.75 selfcons 0.0 7.4652 s
131 0.25 selfcons 0.0 1.1915 s
131 0.5 selfcons 0.0 0.8546 s
131 0.75 selfcons 0.0 0.699 s
132 0.25 selfcons 0.0 1.1481 s
132 0.5 selfcons 0.0 1.1582 s
132 0.75 selfcons 0.0 0.842 s
133 0.25 selfcons 0.0 6.8802 s
133 0.5 selfcons 0.0 4.4109 s
133 0.75 selfcons 0.0 2.786 s
134 0.25 selfcons 0.0 4.2119 s
134 0.5 selfcons 0.0 1.8565 s
134 0.75 selfcons 0.0 1.1066 s
135 0.25 selfcons 1.0 6.0315 s
135 0.5 selfcons 0.0 3.9813 s
135 0.75 selfcons 0.0 2.7285 s
137 0.25 selfcons 0.0 1.1226 s
137 0.5 selfcons 0.0 0.9086 s
137 0.75 selfcons 0.0 0.7543 s
138 0.25 selfcons 0.0 0.9848 s
138 0.5 selfcons 0.0 0.8959 s
138 0.75 selfcons 0.0 0.7668 s
139 0.25 selfcons 0.0 6.6964 s
139 0.5 selfcons 0.0 4.2583 s
139 0.75 selfcons 0.0 2.2988 s
140 0.25 selfcons 0.0 5.3847 s
140 0.5 selfcons 0.0 3.6188 s
140 0.75 selfcons 0.0 1.982 s
141 0.25 selfcons 1.0 6.7632 s
141 0.5 selfcons 0.0 4.46 s
141 0.75 selfcons 0.0 2.9428 s
142 0.25 selfcons 0.0 17.384 s
142 0.5 selfcons 0.0 13.4761 s
142 0.75 selfcons 0.0 7.1909 s
143 0.25 selfcons 0.0 1.7088 s
143 0.5 selfcons 0.0 0.9231 s
143 0.75 selfcons 0.0 0.6795 s
144 0.25 selfcons 0.0 1.0624 s
144 0.5 selfcons 0.0 0.9574 s
144 0.75 selfcons 0.0 0.8024 s
145 0.25 selfcons 0.0 6.5881 s
145 0.5 selfcons 0.0 5.1146 s
145 0.75 selfcons 0.0 2.6566 s
146 0.25 selfcons 0.0 2.5082 s
146 0.5 selfcons 0.0 1.7713 s
146 0.75 selfcons 0.0 1.2637 s
147 0.25 selfcons 0.0 9.6732 s
147 0.5 selfcons 0.0 7.6797 s
147 0.75 selfcons 0.0 3.8527 s
148 0.25 selfcons 0.0 7.4972 s
148 0.5 selfcons 0.0 6.1815 s
148 0.75 selfcons 0.0 3.1966 s
149 0.25 selfcons 0.0 1.1481 s
149 0.5 selfcons 0.0 1.0508 s
149 0.75 selfcons 0.0 0.7947 s
150 0.25 selfcons 0.0 1.1494 s
150 0.5 selfcons 0.0 1.1481 s
150 0.75 selfcons 0.0 0.8294 s
151 0.25 selfcons 0.0 7.4769 s
151 0.5 selfcons 0.0 5.8025 s
151 0.75 selfcons 0.0 2.9376 s
152 0.25 selfcons 0.0 3.0699 s
152 0.5 selfcons 0.0 2.4856 s
152 0.75 selfcons 0.0 1.7717 s
153 0.25 selfcons 0.0 6.38 s
153 0.5 selfcons 0.0 5.3365 s
153 0.75 selfcons 0.0 3.7037 s
155 0.25 selfcons 0.0 1.2645 s
155 0.5 selfcons 0.0 0.921 s
155 0.75 selfcons 0.0 0.8309 s
156 0.25 selfcons 0.0 1.559 s
156 0.5 selfcons 0.0 1.01 s
156 0.75 selfcons 0.0 0.7658 s
157 0.25 selfcons 0.0 11.7051 s
157 0.5 selfcons 0.0 10.7484 s
157 0.75 selfcons 0.0 7.598 s
158 0.25 selfcons 0.0 2.8084 s
158 0.5 selfcons 0.0 2.042 s
158 0.75 selfcons 0.0 1.2087 s
159 0.25 selfcons 0.0 6.721 s
159 0.5 selfcons 0.0 4.4579 s
159 0.75 selfcons 0.0 3.2281 s
160 0.25 selfcons 1.0 14.8072 s
160 0.5 selfcons 1.0 10.5469 s
160 0.75 selfcons 0.0 8.4294 s
161 0.25 selfcons 0.0 1.3604 s
161 0.5 selfcons 0.0 0.8683 s
161 0.75 selfcons 0.0 0.7604 s
162 0.25 selfcons 0.0 1.1088 s
162 0.5 selfcons 0.0 0.8467 s
162 0.75 selfcons 0.0 0.7341 s
163 0.25 selfcons 0.0 8.8165 s
163 0.5 selfcons 0.0 4.4444 s
163 0.75 selfcons 0.0 3.7332 s
164 0.25 selfcons 0.0 4.2356 s
164 0.5 selfcons 0.0 8.5555 s
164 0.75 selfcons 0.0 1.9049 s
165 0.25 selfcons 0.0 4.993 s
165 0.5 selfcons 0.0 4.2024 s
165 0.75 selfcons 0.0 2.7883 s
167 0.25 selfcons 0.0 1.1659 s
167 0.5 selfcons 0.0 0.899 s
167 0.75 selfcons 0.0 0.6968 s
168 0.25 selfcons 0.0 2.2359 s
168 0.5 selfcons 0.0 2.1057 s
168 0.75 selfcons 0.0 0.9747 s
169 0.25 selfcons 0.0 6.4064 s
169 0.5 selfcons 0.0 4.5046 s
169 0.75 selfcons 0.0 3.0389 s
170 0.25 selfcons 0.0 1.9729 s
170 0.5 selfcons 0.0 1.827 s
170 0.75 selfcons 0.0 1.1723 s
171 0.25 selfcons 0.0 6.3629 s
171 0.5 selfcons 0.0 5.1679 s
171 0.75 selfcons 0.0 2.8924 s
172 0.25 selfcons 0.0 12.3212 s
172 0.5 selfcons 0.0 7.3911 s
172 0.75 selfcons 0.0 5.2061 s
173 0.25 selfcons 0.0 1.2932 s
173 0.5 selfcons 0.0 0.9028 s
173 0.75 selfcons 0.0 0.7025 s
174 0.25 selfcons 0.0 1.007 s
174 0.5 selfcons 0.0 0.9691 s
174 0.75 selfcons 0.0 0.8289 s
175 0.25 selfcons 1.0 5.221 s
175 0.5 selfcons 0.0 4.2302 s
175 0.75 selfcons 0.0 2.3767 s
176 0.25 selfcons 1.0 2.6588 s
176 0.5 selfcons 0.0 2.1462 s
176 0.75 selfcons 1.0 1.687 s
177 0.25 selfcons 0.0 6.5073 s
177 0.5 selfcons 0.0 4.2485 s
177 0.75 selfcons 0.0 3.5533 s
178 0.25 selfcons 0.0 14.1403 s
178 0.5 selfcons 1.0 15.2155 s
178 0.75 selfcons 0.0 4.5002 s
179 0.25 selfcons 0.0 1.1796 s
179 0.5 selfcons 0.0 0.9689 s
179 0.75 selfcons 0.0 0.749 s
180 0.25 selfcons 0.0 0.9725 s
180 0.5 selfcons 0.0 0.9078 s
180 0.75 selfcons 0.0 0.8111 s
181 0.25 selfcons 0.0 4.7888 s
181 0.5 selfcons 0.0 3.5269 s
181 0.75 selfcons 0.0 2.2843 s
182 0.25 selfcons 0.0 3.0237 s
182 0.5 selfcons 0.0 2.1995 s
182 0.75 selfcons 0.0 1.5115 s
183 0.25 selfcons 1.0 6.4906 s
183 0.5 selfcons 1.0 5.871 s
183 0.75 selfcons 0.0 1.8053 s
184 0.25 selfcons 0.0 16.1885 s
184 0.5 selfcons 0.0 11.1829 s
184 0.75 selfcons 0.0 6.3895 s
185 0.25 selfcons 0.0 1.3961 s
185 0.5 selfcons 0.0 0.9535 s
185 0.75 selfcons 0.0 0.7589 s
186 0.25 selfcons 0.0 1.0828 s
186 0.5 selfcons 0.0 1.0277 s
186 0.75 selfcons 0.0 0.8652 s
187 0.25 selfcons 0.0 5.1289 s
187 0.5 selfcons 0.0 6.4633 s
187 0.75 selfcons 0.0 2.7205 s
188 0.25 selfcons 0.0 2.5051 s
188 0.5 selfcons 0.0 1.7142 s
188 0.75 selfcons 0.0 1.617 s
189 0.25 selfcons 0.0 6.7812 s
189 0.5 selfcons 0.0 4.6065 s
189 0.75 selfcons 0.0 3.1856 s
191 0.25 selfcons 0.0 1.06 s
191 0.5 selfcons 0.0 0.9161 s
191 0.75 selfcons 0.0 0.6954 s
192 0.25 selfcons 0.0 1.1681 s
192 0.5 selfcons 0.0 1.0575 s
192 0.75 selfcons 0.0 0.8027 s
193 0.25 selfcons 0.0 9.0884 s
193 0.5 selfcons 0.0 3.2624 s
193 0.75 selfcons 0.0 1.7313 s
194 0.25 selfcons 0.0 2.3883 s
194 0.5 selfcons 0.0 1.9271 s
194 0.75 selfcons 0.0 1.6125 s
195 0.25 selfcons 0.0 6.3247 s
195 0.5 selfcons 0.0 4.6211 s
195 0.75 selfcons 0.0 2.9225 s
196 0.25 selfcons 0.0 10.1023 s
196 0.5 selfcons 0.0 7.5449 s
196 0.75 selfcons 0.0 4.5243 s
197 0.25 selfcons 0.0 1.2048 s
197 0.5 selfcons 0.0 1.0549 s
197 0.75 selfcons 0.0 0.7835 s
198 0.25 selfcons 0.0 1.086 s
198 0.5 selfcons 0.0 1.0988 s
198 0.75 selfcons 0.0 0.8715 s
199 0.25 selfcons 0.0 3.906 s
199 0.5 selfcons 0.0 2.8251 s
199 0.75 selfcons 0.0 2.7251 s
200 0.25 selfcons 0.0 3.2243 s
200 0.5 selfcons 0.0 3.8563 s
200 0.75 selfcons 0.0 1.4372 s
201 0.25 selfcons 0.0 6.8873 s
201 0.5 selfcons 0.0 5.1999 s
201 0.75 selfcons 0.0 2.9926 s
203 0.25 selfcons 0.0 1.236 s
203 0.5 selfcons 0.0 1.0059 s
203 0.75 selfcons 0.0 0.7821 s
204 0.25 selfcons 0.0 1.1526 s
204 0.5 selfcons 0.0 1.0917 s
204 0.75 selfcons 0.0 0.9187 s
205 0.25 selfcons 0.0 5.5065 s
205 0.5 selfcons 0.0 3.9569 s
205 0.75 selfcons 0.0 2.4299 s
206 0.25 selfcons 0.0 2.7167 s
206 0.5 selfcons 0.0 1.9467 s
206 0.75 selfcons 0.0 1.9267 s
207 0.25 selfcons 0.0 7.0087 s
207 0.5 selfcons 0.0 5.2641 s
207 0.75 selfcons 0.0 2.9035 s
208 0.25 selfcons 0.0 11.3795 s
208 0.5 selfcons 0.0 7.4171 s
208 0.75 selfcons 0.0 5.8333 s
209 0.25 selfcons 0.0 1.6692 s
209 0.5 selfcons 0.0 1.0975 s
209 0.75 selfcons 0.0 0.7867 s
210 0.25 selfcons 0.0 1.0827 s
210 0.5 selfcons 0.0 0.9376 s
210 0.75 selfcons 0.0 0.8697 s
211 0.25 selfcons 0.0 7.424 s
211 0.5 selfcons 0.0 4.5483 s
211 0.75 selfcons 0.0 2.9354 s
212 0.25 selfcons 0.0 2.2755 s
212 0.5 selfcons 0.0 1.4219 s
212 0.75 selfcons 0.0 2.1293 s
213 0.25 selfcons 0.0 10.4556 s
213 0.5 selfcons 0.0 7.1862 s
213 0.75 selfcons 0.0 4.4204 s
215 0.25 selfcons 0.0 1.2554 s
215 0.5 selfcons 0.0 0.9243 s
215 0.75 selfcons 0.0 0.7818 s
216 0.25 selfcons 0.0 1.157 s
216 0.5 selfcons 0.0 1.1844 s
216 0.75 selfcons 0.0 0.8876 s
217 0.25 selfcons 0.0 6.4748 s
217 0.5 selfcons 0.0 5.4798 s
217 0.75 selfcons 0.0 5.7465 s
218 0.25 selfcons 0.0 2.549 s
218 0.5 selfcons 0.0 2.4327 s
218 0.75 selfcons 0.0 1.6642 s
219 0.25 selfcons 0.0 5.3525 s
219 0.5 selfcons 0.0 4.8194 s
219 0.75 selfcons 0.0 2.9453 s
221 0.25 selfcons 0.0 1.1338 s
221 0.5 selfcons 0.0 1.0166 s
221 0.75 selfcons 0.0 0.8079 s
222 0.25 selfcons 0.0 1.0444 s
222 0.5 selfcons 0.0 0.9293 s
222 0.75 selfcons 0.0 0.7778 s
223 0.25 selfcons 1.0 5.5878 s
223 0.5 selfcons 1.0 4.048 s
223 0.75 selfcons 0.0 2.4857 s
224 0.25 selfcons 0.0 2.2032 s
224 0.5 selfcons 0.0 2.4918 s
224 0.75 selfcons 0.0 1.6953 s
225 0.25 selfcons 0.0 7.1811 s
225 0.5 selfcons 0.0 5.0912 s
225 0.75 selfcons 0.0 3.1395 s
226 0.25 selfcons 0.0 7.3853 s
226 0.5 selfcons 0.0 4.0938 s
226 0.75 selfcons 0.0 3.3576 s
227 0.25 selfcons 0.0 1.116 s
227 0.5 selfcons 0.0 0.9959 s
227 0.75 selfcons 0.0 0.861 s
228 0.25 selfcons 0.0 1.2146 s
228 0.5 selfcons 0.0 1.007 s
228 0.75 selfcons 0.0 0.9918 s
229 0.25 selfcons 0.0 7.6692 s
229 0.5 selfcons 0.0 6.6941 s
229 0.75 selfcons 0.0 3.0961 s
230 0.25 selfcons 0.0 2.873 s
230 0.5 selfcons 0.0 2.1207 s
230 0.75 selfcons 0.0 1.7259 s
231 0.25 selfcons 0.0 4.519 s
231 0.5 selfcons 0.0 3.6379 s
231 0.75 selfcons 0.0 3.2755 s
233 0.25 selfcons 0.0 1.2103 s
233 0.5 selfcons 0.0 1.0217 s
233 0.75 selfcons 0.0 0.866 s
234 0.25 selfcons 0.0 1.1754 s
234 0.5 selfcons 0.0 1.0556 s
234 0.75 selfcons 0.0 0.9859 s
235 0.25 selfcons 0.0 6.3189 s
235 0.5 selfcons 0.0 5.2638 s
235 0.75 selfcons 0.0 2.8381 s
236 0.25 selfcons 0.0 3.0525 s
236 0.5 selfcons 1.0 2.5689 s
236 0.75 selfcons 0.0 2.411 s
237 0.25 selfcons 0.0 5.1863 s
237 0.5 selfcons 0.0 5.209 s
237 0.75 selfcons 0.0 2.9822 s
238 0.25 selfcons 0.0 12.2552 s
238 0.5 selfcons 0.0 7.9852 s
238 0.75 selfcons 1.0 6.8066 s
239 0.25 selfcons 0.0 1.2717 s
239 0.5 selfcons 0.0 0.9552 s
239 0.75 selfcons 0.0 0.8006 s
DONE selfcons
