episodes 240 already done 0
0 mul_easy correct 39 tok 0.5455 s
1 mul_hard correct 354 tok 2.9684 s
2 count correct 137 tok 1.2313 s
3 weekday correct 278 tok 2.3585 s
4 modpow NO-ANSWER 800 tok 6.6224 s
5 add_hard correct 33 tok 0.3942 s
6 mul_easy correct 40 tok 0.4585 s
7 mul_hard correct 303 tok 2.6034 s
8 count correct 167 tok 1.6376 s
9 weekday correct 311 tok 2.6913 s
10 modpow correct 719 tok 6.2416 s
11 add_hard correct 35 tok 0.4328 s
12 mul_easy correct 33 tok 0.4168 s
13 mul_hard correct 225 tok 2.0238 s
14 count correct 105 tok 1.0396 s
15 weekday correct 260 tok 2.3604 s
16 modpow correct 721 tok 6.4489 s
17 add_hard correct 31 tok 0.4071 s
18 mul_easy correct 34 tok 0.4354 s
19 mul_hard WRONG 263 tok 2.4221 s
20 count correct 110 tok 1.1244 s
21 weekday WRONG 232 tok 2.1922 s
22 modpow NO-ANSWER 800 tok 7.4188 s
23 add_hard correct 33 tok 0.4899 s
24 mul_easy correct 95 tok 1.0535 s
25 mul_hard correct 225 tok 2.193 s
26 count correct 182 tok 1.8846 s
27 weekday correct 315 tok 3.0947 s
28 modpow NO-ANSWER 800 tok 8.4324 s
29 add_hard correct 30 tok 0.4863 s
30 mul_easy correct 40 tok 0.5561 s
31 mul_hard correct 257 tok 2.5431 s
32 count correct 100 tok 1.1473 s
33 weekday correct 279 tok 2.8299 s
34 modpow correct 580 tok 6.0809 s
35 add_hard correct 31 tok 0.4971 s
36 mul_easy correct 39 tok 0.605 s
37 mul_hard correct 251 tok 2.4815 s
38 count correct 84 tok 0.9855 s
39 weekday correct 279 tok 2.8105 s
40 modpow correct 689 tok 6.8076 s
41 add_hard correct 29 tok 0.4394 s
42 mul_easy correct 34 tok 0.4841 s
43 mul_hard correct 193 tok 1.9263 s
44 count correct 118 tok 1.2402 s
45 weekday correct 293 tok 2.8454 s
46 modpow WRONG 208 tok 2.1099 s
47 add_hard correct 30 tok 0.4493 s
48 mul_easy correct 40 tok 0.5397 s
49 mul_hard WRONG 271 tok 2.626 s
50 count correct 172 tok 1.764 s
51 weekday correct 258 tok 2.58 s
52 modpow NO-ANSWER 800 tok 7.9027 s
53 add_hard correct 76 tok 0.9267 s
54 mul_easy correct 43 tok 0.5778 s
55 mul_hard correct 324 tok 3.2703 s
56 count correct 85 tok 1.0525 s
57 weekday correct 316 tok 3.2423 s
58 modpow NO-ANSWER 800 tok 8.4857 s
59 add_hard correct 29 tok 0.5025 s
60 mul_easy correct 21 tok 0.4217 s
61 mul_hard correct 276 tok 3.0402 s
62 count correct 64 tok 0.9557 s
63 weekday correct 307 tok 3.5652 s
64 modpow NO-ANSWER 800 tok 9.5603 s
65 add_hard correct 29 tok 0.5805 s
66 mul_easy correct 34 tok 0.6026 s
67 mul_hard WRONG 244 tok 3.0257 s
68 count correct 181 tok 2.4762 s
69 weekday correct 36 tok 0.7313 s
70 modpow correct 751 tok 10.2075 s
71 add_hard correct 31 tok 0.7503 s
72 mul_easy correct 35 tok 0.7587 s
73 mul_hard correct 267 tok 4.0319 s
74 count correct 120 tok 2.0314 s
75 weekday WRONG 194 tok 3.2126 s
76 modpow NO-ANSWER 800 tok 12.8139 s
77 add_hard correct 35 tok 0.862 s
78 mul_easy correct 37 tok 0.8133 s
79 mul_hard correct 233 tok 3.7632 s
80 count correct 97 tok 1.8739 s
81 weekday correct 292 tok 4.6952 s
82 modpow NO-ANSWER 800 tok 19.1542 s
83 add_hard correct 35 tok 0.853 s
84 mul_easy correct 35 tok 1.1197 s
85 mul_hard correct 200 tok 2.9564 s
86 count correct 83 tok 1.5675 s
87 weekday WRONG 98 tok 1.5552 s
88 modpow WRONG 528 tok 7.8256 s
89 add_hard correct 27 tok 0.6444 s
90 mul_easy correct 34 tok 0.6949 s
91 mul_hard correct 269 tok 3.9439 s
92 count correct 122 tok 1.8626 s
93 weekday WRONG 140 tok 2.1142 s
94 modpow NO-ANSWER 800 tok 11.1585 s
95 add_hard correct 35 tok 0.7053 s
96 mul_easy correct 33 tok 0.6261 s
97 mul_hard correct 301 tok 4.1424 s
98 count correct 103 tok 1.5963 s
99 weekday correct 309 tok 4.3031 s
100 modpow correct 676 tok 9.1198 s
101 add_hard correct 35 tok 0.6835 s
102 mul_easy correct 40 tok 0.6918 s
103 mul_hard correct 285 tok 3.9029 s
104 count correct 118 tok 1.8243 s
105 weekday correct 313 tok 4.2644 s
106 modpow NO-ANSWER 800 tok 12.3213 s
107 add_hard correct 35 tok 0.821 s
108 mul_easy correct 34 tok 0.7769 s
109 mul_hard correct 323 tok 4.6529 s
110 count WRONG 118 tok 2.0415 s
111 weekday correct 280 tok 4.1647 s
112 modpow NO-ANSWER 800 tok 11.2367 s
113 add_hard correct 31 tok 0.6792 s
114 mul_easy correct 33 tok 0.6743 s
115 mul_hard correct 208 tok 2.696 s
116 count correct 156 tok 2.0973 s
117 weekday correct 340 tok 4.4453 s
118 modpow NO-ANSWER 800 tok 10.6009 s
119 add_hard correct 33 tok 0.6718 s
120 mul_easy correct 39 tok 0.7326 s
121 mul_hard correct 276 tok 3.5844 s
122 count WRONG 90 tok 1.367 s
123 weekday correct 351 tok 4.5925 s
124 modpow correct 753 tok 9.6899 s
125 add_hard correct 33 tok 0.6465 s
126 mul_easy correct 37 tok 0.7138 s
127 mul_hard correct 256 tok 3.3956 s
128 count correct 87 tok 1.2724 s
129 weekday correct 448 tok 5.8622 s
130 modpow NO-ANSWER 800 tok 10.318 s
131 add_hard correct 35 tok 0.6568 s
132 mul_easy correct 34 tok 0.6091 s
133 mul_hard correct 248 tok 3.181 s
134 count correct 66 tok 1.078 s
135 weekday correct 351 tok 4.6657 s
136 modpow correct 554 tok 7.0858 s
137 add_hard correct 33 tok 0.6879 s
138 mul_easy correct 35 tok 0.6416 s
139 mul_hard correct 268 tok 3.6692 s
140 count correct 126 tok 1.8085 s
141 weekday correct 237 tok 3.2221 s
142 modpow NO-ANSWER 800 tok 10.1506 s
143 add_hard correct 30 tok 0.6126 s
144 mul_easy correct 33 tok 0.6042 s
145 mul_hard correct 131 tok 1.6744 s
146 count correct 210 tok 3.0192 s
147 weekday correct 326 tok 4.2227 s
148 modpow correct 478 tok 6.369 s
149 add_hard correct 35 tok 0.7036 s
150 mul_easy correct 33 tok 0.6777 s
151 mul_hard correct 248 tok 3.3271 s
152 count correct 142 tok 1.9557 s
153 weekday correct 290 tok 3.9668 s
154 modpow NO-ANSWER 800 tok 10.4777 s
155 add_hard correct 34 tok 0.6855 s
156 mul_easy correct 49 tok 0.8011 s
157 mul_hard correct 294 tok 3.8226 s
158 count correct 118 tok 1.6894 s
159 weekday correct 296 tok 3.9217 s
160 modpow NO-ANSWER 800 tok 10.6315 s
161 add_hard correct 35 tok 0.6825 s
162 mul_easy correct 22 tok 0.478 s
163 mul_hard correct 297 tok 3.8751 s
164 count correct 117 tok 1.6416 s
165 weekday correct 337 tok 4.4344 s
166 modpow NO-ANSWER 800 tok 10.37 s
167 add_hard correct 35 tok 2.9216 s
168 mul_easy correct 21 tok 0.8726 s
169 mul_hard NO-ANSWER 800 tok 12.6292 s
170 count correct 143 tok 1.9946 s
171 weekday correct 342 tok 4.4902 s
172 modpow correct 800 tok 10.3146 s
173 add_hard correct 30 tok 0.6011 s
174 mul_easy correct 39 tok 0.6715 s
175 mul_hard correct 284 tok 3.6825 s
176 count correct 102 tok 1.5387 s
177 weekday correct 270 tok 3.5343 s
178 modpow NO-ANSWER 800 tok 10.4287 s
179 add_hard correct 31 tok 0.6355 s
180 mul_easy correct 51 tok 0.8701 s
181 mul_hard correct 241 tok 3.1876 s
182 count correct 83 tok 1.3272 s
183 weekday WRONG 383 tok 5.0248 s
184 modpow WRONG 155 tok 2.1089 s
185 add_hard correct 29 tok 0.6375 s
186 mul_easy correct 22 tok 0.4968 s
187 mul_hard correct 196 tok 2.5711 s
188 count correct 70 tok 1.1599 s
189 weekday correct 292 tok 3.8409 s
190 modpow correct 748 tok 9.978 s
191 add_hard correct 30 tok 0.6331 s
192 mul_easy correct 37 tok 0.6581 s
193 mul_hard correct 221 tok 2.7811 s
194 count correct 142 tok 2.2239 s
195 weekday correct 284 tok 3.6869 s
196 modpow NO-ANSWER 800 tok 10.244 s
197 add_hard correct 31 tok 0.6412 s
198 mul_easy correct 40 tok 0.6849 s
199 mul_hard correct 285 tok 3.6864 s
200 count correct 149 tok 2.1117 s
201 weekday correct 263 tok 3.5186 s
202 modpow WRONG 798 tok 10.3231 s
203 add_hard correct 33 tok 0.6539 s
204 mul_easy correct 34 tok 0.5942 s
205 mul_hard correct 235 tok 3.1582 s
206 count WRONG 114 tok 1.6983 s
207 weekday WRONG 609 tok 8.2222 s
208 modpow NO-ANSWER 800 tok 10.7948 s
209 add_hard correct 35 tok 0.7295 s
210 mul_easy correct 34 tok 0.7135 s
211 mul_hard correct 287 tok 3.7512 s
212 count correct 123 tok 1.7892 s
213 weekday correct 303 tok 4.0836 s
214 modpow NO-ANSWER 800 tok 10.6032 s
215 add_hard correct 30 tok 0.7078 s
216 mul_easy correct 33 tok 0.597 s
217 mul_hard correct 255 tok 3.2557 s
218 count correct 110 tok 1.6015 s
219 weekday correct 296 tok 3.9918 s
220 modpow correct 423 tok 5.7539 s
221 add_hard correct 35 tok 0.71 s
222 mul_easy correct 34 tok 0.6304 s
223 mul_hard correct 318 tok 4.1753 s
224 count correct 125 tok 1.7239 s
225 weekday correct 291 tok 3.871 s
226 modpow NO-ANSWER 800 tok 10.4839 s
227 add_hard correct 30 tok 0.6056 s
228 mul_easy correct 39 tok 0.6628 s
229 mul_hard correct 219 tok 2.994 s
230 count correct 125 tok 1.7781 s
231 weekday correct 263 tok 3.5268 s
232 modpow NO-ANSWER 800 tok 10.5116 s
233 add_hard correct 30 tok 0.6787 s
234 mul_easy correct 40 tok 0.7287 s
235 mul_hard correct 213 tok 2.873 s
236 count correct 99 tok 1.6692 s
237 weekday correct 325 tok 4.2334 s
238 modpow NO-ANSWER 800 tok 10.3927 s
239 add_hard correct 31 tok 0.6582 s
episodes 480 already done 240
240 mul_easy correct 35 tok 0.5058 s
241 mul_hard WRONG 163 tok 2.4327 s
242 count correct 144 tok 1.9429 s
243 weekday WRONG 465 tok 6.1526 s
244 modpow NO-ANSWER 800 tok 10.2371 s
245 add_hard correct 35 tok 0.6689 s
246 mul_easy correct 40 tok 0.695 s
247 mul_hard correct 409 tok 5.2611 s
248 count correct 123 tok 1.6798 s
249 weekday correct 316 tok 4.06 s
250 modpow correct 720 tok 15.3136 s
251 add_hard correct 23 tok 0.5837 s
252 mul_easy correct 37 tok 0.6313 s
253 mul_hard WRONG 252 tok 3.0036 s
254 count correct 128 tok 1.7631 s
255 weekday correct 265 tok 3.2493 s
256 modpow WRONG 519 tok 6.4595 s
257 add_hard correct 33 tok 0.6023 s
258 mul_easy correct 40 tok 0.6806 s
259 mul_hard correct 296 tok 3.6705 s
260 count correct 132 tok 1.7624 s
261 weekday correct 250 tok 3.1327 s
262 modpow WRONG 712 tok 8.9302 s
263 add_hard correct 31 tok 0.6038 s
264 mul_easy correct 45 tok 0.7681 s
265 mul_hard correct 281 tok 3.5523 s
266 count correct 178 tok 2.2474 s
267 weekday correct 301 tok 3.7225 s
268 modpow WRONG 299 tok 3.7277 s
269 add_hard correct 33 tok 0.6284 s
270 mul_easy correct 33 tok 0.6143 s
271 mul_hard correct 191 tok 2.2978 s
272 count correct 98 tok 1.4806 s
273 weekday correct 323 tok 4.0965 s
274 modpow NO-ANSWER 800 tok 9.8242 s
275 add_hard correct 23 tok 0.504 s
276 mul_easy correct 40 tok 0.6721 s
277 mul_hard correct 301 tok 3.8046 s
278 count correct 113 tok 1.6516 s
279 weekday correct 280 tok 3.7418 s
280 modpow NO-ANSWER 800 tok 10.3303 s
281 add_hard correct 30 tok 0.6209 s
282 mul_easy correct 33 tok 0.6573 s
283 mul_hard correct 240 tok 3.0334 s
284 count correct 186 tok 2.4678 s
285 weekday correct 269 tok 3.6266 s
286 modpow NO-ANSWER 800 tok 10.2516 s
287 add_hard correct 23 tok 0.526 s
288 mul_easy correct 34 tok 0.629 s
289 mul_hard correct 361 tok 4.5414 s
290 count correct 104 tok 1.4835 s
291 weekday correct 336 tok 4.4122 s
292 modpow NO-ANSWER 800 tok 10.3412 s
293 add_hard correct 35 tok 0.7092 s
294 mul_easy correct 37 tok 0.6687 s
295 mul_hard correct 270 tok 3.571 s
296 count correct 162 tok 2.1506 s
297 weekday correct 400 tok 5.38 s
298 modpow NO-ANSWER 800 tok 10.9187 s
299 add_hard correct 34 tok 0.6881 s
300 mul_easy correct 39 tok 0.7032 s
301 mul_hard correct 310 tok 3.9682 s
302 count correct 90 tok 1.3237 s
303 weekday WRONG 276 tok 3.8665 s
304 modpow correct 774 tok 10.2303 s
305 add_hard correct 35 tok 0.6753 s
306 mul_easy correct 39 tok 0.6742 s
307 mul_hard correct 240 tok 3.0981 s
308 count correct 117 tok 1.7312 s
309 weekday correct 303 tok 4.0984 s
310 modpow correct 678 tok 8.8242 s
311 add_hard correct 35 tok 0.6833 s
312 mul_easy correct 40 tok 0.6921 s
313 mul_hard correct 263 tok 3.5071 s
314 count correct 114 tok 1.6382 s
315 weekday correct 294 tok 4.002 s
316 modpow NO-ANSWER 800 tok 10.5705 s
317 add_hard correct 35 tok 0.6916 s
318 mul_easy correct 33 tok 0.5854 s
319 mul_hard correct 268 tok 3.6426 s
320 count correct 136 tok 1.9548 s
321 weekday correct 278 tok 3.7843 s
322 modpow NO-ANSWER 800 tok 10.5784 s
323 add_hard correct 23 tok 0.5133 s
324 mul_easy correct 40 tok 0.7035 s
325 mul_hard correct 203 tok 2.7931 s
326 count correct 109 tok 1.5674 s
327 weekday correct 392 tok 5.3762 s
328 modpow NO-ANSWER 800 tok 10.7096 s
329 add_hard correct 35 tok 0.6946 s
330 mul_easy correct 34 tok 0.6193 s
331 mul_hard correct 281 tok 3.9374 s
332 count correct 106 tok 1.5568 s
333 weekday correct 291 tok 3.9368 s
334 modpow NO-ANSWER 800 tok 10.7744 s
335 add_hard correct 30 tok 0.6192 s
336 mul_easy correct 39 tok 0.6823 s
337 mul_hard correct 196 tok 2.5887 s
338 count correct 106 tok 1.6785 s
339 weekday correct 290 tok 6.0673 s
340 modpow NO-ANSWER 800 tok 14.4101 s
341 add_hard correct 23 tok 0.5687 s
342 mul_easy correct 40 tok 0.718 s
343 mul_hard correct 282 tok 3.6973 s
344 count correct 164 tok 2.2397 s
345 weekday correct 333 tok 4.5674 s
346 modpow correct 782 tok 10.4576 s
347 add_hard correct 35 tok 0.6863 s
348 mul_easy correct 44 tok 0.7475 s
349 mul_hard correct 193 tok 2.6353 s
350 count correct 106 tok 1.6588 s
351 weekday correct 532 tok 7.1753 s
352 modpow NO-ANSWER 800 tok 10.5377 s
353 add_hard correct 30 tok 0.6245 s
354 mul_easy correct 34 tok 0.6329 s
355 mul_hard correct 235 tok 3.1364 s
356 count correct 99 tok 1.4977 s
357 weekday WRONG 157 tok 2.2274 s
358 modpow NO-ANSWER 800 tok 10.7017 s
359 add_hard correct 35 tok 0.6807 s
360 mul_easy correct 34 tok 0.642 s
361 mul_hard correct 272 tok 3.6407 s
362 count correct 100 tok 1.4462 s
363 weekday correct 235 tok 3.3639 s
364 modpow NO-ANSWER 800 tok 10.5534 s
365 add_hard correct 31 tok 0.6986 s
366 mul_easy correct 39 tok 0.6963 s
367 mul_hard correct 301 tok 3.9896 s
368 count correct 125 tok 1.8291 s
369 weekday correct 374 tok 5.136 s
370 modpow NO-ANSWER 800 tok 10.5269 s
371 add_hard correct 33 tok 0.6626 s
372 mul_easy correct 39 tok 0.6614 s
373 mul_hard correct 354 tok 4.7323 s
374 count correct 134 tok 1.959 s
375 weekday correct 343 tok 4.6435 s
376 modpow NO-ANSWER 800 tok 10.5786 s
377 add_hard correct 35 tok 0.6829 s
378 mul_easy correct 39 tok 0.6605 s
379 mul_hard correct 192 tok 2.6976 s
380 count correct 173 tok 2.339 s
381 weekday WRONG 211 tok 2.949 s
382 modpow WRONG 626 tok 8.3342 s
383 add_hard correct 29 tok 0.6048 s
384 mul_easy correct 46 tok 0.7399 s
385 mul_hard WRONG 274 tok 3.7056 s
386 count correct 151 tok 2.1883 s
387 weekday correct 325 tok 4.3879 s
388 modpow correct 468 tok 6.2735 s
389 add_hard correct 35 tok 0.6635 s
390 mul_easy correct 33 tok 0.617 s
391 mul_hard correct 286 tok 3.8746 s
392 count correct 132 tok 1.8485 s
393 weekday WRONG 205 tok 2.916 s
394 modpow NO-ANSWER 800 tok 10.5341 s
395 add_hard correct 30 tok 0.617 s
396 mul_easy correct 37 tok 0.6546 s
397 mul_hard correct 235 tok 3.1759 s
398 count correct 100 tok 1.4253 s
399 weekday correct 290 tok 4.0407 s
400 modpow NO-ANSWER 800 tok 10.5689 s
401 add_hard correct 35 tok 0.6746 s
402 mul_easy correct 33 tok 0.6136 s
403 mul_hard correct 240 tok 3.1904 s
404 count correct 116 tok 1.6681 s
405 weekday correct 268 tok 3.6977 s
406 modpow NO-ANSWER 800 tok 10.5352 s
407 add_hard correct 31 tok 0.6622 s
408 mul_easy correct 34 tok 0.6118 s
409 mul_hard correct 234 tok 3.0977 s
410 count WRONG 105 tok 1.5034 s
411 weekday correct 345 tok 4.7475 s
412 modpow NO-ANSWER 800 tok 10.5615 s
413 add_hard correct 35 tok 0.6682 s
414 mul_easy correct 40 tok 0.6744 s
415 mul_hard correct 286 tok 3.799 s
416 count correct 105 tok 1.4943 s
417 weekday correct 355 tok 4.8032 s
418 modpow WRONG 454 tok 6.0157 s
419 add_hard correct 33 tok 0.6743 s
420 mul_easy correct 40 tok 0.6975 s
421 mul_hard correct 332 tok 4.3449 s
422 count correct 163 tok 2.2836 s
423 weekday correct 263 tok 3.588 s
424 modpow NO-ANSWER 800 tok 13.7331 s
425 add_hard correct 29 tok 0.4562 s
426 mul_easy correct 40 tok 1.2083 s
427 mul_hard WRONG 205 tok 2.8717 s
428 count correct 63 tok 0.9904 s
429 weekday correct 256 tok 3.3432 s
430 modpow correct 493 tok 6.4169 s
431 add_hard correct 35 tok 0.682 s
432 mul_easy correct 34 tok 0.6295 s
433 mul_hard correct 344 tok 4.5194 s
434 count correct 161 tok 2.202 s
435 weekday correct 253 tok 3.4623 s
436 modpow NO-ANSWER 800 tok 10.4917 s
437 add_hard correct 35 tok 0.6804 s
438 mul_easy correct 38 tok 0.6575 s
439 mul_hard WRONG 339 tok 4.5015 s
440 count correct 140 tok 1.9791 s
441 weekday correct 297 tok 3.995 s
442 modpow correct 518 tok 7.0712 s
443 add_hard correct 35 tok 0.6931 s
444 mul_easy correct 70 tok 1.0495 s
445 mul_hard correct 224 tok 3.0819 s
446 count correct 55 tok 0.9686 s
447 weekday correct 298 tok 3.9272 s
448 modpow NO-ANSWER 800 tok 10.6367 s
449 add_hard correct 33 tok 0.649 s
450 mul_easy correct 35 tok 0.6424 s
451 mul_hard correct 229 tok 2.8999 s
452 count correct 67 tok 1.2161 s
453 weekday WRONG 339 tok 4.8011 s
454 modpow NO-ANSWER 800 tok 12.1061 s
455 add_hard correct 35 tok 0.8399 s
456 mul_easy correct 35 tok 0.7033 s
457 mul_hard correct 135 tok 2.1039 s
458 count correct 81 tok 1.6325 s
459 weekday WRONG 264 tok 4.0838 s
460 modpow NO-ANSWER 800 tok 12.9181 s
461 add_hard correct 29 tok 0.7401 s
462 mul_easy correct 40 tok 0.8804 s
463 mul_hard WRONG 303 tok 4.9298 s
464 count correct 84 tok 1.5199 s
465 weekday correct 296 tok 3.9419 s
466 modpow NO-ANSWER 800 tok 10.1858 s
467 add_hard correct 35 tok 0.6747 s
468 mul_easy correct 40 tok 0.6849 s
469 mul_hard correct 584 tok 7.5829 s
470 count correct 77 tok 1.2072 s
471 weekday correct 310 tok 4.1615 s
472 modpow WRONG 309 tok 4.0996 s
473 add_hard correct 35 tok 0.6836 s
474 mul_easy correct 39 tok 0.6677 s
475 mul_hard correct 282 tok 3.8977 s
476 count correct 100 tok 1.4262 s
477 weekday correct 305 tok 4.087 s
478 modpow NO-ANSWER 800 tok 10.5474 s
479 add_hard correct 35 tok 0.6874 s
