episodes 240 already done 0
0 mul_easy correct 47 tok 0.6421 s
1 mul_hard correct 269 tok 3.269 s
2 count correct 48 tok 1.5051 s
3 weekday WRONG 372 tok 5.3736 s
4 modpow correct 476 tok 7.3355 s
5 add_hard correct 23 tok 0.5556 s
6 mul_easy correct 46 tok 0.9645 s
7 mul_hard correct 281 tok 4.4675 s
8 count correct 193 tok 2.9717 s
9 weekday WRONG 575 tok 8.992 s
10 modpow NO-ANSWER 800 tok 12.6053 s
11 add_hard correct 29 tok 0.7 s
12 mul_easy correct 33 tok 0.7349 s
13 mul_hard WRONG 214 tok 3.1794 s
14 count WRONG 498 tok 7.9709 s
15 weekday WRONG 342 tok 5.2918 s
16 modpow NO-ANSWER 800 tok 12.1777 s
17 add_hard correct 28 tok 0.6084 s
18 mul_easy correct 37 tok 0.7762 s
19 mul_hard correct 275 tok 4.1694 s
20 count correct 129 tok 2.2219 s
21 weekday correct 265 tok 4.019 s
22 modpow WRONG 768 tok 12.0548 s
23 add_hard correct 30 tok 0.6352 s
24 mul_easy correct 33 tok 0.6793 s
25 mul_hard WRONG 340 tok 5.2929 s
26 count correct 110 tok 1.8512 s
27 weekday correct 295 tok 6.0446 s
28 modpow NO-ANSWER 800 tok 13.6155 s
29 add_hard correct 35 tok 0.7534 s
30 mul_easy correct 22 tok 0.5436 s
31 mul_hard correct 235 tok 3.5704 s
32 count correct 85 tok 1.5467 s
33 weekday correct 246 tok 3.6571 s
34 modpow correct 606 tok 9.435 s
35 add_hard correct 35 tok 0.7716 s
36 mul_easy correct 66 tok 1.2121 s
37 mul_hard correct 221 tok 3.2725 s
38 count correct 95 tok 1.8353 s
39 weekday correct 267 tok 4.025 s
40 modpow NO-ANSWER 800 tok 13.4911 s
41 add_hard correct 23 tok 0.5885 s
42 mul_easy correct 22 tok 0.6094 s
43 mul_hard correct 138 tok 2.5019 s
44 count correct 91 tok 1.7267 s
45 weekday correct 283 tok 4.5064 s
46 modpow NO-ANSWER 800 tok 12.324 s
47 add_hard correct 29 tok 0.6496 s
48 mul_easy correct 39 tok 0.8769 s
49 mul_hard correct 167 tok 2.5396 s
50 count correct 50 tok 0.9648 s
51 weekday correct 292 tok 4.5766 s
52 modpow NO-ANSWER 800 tok 12.445 s
53 add_hard correct 25 tok 0.5885 s
54 mul_easy correct 22 tok 0.5568 s
55 mul_hard correct 267 tok 3.9444 s
56 count correct 233 tok 3.5858 s
57 weekday correct 341 tok 5.1467 s
58 modpow correct 690 tok 10.7546 s
59 add_hard correct 29 tok 0.6329 s
60 mul_easy correct 34 tok 0.7327 s
61 mul_hard correct 310 tok 4.685 s
62 count correct 120 tok 2.0234 s
63 weekday correct 260 tok 3.9476 s
64 modpow correct 770 tok 11.7253 s
65 add_hard correct 28 tok 0.6066 s
66 mul_easy correct 22 tok 0.522 s
67 mul_hard correct 228 tok 3.4043 s
68 count correct 210 tok 3.2802 s
69 weekday correct 333 tok 4.9974 s
70 modpow NO-ANSWER 800 tok 11.8822 s
71 add_hard correct 35 tok 0.7264 s
72 mul_easy correct 35 tok 0.7452 s
73 mul_hard correct 259 tok 3.8306 s
74 count correct 85 tok 1.5949 s
75 weekday correct 320 tok 4.8091 s
76 modpow NO-ANSWER 800 tok 12.0245 s
77 add_hard correct 31 tok 0.6824 s
78 mul_easy correct 34 tok 0.7552 s
79 mul_hard correct 239 tok 3.5497 s
80 count correct 73 tok 1.3906 s
81 weekday correct 315 tok 4.7648 s
82 modpow correct 714 tok 10.6744 s
83 add_hard correct 23 tok 0.5309 s
84 mul_easy correct 46 tok 0.9152 s
85 mul_hard correct 111 tok 1.7219 s
86 count correct 117 tok 1.8806 s
87 weekday correct 282 tok 4.3679 s
88 modpow NO-ANSWER 800 tok 12.2311 s
89 add_hard correct 35 tok 0.6955 s
90 mul_easy correct 34 tok 0.7083 s
91 mul_hard WRONG 208 tok 2.9984 s
92 count correct 125 tok 2.0742 s
93 weekday correct 127 tok 1.9978 s
94 modpow NO-ANSWER 800 tok 11.6019 s
95 add_hard correct 23 tok 0.5091 s
96 mul_easy correct 40 tok 0.777 s
97 mul_hard correct 217 tok 3.1366 s
98 count correct 214 tok 3.4192 s
99 weekday correct 273 tok 4.0177 s
100 modpow NO-ANSWER 800 tok 11.8862 s
101 add_hard correct 35 tok 0.7131 s
102 mul_easy correct 40 tok 0.829 s
103 mul_hard correct 205 tok 2.9622 s
104 count correct 152 tok 2.5636 s
105 weekday WRONG 276 tok 4.0105 s
106 modpow NO-ANSWER 800 tok 11.6055 s
107 add_hard correct 35 tok 0.6945 s
108 mul_easy correct 36 tok 0.7197 s
109 mul_hard correct 303 tok 4.3911 s
110 count correct 154 tok 2.3742 s
111 weekday correct 253 tok 3.7678 s
112 modpow NO-ANSWER 800 tok 11.8117 s
113 add_hard correct 30 tok 0.6588 s
114 mul_easy correct 46 tok 0.9209 s
115 mul_hard correct 227 tok 3.23 s
116 count correct 104 tok 1.8446 s
117 weekday WRONG 426 tok 6.3228 s
118 modpow NO-ANSWER 800 tok 13.3925 s
119 add_hard correct 23 tok 0.6314 s
120 mul_easy correct 42 tok 0.9548 s
121 mul_hard correct 277 tok 4.8603 s
122 count correct 205 tok 3.3186 s
123 weekday correct 315 tok 5.2357 s
124 modpow NO-ANSWER 800 tok 13.3606 s
125 add_hard correct 31 tok 0.6841 s
126 mul_easy correct 35 tok 0.796 s
127 mul_hard correct 281 tok 4.4442 s
128 count correct 140 tok 2.4197 s
129 weekday correct 296 tok 4.8309 s
130 modpow WRONG 782 tok 12.5724 s
131 add_hard correct 30 tok 0.6713 s
132 mul_easy correct 40 tok 0.8578 s
133 mul_hard WRONG 281 tok 4.4257 s
134 count correct 86 tok 1.6203 s
135 weekday correct 277 tok 4.1976 s
136 modpow NO-ANSWER 800 tok 12.2279 s
137 add_hard correct 29 tok 0.6396 s
138 mul_easy correct 35 tok 0.7096 s
139 mul_hard correct 250 tok 3.8606 s
140 count correct 156 tok 2.5737 s
141 weekday correct 326 tok 4.9959 s
142 modpow correct 723 tok 10.8664 s
143 add_hard correct 30 tok 0.6926 s
144 mul_easy correct 34 tok 0.7393 s
145 mul_hard correct 267 tok 3.9013 s
146 count correct 97 tok 1.7593 s
147 weekday WRONG 350 tok 5.367 s
148 modpow correct 372 tok 6.0918 s
149 add_hard correct 29 tok 0.6138 s
150 mul_easy WRONG 33 tok 0.6872 s
151 mul_hard correct 273 tok 4.124 s
152 count correct 139 tok 2.2797 s
153 weekday correct 314 tok 4.7008 s
154 modpow NO-ANSWER 800 tok 12.3337 s
155 add_hard correct 31 tok 0.6675 s
156 mul_easy correct 35 tok 0.753 s
157 mul_hard correct 345 tok 5.3317 s
158 count correct 102 tok 1.7129 s
159 weekday correct 323 tok 5.0174 s
160 modpow WRONG 798 tok 11.8995 s
161 add_hard correct 31 tok 0.6639 s
162 mul_easy correct 34 tok 0.7093 s
163 mul_hard correct 455 tok 6.7986 s
164 count WRONG 242 tok 3.7134 s
165 weekday correct 267 tok 4.141 s
166 modpow NO-ANSWER 800 tok 12.146 s
167 add_hard correct 30 tok 0.6285 s
168 mul_easy correct 70 tok 1.232 s
169 mul_hard correct 270 tok 4.0188 s
170 count correct 70 tok 1.3246 s
171 weekday correct 284 tok 4.1742 s
172 modpow correct 578 tok 8.6913 s
173 add_hard correct 30 tok 0.6628 s
174 mul_easy correct 34 tok 0.7183 s
175 mul_hard correct 224 tok 3.3954 s
176 count correct 138 tok 2.3524 s
177 weekday correct 296 tok 4.6115 s
178 modpow correct 543 tok 8.176 s
179 add_hard correct 29 tok 0.6698 s
180 mul_easy correct 35 tok 0.8137 s
181 mul_hard correct 219 tok 3.2264 s
182 count correct 123 tok 2.2098 s
183 weekday WRONG 148 tok 2.1934 s
184 modpow correct 707 tok 10.5618 s
185 add_hard correct 35 tok 0.6966 s
186 mul_easy correct 40 tok 0.828 s
187 mul_hard correct 297 tok 4.3242 s
188 count correct 61 tok 1.1997 s
189 weekday correct 286 tok 4.1087 s
190 modpow NO-ANSWER 800 tok 12.0478 s
191 add_hard correct 29 tok 0.6428 s
192 mul_easy correct 35 tok 0.7261 s
193 mul_hard correct 281 tok 4.2199 s
194 count correct 99 tok 1.7419 s
195 weekday correct 300 tok 4.5554 s
196 modpow correct 421 tok 6.2696 s
197 add_hard correct 34 tok 0.6913 s
198 mul_easy correct 40 tok 0.7866 s
199 mul_hard correct 222 tok 4.4687 s
200 count correct 108 tok 1.9845 s
201 weekday correct 261 tok 3.9778 s
202 modpow NO-ANSWER 800 tok 12.1384 s
203 add_hard correct 30 tok 0.672 s
204 mul_easy correct 42 tok 0.8522 s
205 mul_hard correct 363 tok 5.5161 s
206 count correct 64 tok 1.263 s
207 weekday correct 308 tok 5.2443 s
208 modpow correct 523 tok 9.2967 s
209 add_hard correct 33 tok 0.6689 s
210 mul_easy correct 39 tok 0.7995 s
211 mul_hard correct 283 tok 4.9239 s
212 count correct 59 tok 1.1927 s
213 weekday WRONG 371 tok 6.2288 s
214 modpow NO-ANSWER 800 tok 12.0626 s
215 add_hard correct 29 tok 0.6102 s
216 mul_easy correct 40 tok 0.7962 s
217 mul_hard correct 289 tok 4.3071 s
218 count correct 135 tok 2.2935 s
219 weekday correct 294 tok 4.9541 s
220 modpow NO-ANSWER 800 tok 13.2722 s
221 add_hard correct 35 tok 0.7818 s
222 mul_easy correct 34 tok 0.8089 s
223 mul_hard WRONG 214 tok 3.2204 s
224 count correct 129 tok 2.4407 s
225 weekday correct 335 tok 5.8498 s
226 modpow correct 292 tok 4.9417 s
227 add_hard correct 27 tok 0.707 s
228 mul_easy correct 34 tok 0.7551 s
229 mul_hard correct 301 tok 4.878 s
230 count correct 112 tok 2.0214 s
231 weekday WRONG 261 tok 4.9943 s
232 modpow NO-ANSWER 800 tok 13.6375 s
233 add_hard correct 35 tok 0.7313 s
234 mul_easy correct 39 tok 0.8334 s
235 mul_hard correct 301 tok 4.6508 s
236 count correct 127 tok 2.4116 s
237 weekday WRONG 272 tok 4.3498 s
238 modpow correct 529 tok 8.8533 s
239 add_hard correct 35 tok 0.8738 s
