episodes 240 already done 0
0 mul_easy correct 47 tok 0.5294 s
1 mul_hard correct 269 tok 2.265 s
2 count correct 48 tok 0.509 s
3 weekday WRONG 372 tok 3.1141 s
4 modpow correct 476 tok 3.9487 s
5 add_hard correct 23 tok 0.3045 s
6 mul_easy correct 46 tok 0.4961 s
7 mul_hard correct 281 tok 2.4087 s
8 count correct 193 tok 1.7136 s
9 weekday WRONG 575 tok 4.8962 s
10 modpow NO-ANSWER 800 tok 6.862 s
11 add_hard correct 29 tok 0.3696 s
12 mul_easy correct 33 tok 0.4062 s
13 mul_hard WRONG 214 tok 1.9294 s
14 count WRONG 498 tok 4.3757 s
15 weekday WRONG 342 tok 3.0762 s
16 modpow NO-ANSWER 800 tok 7.1444 s
17 add_hard correct 28 tok 0.3766 s
18 mul_easy correct 37 tok 0.4604 s
19 mul_hard correct 275 tok 2.5621 s
20 count correct 129 tok 1.3189 s
21 weekday correct 265 tok 2.5007 s
22 modpow WRONG 768 tok 7.2839 s
23 add_hard correct 30 tok 0.4405 s
24 mul_easy correct 33 tok 0.4724 s
25 mul_hard WRONG 340 tok 3.3117 s
26 count correct 110 tok 1.2829 s
27 weekday correct 295 tok 3.957 s
28 modpow NO-ANSWER 800 tok 7.5407 s
29 add_hard correct 35 tok 0.5071 s
30 mul_easy correct 22 tok 0.3745 s
31 mul_hard correct 235 tok 2.3526 s
32 count correct 85 tok 1.0008 s
33 weekday correct 246 tok 3.2452 s
34 modpow correct 606 tok 6.467 s
35 add_hard correct 35 tok 0.4464 s
36 mul_easy correct 66 tok 0.7341 s
37 mul_hard correct 221 tok 4.2589 s
38 count correct 95 tok 1.6403 s
39 weekday correct 267 tok 3.0895 s
40 modpow NO-ANSWER 800 tok 8.5223 s
41 add_hard correct 23 tok 0.4438 s
42 mul_easy correct 22 tok 0.4216 s
43 mul_hard correct 138 tok 1.5635 s
44 count correct 91 tok 1.158 s
45 weekday correct 283 tok 2.9743 s
46 modpow NO-ANSWER 800 tok 8.5782 s
47 add_hard correct 29 tok 0.5061 s
48 mul_easy correct 39 tok 0.6039 s
49 mul_hard correct 167 tok 1.8379 s
50 count correct 50 tok 0.8338 s
51 weekday correct 292 tok 3.3187 s
52 modpow NO-ANSWER 800 tok 10.1533 s
53 add_hard correct 25 tok 0.6546 s
54 mul_easy correct 22 tok 0.5424 s
55 mul_hard correct 267 tok 3.7975 s
56 count correct 233 tok 3.3699 s
57 weekday correct 341 tok 4.8947 s
58 modpow correct 690 tok 12.1817 s
59 add_hard correct 29 tok 0.9304 s
60 mul_easy correct 34 tok 0.9807 s
61 mul_hard correct 310 tok 6.7055 s
62 count correct 120 tok 3.048 s
63 weekday correct 260 tok 6.2378 s
64 modpow correct 770 tok 18.1444 s
65 add_hard correct 28 tok 0.9394 s
66 mul_easy correct 22 tok 0.7188 s
67 mul_hard correct 228 tok 5.0419 s
68 count correct 210 tok 4.85 s
69 weekday correct 333 tok 7.0138 s
70 modpow NO-ANSWER 800 tok 15.5285 s
71 add_hard correct 35 tok 0.9891 s
72 mul_easy correct 35 tok 1.1295 s
73 mul_hard correct 259 tok 5.0274 s
74 count correct 85 tok 1.7096 s
75 weekday correct 320 tok 5.5243 s
76 modpow NO-ANSWER 800 tok 12.8512 s
77 add_hard correct 31 tok 0.7701 s
78 mul_easy correct 34 tok 0.7434 s
79 mul_hard correct 239 tok 3.839 s
80 count correct 73 tok 1.4167 s
81 weekday correct 315 tok 5.0576 s
82 modpow correct 714 tok 11.3302 s
83 add_hard correct 23 tok 0.6713 s
84 mul_easy correct 46 tok 0.8909 s
85 mul_hard correct 111 tok 1.8816 s
86 count correct 117 tok 2.0025 s
87 weekday correct 282 tok 4.5099 s
88 modpow NO-ANSWER 800 tok 12.1248 s
89 add_hard correct 35 tok 0.7797 s
90 mul_easy correct 34 tok 0.7309 s
91 mul_hard WRONG 208 tok 3.121 s
92 count correct 125 tok 1.9959 s
93 weekday correct 127 tok 2.0228 s
94 modpow NO-ANSWER 800 tok 12.645 s
95 add_hard correct 23 tok 0.5093 s
96 mul_easy correct 40 tok 0.8637 s
97 mul_hard correct 217 tok 3.3767 s
98 count correct 214 tok 3.4532 s
99 weekday correct 273 tok 4.4835 s
100 modpow NO-ANSWER 800 tok 12.7112 s
101 add_hard correct 35 tok 0.7013 s
102 mul_easy correct 40 tok 0.7487 s
103 mul_hard correct 205 tok 3.3352 s
104 count correct 152 tok 2.7056 s
105 weekday WRONG 276 tok 8.7437 s
106 modpow NO-ANSWER 800 tok 25.0515 s
107 add_hard correct 35 tok 4.6444 s
108 mul_easy correct 36 tok 3.0672 s
109 mul_hard correct 303 tok 8.0246 s
110 count correct 154 tok 4.2009 s
111 weekday correct 253 tok 8.6136 s
112 modpow NO-ANSWER 800 tok 26.0146 s
113 add_hard correct 30 tok 0.8117 s
114 mul_easy correct 46 tok 1.4857 s
115 mul_hard correct 227 tok 7.4494 s
116 count correct 104 tok 3.8421 s
117 weekday WRONG 426 tok 11.4554 s
118 modpow NO-ANSWER 800 tok 24.9489 s
119 add_hard correct 23 tok 1.0521 s
120 mul_easy correct 42 tok 1.2328 s
121 mul_hard correct 277 tok 7.9745 s
122 count correct 205 tok 5.8876 s
123 weekday correct 315 tok 9.4373 s
124 modpow NO-ANSWER 800 tok 23.9236 s
125 add_hard correct 31 tok 4.1018 s
126 mul_easy correct 35 tok 0.9957 s
127 mul_hard correct 281 tok 9.5301 s
128 count correct 140 tok 4.4475 s
129 weekday correct 296 tok 8.732 s
130 modpow WRONG 782 tok 24.2474 s
131 add_hard correct 30 tok 2.1455 s
132 mul_easy correct 40 tok 1.0175 s
133 mul_hard WRONG 281 tok 10.6911 s
134 count correct 86 tok 2.9459 s
135 weekday correct 277 tok 9.5824 s
136 modpow NO-ANSWER 800 tok 25.237 s
137 add_hard correct 29 tok 2.1487 s
138 mul_easy correct 35 tok 1.0045 s
139 mul_hard correct 250 tok 7.7981 s
140 count correct 156 tok 4.7317 s
141 weekday correct 326 tok 10.2272 s
142 modpow correct 723 tok 28.46 s
143 add_hard correct 30 tok 2.2264 s
144 mul_easy correct 34 tok 0.8162 s
145 mul_hard correct 267 tok 9.3697 s
146 count correct 97 tok 2.6221 s
147 weekday WRONG 350 tok 11.4063 s
148 modpow correct 372 tok 13.6222 s
149 add_hard correct 29 tok 1.9964 s
150 mul_easy WRONG 33 tok 1.6693 s
151 mul_hard correct 273 tok 9.9967 s
152 count correct 139 tok 5.8429 s
153 weekday correct 314 tok 8.2958 s
154 modpow NO-ANSWER 800 tok 24.7534 s
155 add_hard correct 31 tok 1.1779 s
156 mul_easy correct 35 tok 1.2021 s
157 mul_hard correct 345 tok 11.0448 s
158 count correct 102 tok 3.5214 s
159 weekday correct 323 tok 11.0472 s
160 modpow WRONG 798 tok 26.4812 s
161 add_hard correct 31 tok 1.1677 s
162 mul_easy correct 34 tok 1.1705 s
163 mul_hard correct 455 tok 13.2588 s
164 count WRONG 242 tok 7.973 s
165 weekday correct 267 tok 8.0807 s
166 modpow NO-ANSWER 800 tok 26.8128 s
167 add_hard correct 30 tok 1.183 s
168 mul_easy correct 70 tok 2.1052 s
169 mul_hard correct 270 tok 8.5022 s
170 count correct 70 tok 2.1323 s
171 weekday correct 284 tok 8.4329 s
172 modpow correct 578 tok 18.3338 s
173 add_hard correct 30 tok 1.2275 s
174 mul_easy correct 34 tok 1.4568 s
175 mul_hard correct 224 tok 7.0463 s
176 count correct 138 tok 4.4772 s
177 weekday correct 296 tok 9.147 s
178 modpow correct 543 tok 17.8278 s
179 add_hard correct 29 tok 1.1467 s
180 mul_easy correct 35 tok 1.9968 s
181 mul_hard correct 219 tok 7.2512 s
182 count correct 123 tok 3.6198 s
183 weekday WRONG 148 tok 4.136 s
184 modpow correct 707 tok 12.2535 s
185 add_hard correct 35 tok 0.7197 s
186 mul_easy correct 40 tok 0.7336 s
187 mul_hard correct 297 tok 4.3473 s
188 count correct 61 tok 1.2046 s
189 weekday correct 286 tok 4.2705 s
190 modpow NO-ANSWER 800 tok 11.6961 s
191 add_hard correct 29 tok 0.6407 s
192 mul_easy correct 35 tok 0.6685 s
193 mul_hard correct 281 tok 4.036 s
194 count correct 99 tok 1.5613 s
195 weekday correct 300 tok 4.5609 s
196 modpow correct 421 tok 6.0187 s
197 add_hard correct 34 tok 0.7023 s
198 mul_easy correct 40 tok 0.7447 s
199 mul_hard correct 222 tok 3.3419 s
200 count correct 108 tok 1.6482 s
201 weekday correct 261 tok 3.8667 s
202 modpow NO-ANSWER 800 tok 11.571 s
203 add_hard correct 30 tok 0.6806 s
204 mul_easy correct 42 tok 0.7692 s
205 mul_hard correct 363 tok 5.1042 s
206 count correct 64 tok 1.1763 s
207 weekday correct 308 tok 4.3678 s
208 modpow correct 523 tok 7.4235 s
209 add_hard correct 33 tok 0.6766 s
210 mul_easy correct 39 tok 0.7292 s
211 mul_hard correct 283 tok 4.0111 s
212 count correct 59 tok 1.0576 s
213 weekday WRONG 371 tok 5.3716 s
214 modpow NO-ANSWER 800 tok 11.3747 s
215 add_hard correct 29 tok 0.7274 s
216 mul_easy correct 40 tok 0.7284 s
217 mul_hard correct 289 tok 4.0673 s
218 count correct 135 tok 1.9766 s
219 weekday correct 294 tok 4.2834 s
220 modpow NO-ANSWER 800 tok 11.1208 s
221 add_hard correct 35 tok 0.7758 s
222 mul_easy correct 34 tok 0.6733 s
223 mul_hard WRONG 214 tok 2.9369 s
224 count correct 129 tok 1.9449 s
225 weekday correct 335 tok 4.9329 s
226 modpow correct 292 tok 4.1551 s
227 add_hard correct 27 tok 0.626 s
228 mul_easy correct 34 tok 0.6263 s
229 mul_hard correct 301 tok 4.3645 s
230 count correct 112 tok 1.6778 s
231 weekday WRONG 261 tok 3.788 s
232 modpow NO-ANSWER 800 tok 11.1284 s
233 add_hard correct 35 tok 0.7057 s
234 mul_easy correct 39 tok 0.7051 s
235 mul_hard correct 301 tok 4.3016 s
236 count correct 127 tok 1.9104 s
237 weekday WRONG 272 tok 3.9545 s
238 modpow correct 529 tok 7.5437 s
239 add_hard correct 35 tok 0.709 s
