episodes 240 already done 0
0 mul_easy correct 39 tok 0.5178 s
1 mul_hard correct 354 tok 2.9642 s
2 count correct 137 tok 1.2312 s
3 weekday correct 278 tok 2.3438 s
4 modpow NO-ANSWER 800 tok 6.6133 s
5 add_hard correct 33 tok 0.3888 s
6 mul_easy correct 40 tok 0.4503 s
7 mul_hard correct 303 tok 2.601 s
8 count correct 167 tok 1.5068 s
9 weekday correct 311 tok 2.7016 s
10 modpow correct 719 tok 6.2205 s
11 add_hard correct 35 tok 0.4215 s
12 mul_easy correct 33 tok 0.4053 s
13 mul_hard correct 225 tok 2.0091 s
14 count correct 105 tok 1.0345 s
15 weekday correct 260 tok 2.341 s
16 modpow correct 721 tok 6.2735 s
17 add_hard correct 31 tok 0.4007 s
18 mul_easy correct 34 tok 0.4282 s
19 mul_hard WRONG 263 tok 2.4029 s
20 count correct 110 tok 1.0952 s
21 weekday WRONG 232 tok 2.1517 s
22 modpow NO-ANSWER 800 tok 7.1951 s
23 add_hard correct 33 tok 0.4322 s
24 mul_easy correct 95 tok 1.0048 s
25 mul_hard correct 225 tok 2.1263 s
26 count correct 182 tok 1.7937 s
27 weekday correct 315 tok 2.9746 s
28 modpow NO-ANSWER 800 tok 7.5665 s
29 add_hard correct 30 tok 0.4347 s
30 mul_easy correct 40 tok 0.5309 s
31 mul_hard correct 257 tok 3.2444 s
32 count correct 100 tok 1.1129 s
33 weekday correct 279 tok 2.5624 s
34 modpow correct 580 tok 5.6971 s
35 add_hard correct 31 tok 0.4623 s
36 mul_easy correct 39 tok 0.532 s
37 mul_hard correct 251 tok 2.4844 s
38 count correct 84 tok 0.9904 s
39 weekday correct 279 tok 2.8112 s
40 modpow correct 689 tok 6.8359 s
41 add_hard correct 29 tok 0.4523 s
42 mul_easy correct 34 tok 0.4929 s
43 mul_hard correct 193 tok 1.9745 s
44 count correct 118 tok 1.2833 s
45 weekday correct 293 tok 2.9598 s
46 modpow WRONG 208 tok 2.1105 s
47 add_hard correct 30 tok 0.4328 s
48 mul_easy correct 40 tok 0.5226 s
49 mul_hard WRONG 271 tok 2.6063 s
50 count correct 172 tok 1.7481 s
51 weekday correct 258 tok 2.5298 s
52 modpow NO-ANSWER 800 tok 7.7451 s
53 add_hard correct 76 tok 0.8759 s
54 mul_easy correct 43 tok 0.5536 s
55 mul_hard correct 324 tok 3.1399 s
56 count correct 85 tok 0.9911 s
57 weekday correct 316 tok 3.095 s
58 modpow NO-ANSWER 800 tok 9.6097 s
59 add_hard correct 29 tok 0.4708 s
60 mul_easy correct 21 tok 0.3907 s
61 mul_hard correct 276 tok 2.9196 s
62 count correct 64 tok 0.8819 s
63 weekday correct 307 tok 3.323 s
64 modpow NO-ANSWER 800 tok 9.2005 s
65 add_hard correct 29 tok 0.5272 s
66 mul_easy correct 34 tok 0.5753 s
67 mul_hard WRONG 244 tok 2.9513 s
68 count correct 181 tok 2.5686 s
69 weekday correct 36 tok 0.7831 s
70 modpow correct 751 tok 9.5842 s
71 add_hard correct 31 tok 0.6255 s
72 mul_easy correct 35 tok 0.649 s
73 mul_hard correct 267 tok 3.9509 s
74 count correct 120 tok 2.1285 s
75 weekday WRONG 194 tok 6.0327 s
76 modpow NO-ANSWER 800 tok 15.4354 s
77 add_hard correct 35 tok 0.8597 s
78 mul_easy correct 37 tok 0.7807 s
79 mul_hard correct 233 tok 3.9435 s
80 count correct 97 tok 1.8293 s
81 weekday correct 292 tok 4.9801 s
82 modpow NO-ANSWER 800 tok 13.4693 s
83 add_hard correct 35 tok 0.8504 s
84 mul_easy correct 35 tok 0.7638 s
85 mul_hard correct 200 tok 3.4517 s
86 count correct 83 tok 1.6323 s
87 weekday WRONG 98 tok 1.8481 s
88 modpow WRONG 528 tok 8.617 s
89 add_hard correct 27 tok 0.7035 s
90 mul_easy correct 34 tok 0.7457 s
91 mul_hard correct 269 tok 4.2341 s
92 count correct 122 tok 2.0616 s
93 weekday WRONG 140 tok 2.3637 s
94 modpow NO-ANSWER 800 tok 11.9172 s
95 add_hard correct 35 tok 0.7472 s
96 mul_easy correct 33 tok 0.6561 s
97 mul_hard correct 301 tok 4.3226 s
98 count correct 103 tok 1.6176 s
99 weekday correct 309 tok 4.4905 s
100 modpow correct 676 tok 9.4151 s
101 add_hard correct 35 tok 0.7178 s
102 mul_easy correct 40 tok 0.7331 s
103 mul_hard correct 285 tok 4.2546 s
104 count correct 118 tok 1.7722 s
105 weekday correct 313 tok 4.5373 s
106 modpow NO-ANSWER 800 tok 11.041 s
107 add_hard correct 35 tok 0.6988 s
108 mul_easy correct 34 tok 0.6431 s
109 mul_hard correct 323 tok 4.4325 s
110 count WRONG 118 tok 1.7478 s
111 weekday correct 280 tok 3.9053 s
112 modpow NO-ANSWER 800 tok 10.7528 s
113 add_hard correct 31 tok 0.8211 s
114 mul_easy correct 33 tok 0.6958 s
115 mul_hard correct 208 tok 2.8727 s
116 count correct 156 tok 2.5394 s
117 weekday correct 340 tok 4.8888 s
118 modpow NO-ANSWER 800 tok 11.1826 s
119 add_hard correct 33 tok 0.6609 s
120 mul_easy correct 39 tok 0.6907 s
121 mul_hard correct 276 tok 3.6214 s
122 count WRONG 90 tok 1.4339 s
123 weekday correct 351 tok 4.8358 s
124 modpow correct 753 tok 9.9031 s
125 add_hard correct 33 tok 0.646 s
126 mul_easy correct 37 tok 0.6569 s
127 mul_hard correct 256 tok 3.3532 s
128 count correct 87 tok 1.3702 s
129 weekday correct 448 tok 5.9633 s
130 modpow NO-ANSWER 800 tok 10.4791 s
131 add_hard correct 35 tok 0.6751 s
132 mul_easy correct 34 tok 0.626 s
133 mul_hard correct 248 tok 3.3035 s
134 count correct 66 tok 1.0594 s
135 weekday correct 351 tok 4.7045 s
136 modpow correct 554 tok 7.3867 s
137 add_hard correct 33 tok 0.6764 s
138 mul_easy correct 35 tok 0.6317 s
139 mul_hard correct 268 tok 3.4926 s
140 count correct 126 tok 1.7769 s
141 weekday correct 237 tok 3.2408 s
142 modpow NO-ANSWER 800 tok 10.7751 s
143 add_hard correct 30 tok 0.6389 s
144 mul_easy correct 33 tok 0.6405 s
145 mul_hard correct 131 tok 1.7386 s
146 count correct 210 tok 3.0434 s
147 weekday correct 326 tok 4.5675 s
148 modpow correct 478 tok 6.4382 s
149 add_hard correct 35 tok 0.7449 s
150 mul_easy correct 33 tok 0.6438 s
151 mul_hard correct 248 tok 3.3566 s
152 count correct 142 tok 1.9849 s
153 weekday correct 290 tok 4.1364 s
154 modpow NO-ANSWER 800 tok 10.4979 s
155 add_hard correct 34 tok 0.6829 s
156 mul_easy correct 49 tok 0.7928 s
157 mul_hard correct 294 tok 3.9262 s
158 count correct 118 tok 1.6881 s
159 weekday correct 296 tok 7.7007 s
160 modpow NO-ANSWER 800 tok 12.9784 s
161 add_hard correct 35 tok 0.6966 s
162 mul_easy correct 22 tok 0.4888 s
163 mul_hard correct 297 tok 4.0622 s
164 count correct 117 tok 1.6448 s
165 weekday correct 337 tok 4.5817 s
166 modpow NO-ANSWER 800 tok 10.5992 s
167 add_hard correct 35 tok 0.6936 s
168 mul_easy correct 21 tok 0.4797 s
169 mul_hard NO-ANSWER 800 tok 10.5121 s
170 count correct 143 tok 2.0136 s
171 weekday correct 342 tok 4.6592 s
172 modpow correct 800 tok 10.6384 s
173 add_hard correct 30 tok 0.6296 s
174 mul_easy correct 39 tok 0.6941 s
175 mul_hard correct 284 tok 3.8049 s
176 count correct 102 tok 1.4918 s
177 weekday correct 270 tok 3.75 s
178 modpow NO-ANSWER 800 tok 10.7659 s
179 add_hard correct 31 tok 0.6338 s
180 mul_easy correct 51 tok 0.8191 s
181 mul_hard correct 241 tok 3.3059 s
182 count correct 83 tok 1.313 s
183 weekday WRONG 383 tok 5.1419 s
184 modpow WRONG 155 tok 2.1495 s
185 add_hard correct 29 tok 0.6225 s
186 mul_easy correct 22 tok 0.511 s
187 mul_hard correct 196 tok 2.5442 s
188 count correct 70 tok 1.2019 s
189 weekday correct 292 tok 3.9875 s
190 modpow correct 748 tok 9.9605 s
191 add_hard correct 30 tok 0.6374 s
192 mul_easy correct 37 tok 0.6833 s
193 mul_hard correct 221 tok 2.9411 s
194 count correct 142 tok 2.0398 s
195 weekday correct 284 tok 3.9727 s
196 modpow NO-ANSWER 800 tok 10.7179 s
197 add_hard correct 31 tok 0.6462 s
198 mul_easy correct 40 tok 0.7052 s
199 mul_hard correct 285 tok 3.7887 s
200 count correct 149 tok 2.143 s
201 weekday correct 263 tok 3.6748 s
202 modpow WRONG 798 tok 10.5773 s
203 add_hard correct 33 tok 0.6846 s
204 mul_easy correct 34 tok 0.6718 s
205 mul_hard correct 235 tok 3.0921 s
206 count WRONG 114 tok 1.7415 s
207 weekday WRONG 609 tok 8.1933 s
208 modpow NO-ANSWER 800 tok 10.6582 s
209 add_hard correct 35 tok 0.7201 s
210 mul_easy correct 34 tok 0.6323 s
211 mul_hard correct 287 tok 3.8921 s
212 count correct 123 tok 1.7686 s
213 weekday correct 303 tok 4.1512 s
214 modpow NO-ANSWER 800 tok 10.7462 s
215 add_hard correct 30 tok 0.7192 s
216 mul_easy correct 33 tok 0.6169 s
217 mul_hard correct 255 tok 3.4305 s
218 count correct 110 tok 1.6155 s
219 weekday correct 296 tok 4.0135 s
220 modpow correct 423 tok 5.7542 s
221 add_hard correct 35 tok 0.6975 s
222 mul_easy correct 34 tok 0.6421 s
223 mul_hard correct 318 tok 4.3334 s
224 count correct 125 tok 1.7765 s
225 weekday correct 291 tok 4.0129 s
226 modpow NO-ANSWER 800 tok 10.7495 s
227 add_hard correct 30 tok 0.6596 s
228 mul_easy correct 39 tok 0.7224 s
229 mul_hard correct 219 tok 3.011 s
230 count correct 125 tok 1.8265 s
231 weekday correct 263 tok 3.6241 s
232 modpow NO-ANSWER 800 tok 10.7665 s
233 add_hard correct 30 tok 0.6419 s
234 mul_easy correct 40 tok 0.7094 s
235 mul_hard correct 213 tok 2.9987 s
236 count correct 99 tok 1.4751 s
237 weekday correct 325 tok 4.382 s
238 modpow NO-ANSWER 800 tok 10.7094 s
239 add_hard correct 31 tok 0.6593 s
