episodes 480 already done 0
0 mul_easy correct 39 tok 0.5667 s
1 mul_hard correct 354 tok 3.8305 s
2 count correct 137 tok 1.5826 s
3 weekday correct 278 tok 3.0498 s
4 modpow NO-ANSWER 800 tok 8.6622 s
5 add_hard correct 33 tok 0.4695 s
6 mul_easy correct 40 tok 0.5393 s
7 mul_hard correct 303 tok 3.2913 s
8 count correct 167 tok 1.8884 s
9 weekday correct 311 tok 3.3973 s
10 modpow correct 719 tok 7.7515 s
11 add_hard correct 35 tok 0.5017 s
12 mul_easy correct 33 tok 0.4897 s
13 mul_hard correct 225 tok 2.5335 s
14 count correct 105 tok 1.2649 s
15 weekday correct 260 tok 2.9388 s
16 modpow correct 721 tok 7.968 s
17 add_hard correct 31 tok 0.4655 s
18 mul_easy correct 34 tok 0.5025 s
19 mul_hard WRONG 263 tok 3.0233 s
20 count correct 110 tok 1.4224 s
21 weekday WRONG 232 tok 2.8244 s
22 modpow NO-ANSWER 800 tok 9.1794 s
23 add_hard correct 33 tok 0.5168 s
24 mul_easy correct 95 tok 1.2278 s
25 mul_hard correct 225 tok 2.7031 s
26 count correct 182 tok 2.2934 s
27 weekday correct 315 tok 3.7991 s
28 modpow NO-ANSWER 800 tok 9.2989 s
29 add_hard correct 30 tok 0.4821 s
30 mul_easy correct 40 tok 0.5936 s
31 mul_hard correct 257 tok 2.9988 s
32 count correct 100 tok 1.2631 s
33 weekday correct 279 tok 3.2173 s
34 modpow correct 580 tok 6.4953 s
35 add_hard correct 31 tok 0.4807 s
36 mul_easy correct 39 tok 0.5822 s
37 mul_hard correct 251 tok 2.9087 s
38 count correct 84 tok 1.0821 s
39 weekday correct 279 tok 3.5129 s
40 modpow correct 689 tok 7.8329 s
41 add_hard correct 29 tok 0.4642 s
42 mul_easy correct 34 tok 0.5188 s
43 mul_hard correct 193 tok 2.2771 s
44 count correct 118 tok 1.4422 s
45 weekday correct 293 tok 3.4025 s
46 modpow WRONG 208 tok 2.476 s
47 add_hard correct 30 tok 0.4743 s
48 mul_easy correct 40 tok 0.588 s
49 mul_hard WRONG 271 tok 3.1514 s
50 count correct 172 tok 2.0973 s
51 weekday correct 258 tok 3.0145 s
52 modpow NO-ANSWER 800 tok 9.1947 s
53 add_hard correct 76 tok 1.0072 s
54 mul_easy correct 43 tok 0.6595 s
55 mul_hard correct 324 tok 3.913 s
56 count correct 85 tok 1.203 s
57 weekday correct 316 tok 4.1212 s
58 modpow NO-ANSWER 800 tok 12.7733 s
59 add_hard correct 29 tok 0.6289 s
60 mul_easy correct 21 tok 0.4853 s
61 mul_hard correct 276 tok 3.7436 s
62 count correct 64 tok 1.2693 s
63 weekday correct 307 tok 4.2579 s
64 modpow NO-ANSWER 800 tok 11.667 s
65 add_hard correct 29 tok 0.6186 s
66 mul_easy correct 34 tok 0.6919 s
67 mul_hard WRONG 244 tok 3.9 s
68 count correct 181 tok 2.9589 s
69 weekday correct 36 tok 0.8275 s
70 modpow correct 751 tok 13.0188 s
71 add_hard correct 31 tok 0.7775 s
72 mul_easy correct 35 tok 0.7889 s
73 mul_hard correct 267 tok 4.7749 s
74 count correct 120 tok 2.221 s
75 weekday WRONG 194 tok 3.3459 s
76 modpow NO-ANSWER 800 tok 12.9719 s
77 add_hard correct 35 tok 0.8276 s
78 mul_easy correct 37 tok 0.7928 s
79 mul_hard correct 233 tok 3.631 s
80 count correct 97 tok 1.9022 s
81 weekday correct 292 tok 4.6071 s
82 modpow NO-ANSWER 800 tok 12.348 s
83 add_hard correct 35 tok 0.7165 s
84 mul_easy correct 35 tok 0.7352 s
85 mul_hard correct 200 tok 2.9745 s
86 count correct 83 tok 1.4741 s
87 weekday WRONG 98 tok 1.6313 s
88 modpow WRONG 528 tok 7.5971 s
89 add_hard correct 27 tok 0.5905 s
90 mul_easy correct 34 tok 0.6831 s
91 mul_hard correct 269 tok 3.9099 s
92 count correct 122 tok 1.9589 s
93 weekday WRONG 140 tok 2.0936 s
94 modpow NO-ANSWER 800 tok 11.2842 s
95 add_hard correct 35 tok 0.6823 s
96 mul_easy correct 33 tok 0.6524 s
97 mul_hard correct 301 tok 4.2772 s
98 count correct 103 tok 1.7774 s
99 weekday correct 309 tok 4.3879 s
100 modpow correct 676 tok 9.6579 s
101 add_hard correct 35 tok 0.7007 s
102 mul_easy correct 40 tok 0.771 s
103 mul_hard correct 285 tok 4.1057 s
104 count correct 118 tok 1.8916 s
105 weekday correct 313 tok 4.8412 s
106 modpow NO-ANSWER 800 tok 11.6195 s
107 add_hard correct 35 tok 0.8046 s
108 mul_easy correct 34 tok 0.7776 s
109 mul_hard correct 323 tok 4.6958 s
110 count WRONG 118 tok 1.8107 s
111 weekday correct 280 tok 4.1076 s
112 modpow NO-ANSWER 800 tok 11.4355 s
113 add_hard correct 31 tok 0.6259 s
114 mul_easy correct 33 tok 0.7021 s
115 mul_hard correct 208 tok 3.2059 s
116 count correct 156 tok 2.5606 s
117 weekday correct 340 tok 5.1201 s
118 modpow NO-ANSWER 800 tok 11.5182 s
119 add_hard correct 33 tok 0.6507 s
120 mul_easy correct 39 tok 0.7595 s
121 mul_hard correct 276 tok 3.9639 s
122 count WRONG 90 tok 1.523 s
123 weekday correct 351 tok 4.9232 s
124 modpow correct 753 tok 11.1309 s
125 add_hard correct 33 tok 0.6202 s
126 mul_easy correct 37 tok 0.7581 s
127 mul_hard correct 256 tok 3.6795 s
128 count correct 87 tok 1.4703 s
129 weekday correct 448 tok 6.284 s
130 modpow NO-ANSWER 800 tok 11.2696 s
131 add_hard correct 35 tok 0.6901 s
132 mul_easy correct 34 tok 0.6633 s
133 mul_hard correct 248 tok 3.4337 s
134 count correct 66 tok 1.2175 s
135 weekday correct 351 tok 4.9356 s
136 modpow correct 554 tok 7.8577 s
137 add_hard correct 33 tok 0.8007 s
138 mul_easy correct 35 tok 0.7854 s
139 mul_hard correct 268 tok 3.7932 s
140 count correct 126 tok 2.0157 s
141 weekday correct 237 tok 3.2711 s
142 modpow NO-ANSWER 800 tok 10.8929 s
143 add_hard correct 30 tok 0.6273 s
144 mul_easy correct 33 tok 0.6857 s
145 mul_hard correct 131 tok 1.8584 s
146 count correct 210 tok 2.9409 s
147 weekday correct 326 tok 4.4578 s
148 modpow correct 478 tok 6.5739 s
149 add_hard correct 35 tok 0.6504 s
150 mul_easy correct 33 tok 0.6275 s
151 mul_hard correct 248 tok 3.3773 s
152 count correct 142 tok 2.1365 s
153 weekday correct 290 tok 4.1254 s
154 modpow NO-ANSWER 800 tok 11.1757 s
155 add_hard correct 34 tok 0.6448 s
156 mul_easy correct 49 tok 0.8407 s
157 mul_hard correct 294 tok 4.1298 s
158 count correct 118 tok 1.8251 s
159 weekday correct 296 tok 4.0934 s
160 modpow NO-ANSWER 800 tok 11.1723 s
161 add_hard correct 35 tok 0.7251 s
162 mul_easy correct 22 tok 0.5431 s
163 mul_hard correct 297 tok 4.0326 s
164 count correct 117 tok 1.9038 s
165 weekday correct 337 tok 4.6645 s
166 modpow NO-ANSWER 800 tok 11.0043 s
167 add_hard correct 35 tok 0.6732 s
168 mul_easy correct 21 tok 0.5073 s
169 mul_hard NO-ANSWER 800 tok 11.3541 s
170 count correct 143 tok 2.2149 s
171 weekday correct 342 tok 5.1091 s
172 modpow correct 800 tok 11.775 s
173 add_hard correct 30 tok 0.6558 s
174 mul_easy correct 39 tok 0.797 s
175 mul_hard correct 284 tok 4.1515 s
176 count correct 102 tok 1.7952 s
177 weekday correct 270 tok 4.8524 s
178 modpow NO-ANSWER 800 tok 14.1393 s
179 add_hard correct 31 tok 0.7017 s
180 mul_easy correct 51 tok 1.1063 s
181 mul_hard correct 241 tok 4.2389 s
182 count correct 83 tok 1.6714 s
183 weekday WRONG 383 tok 6.509 s
184 modpow WRONG 155 tok 2.4969 s
185 add_hard correct 29 tok 0.5739 s
186 mul_easy correct 22 tok 0.5183 s
187 mul_hard correct 196 tok 2.8672 s
188 count correct 70 tok 1.2647 s
189 weekday correct 292 tok 4.3297 s
190 modpow correct 748 tok 11.0455 s
191 add_hard correct 30 tok 0.6509 s
192 mul_easy correct 37 tok 0.7371 s
193 mul_hard correct 221 tok 3.1002 s
194 count correct 142 tok 2.3235 s
195 weekday correct 284 tok 4.471 s
196 modpow NO-ANSWER 800 tok 11.7206 s
197 add_hard correct 31 tok 0.6216 s
198 mul_easy correct 40 tok 0.8316 s
199 mul_hard correct 285 tok 4.4572 s
200 count correct 149 tok 2.8666 s
201 weekday correct 263 tok 4.3731 s
202 modpow WRONG 798 tok 13.5531 s
203 add_hard correct 33 tok 0.8396 s
204 mul_easy correct 34 tok 0.919 s
205 mul_hard correct 235 tok 4.1718 s
206 count WRONG 114 tok 2.0453 s
207 weekday WRONG 609 tok 10.204 s
208 modpow NO-ANSWER 800 tok 12.4332 s
209 add_hard correct 35 tok 0.7512 s
210 mul_easy correct 34 tok 0.726 s
211 mul_hard correct 287 tok 4.4738 s
212 count correct 123 tok 2.0348 s
213 weekday correct 303 tok 4.5997 s
214 modpow NO-ANSWER 800 tok 12.9463 s
215 add_hard correct 30 tok 0.6807 s
216 mul_easy correct 33 tok 0.6813 s
217 mul_hard correct 255 tok 3.9126 s
218 count correct 110 tok 2.0049 s
219 weekday correct 296 tok 4.5528 s
220 modpow correct 423 tok 6.5429 s
221 add_hard correct 35 tok 0.7392 s
222 mul_easy correct 34 tok 0.7452 s
223 mul_hard correct 318 tok 5.0405 s
224 count correct 125 tok 2.1616 s
225 weekday correct 291 tok 4.4583 s
226 modpow NO-ANSWER 800 tok 12.5099 s
227 add_hard correct 30 tok 0.6712 s
228 mul_easy correct 39 tok 0.7917 s
229 mul_hard correct 219 tok 3.2234 s
230 count correct 125 tok 2.1554 s
231 weekday correct 263 tok 3.9602 s
232 modpow NO-ANSWER 800 tok 11.921 s
233 add_hard correct 30 tok 0.6732 s
234 mul_easy correct 40 tok 0.8426 s
235 mul_hard correct 213 tok 3.1432 s
236 count correct 99 tok 1.7517 s
237 weekday correct 325 tok 5.1285 s
238 modpow NO-ANSWER 800 tok 12.2713 s
239 add_hard correct 31 tok 0.6735 s
240 mul_easy correct 35 tok 0.7567 s
241 mul_hard WRONG 163 tok 2.3894 s
242 count correct 144 tok 2.4974 s
243 weekday WRONG 465 tok 7.2899 s
244 modpow NO-ANSWER 800 tok 12.1159 s
245 add_hard correct 35 tok 0.7423 s
246 mul_easy correct 40 tok 0.8491 s
247 mul_hard correct 409 tok 6.6478 s
248 count correct 123 tok 2.0333 s
249 weekday correct 316 tok 5.2399 s
250 modpow correct 720 tok 13.0681 s
251 add_hard correct 23 tok 0.55 s
252 mul_easy correct 37 tok 0.8604 s
253 mul_hard WRONG 252 tok 4.596 s
254 count correct 128 tok 2.1349 s
255 weekday correct 265 tok 4.5735 s
256 modpow WRONG 519 tok 8.3577 s
257 add_hard correct 33 tok 0.6916 s
258 mul_easy correct 40 tok 0.8147 s
259 mul_hard correct 296 tok 5.0059 s
260 count correct 132 tok 2.0494 s
261 weekday correct 250 tok 3.8498 s
262 modpow WRONG 712 tok 10.8138 s
263 add_hard correct 31 tok 0.8559 s
264 mul_easy correct 45 tok 1.0193 s
265 mul_hard correct 281 tok 4.6527 s
266 count correct 178 tok 3.1697 s
267 weekday correct 301 tok 5.2078 s
268 modpow WRONG 299 tok 4.619 s
269 add_hard correct 33 tok 0.6969 s
270 mul_easy correct 33 tok 0.7035 s
271 mul_hard correct 191 tok 2.8019 s
272 count correct 98 tok 1.7386 s
273 weekday correct 323 tok 4.8587 s
274 modpow NO-ANSWER 800 tok 12.3903 s
275 add_hard correct 23 tok 0.5763 s
276 mul_easy correct 40 tok 0.8285 s
277 mul_hard correct 301 tok 4.7922 s
278 count correct 113 tok 1.8503 s
279 weekday correct 280 tok 4.3394 s
280 modpow NO-ANSWER 800 tok 12.8151 s
281 add_hard correct 30 tok 0.6691 s
282 mul_easy correct 33 tok 0.735 s
283 mul_hard correct 240 tok 3.7258 s
284 count correct 186 tok 3.1873 s
285 weekday correct 269 tok 4.4333 s
286 modpow NO-ANSWER 800 tok 12.8451 s
287 add_hard correct 23 tok 0.5554 s
288 mul_easy correct 34 tok 0.7298 s
289 mul_hard correct 361 tok 5.6134 s
290 count correct 104 tok 1.8648 s
291 weekday correct 336 tok 5.4708 s
292 modpow NO-ANSWER 800 tok 13.1748 s
293 add_hard correct 35 tok 0.7546 s
294 mul_easy correct 37 tok 0.815 s
295 mul_hard correct 270 tok 4.2449 s
296 count correct 162 tok 2.8486 s
297 weekday correct 400 tok 6.5635 s
298 modpow NO-ANSWER 800 tok 14.3897 s
299 add_hard correct 34 tok 0.8193 s
300 mul_easy correct 39 tok 0.9104 s
301 mul_hard correct 310 tok 4.9306 s
302 count correct 90 tok 1.5759 s
303 weekday WRONG 276 tok 4.5532 s
304 modpow correct 774 tok 12.4581 s
305 add_hard correct 35 tok 0.7907 s
306 mul_easy correct 39 tok 0.9594 s
307 mul_hard correct 240 tok 3.8483 s
308 count correct 117 tok 2.097 s
309 weekday correct 303 tok 5.059 s
310 modpow correct 678 tok 10.3333 s
311 add_hard correct 35 tok 0.6979 s
312 mul_easy correct 40 tok 0.8258 s
313 mul_hard correct 263 tok 3.8435 s
314 count correct 114 tok 2.2556 s
315 weekday correct 294 tok 5.2778 s
316 modpow NO-ANSWER 800 tok 12.5486 s
317 add_hard correct 35 tok 0.7221 s
318 mul_easy correct 33 tok 0.788 s
319 mul_hard correct 268 tok 4.0775 s
320 count correct 136 tok 2.4868 s
321 weekday correct 278 tok 4.419 s
322 modpow NO-ANSWER 800 tok 12.4915 s
323 add_hard correct 23 tok 0.5793 s
324 mul_easy correct 40 tok 0.9463 s
325 mul_hard correct 203 tok 2.8964 s
326 count correct 109 tok 1.9818 s
327 weekday correct 392 tok 6.5122 s
328 modpow NO-ANSWER 800 tok 13.2979 s
329 add_hard correct 35 tok 0.7995 s
330 mul_easy correct 34 tok 0.752 s
331 mul_hard correct 281 tok 4.3749 s
332 count correct 106 tok 2.0977 s
333 weekday correct 291 tok 4.5129 s
334 modpow NO-ANSWER 800 tok 13.0729 s
335 add_hard correct 30 tok 0.7158 s
336 mul_easy correct 39 tok 0.851 s
337 mul_hard correct 196 tok 2.8859 s
338 count correct 106 tok 1.9823 s
339 weekday correct 290 tok 4.5214 s
340 modpow NO-ANSWER 800 tok 12.7317 s
341 add_hard correct 23 tok 0.5789 s
342 mul_easy correct 40 tok 0.8449 s
343 mul_hard correct 282 tok 4.3408 s
344 count correct 164 tok 2.7626 s
345 weekday correct 333 tok 5.1555 s
346 modpow correct 782 tok 12.0462 s
347 add_hard correct 35 tok 0.7256 s
348 mul_easy correct 44 tok 1.1014 s
349 mul_hard correct 193 tok 3.1139 s
350 count correct 106 tok 2.1084 s
351 weekday correct 532 tok 8.7473 s
352 modpow NO-ANSWER 800 tok 13.3053 s
353 add_hard correct 30 tok 0.6742 s
354 mul_easy correct 34 tok 0.8839 s
355 mul_hard correct 235 tok 3.9457 s
356 count correct 99 tok 2.0341 s
357 weekday WRONG 157 tok 3.2496 s
358 modpow NO-ANSWER 800 tok 13.529 s
359 add_hard correct 35 tok 0.7331 s
360 mul_easy correct 34 tok 0.7732 s
361 mul_hard correct 272 tok 4.3344 s
362 count correct 100 tok 1.8137 s
363 weekday correct 235 tok 3.6754 s
364 modpow NO-ANSWER 800 tok 12.9318 s
365 add_hard correct 31 tok 0.6964 s
366 mul_easy correct 39 tok 0.8426 s
367 mul_hard correct 301 tok 4.5328 s
368 count correct 125 tok 2.12 s
369 weekday correct 374 tok 6.1805 s
370 modpow NO-ANSWER 800 tok 13.5787 s
371 add_hard correct 33 tok 0.6846 s
372 mul_easy correct 39 tok 0.8285 s
373 mul_hard correct 354 tok 5.5886 s
374 count correct 134 tok 2.2839 s
375 weekday correct 343 tok 5.7998 s
376 modpow NO-ANSWER 800 tok 15.2821 s
377 add_hard correct 35 tok 0.7233 s
378 mul_easy correct 39 tok 0.8876 s
379 mul_hard correct 192 tok 3.0237 s
380 count correct 173 tok 3.2667 s
381 weekday WRONG 211 tok 3.7351 s
382 modpow WRONG 626 tok 10.212 s
383 add_hard correct 29 tok 0.6556 s
384 mul_easy correct 46 tok 0.9356 s
385 mul_hard WRONG 274 tok 4.2907 s
386 count correct 151 tok 2.8433 s
387 weekday correct 325 tok 5.1026 s
388 modpow correct 468 tok 8.5375 s
389 add_hard correct 35 tok 0.8189 s
390 mul_easy correct 33 tok 0.7169 s
391 mul_hard correct 286 tok 4.4047 s
392 count correct 132 tok 2.2626 s
393 weekday WRONG 205 tok 3.2301 s
394 modpow NO-ANSWER 800 tok 12.3654 s
395 add_hard correct 30 tok 0.6724 s
396 mul_easy correct 37 tok 0.8123 s
397 mul_hard correct 235 tok 3.7591 s
398 count correct 100 tok 1.8626 s
399 weekday correct 290 tok 4.3626 s
400 modpow NO-ANSWER 800 tok 12.0256 s
401 add_hard correct 35 tok 0.7385 s
402 mul_easy correct 33 tok 0.7092 s
403 mul_hard correct 240 tok 3.6072 s
404 count correct 116 tok 2.0814 s
405 weekday correct 268 tok 4.1778 s
406 modpow NO-ANSWER 800 tok 12.4791 s
407 add_hard correct 31 tok 0.6888 s
408 mul_easy correct 34 tok 0.7184 s
409 mul_hard correct 234 tok 3.6166 s
410 count WRONG 105 tok 1.968 s
411 weekday correct 345 tok 5.7986 s
412 modpow NO-ANSWER 800 tok 15.2309 s
413 add_hard correct 35 tok 0.9428 s
414 mul_easy correct 40 tok 0.9698 s
415 mul_hard correct 286 tok 4.9768 s
416 count correct 105 tok 1.9968 s
417 weekday correct 355 tok 5.8804 s
418 modpow WRONG 454 tok 7.7465 s
419 add_hard correct 33 tok 0.7107 s
420 mul_easy correct 40 tok 0.7894 s
421 mul_hard correct 332 tok 6.7101 s
422 count correct 163 tok 3.4469 s
423 weekday correct 263 tok 5.0334 s
424 modpow NO-ANSWER 800 tok 13.8077 s
425 add_hard correct 29 tok 0.7188 s
426 mul_easy correct 40 tok 0.9315 s
427 mul_hard WRONG 205 tok 3.1925 s
428 count correct 63 tok 1.3146 s
429 weekday correct 256 tok 4.0397 s
430 modpow correct 493 tok 7.923 s
431 add_hard correct 35 tok 0.7948 s
432 mul_easy correct 34 tok 0.778 s
433 mul_hard correct 344 tok 5.4377 s
434 count correct 161 tok 2.6352 s
435 weekday correct 253 tok 4.1892 s
436 modpow NO-ANSWER 800 tok 13.9685 s
437 add_hard correct 35 tok 0.7612 s
438 mul_easy correct 38 tok 0.8326 s
439 mul_hard WRONG 339 tok 5.4035 s
440 count correct 140 tok 2.3406 s
441 weekday correct 297 tok 4.7803 s
442 modpow correct 518 tok 8.2833 s
443 add_hard correct 35 tok 0.7414 s
444 mul_easy correct 70 tok 1.2427 s
445 mul_hard correct 224 tok 3.4161 s
446 count correct 55 tok 1.1208 s
447 weekday correct 298 tok 4.7476 s
448 modpow NO-ANSWER 800 tok 13.5946 s
449 add_hard correct 33 tok 0.773 s
450 mul_easy correct 35 tok 0.7894 s
451 mul_hard correct 229 tok 3.6606 s
452 count correct 67 tok 1.8213 s
453 weekday WRONG 339 tok 5.4453 s
454 modpow NO-ANSWER 800 tok 12.778 s
455 add_hard correct 35 tok 0.7265 s
456 mul_easy correct 35 tok 0.7627 s
457 mul_hard correct 135 tok 2.2157 s
458 count correct 81 tok 1.4708 s
459 weekday WRONG 264 tok 4.1762 s
460 modpow NO-ANSWER 800 tok 12.5042 s
461 add_hard correct 29 tok 0.6552 s
462 mul_easy correct 40 tok 0.839 s
463 mul_hard WRONG 303 tok 4.5706 s
464 count correct 84 tok 1.6461 s
465 weekday correct 296 tok 4.5511 s
466 modpow NO-ANSWER 800 tok 12.481 s
467 add_hard correct 35 tok 0.7177 s
468 mul_easy correct 40 tok 0.8428 s
469 mul_hard correct 584 tok 8.9919 s
470 count correct 77 tok 1.4315 s
471 weekday correct 310 tok 4.8583 s
472 modpow WRONG 309 tok 4.9625 s
473 add_hard correct 35 tok 0.7658 s
474 mul_easy correct 39 tok 0.8368 s
475 mul_hard correct 282 tok 4.5812 s
476 count correct 100 tok 1.9034 s
477 weekday correct 305 tok 5.3662 s
478 modpow NO-ANSWER 800 tok 15.3131 s
479 add_hard correct 35 tok 0.798 s
