python3 -m py_compile src/*.py tests/*.py
python3 tests/test_core.py
PASS t_vitals_c_equals_reference
PASS t_hpa_c_equals_reference
PASS t_prefix_at_answer_equals_full_reasoning
PASS t_reasoning_features_blind_to_answer_tokens
PASS t_paired_bootstrap_identical_is_zero
5/5 tests passed
python3 tests/experiment.py
{
 "n": 217,
 "failures": 21,
 "seed0_train_episodes": 428,
 "auroc_ci95": {
  "O_organism": [
   0.7199,
   0.5695,
   0.8459
  ],
  "O_hpa": [
   0.6645,
   0.5619,
   0.7668
  ],
  "B1_llm_judge": [
   0.8861,
   0.7913,
   0.9567
  ],
  "B2_self_consistency": [
   0.9795,
   0.962,
   0.9919
  ],
  "B3_answer_confidence": [
   0.3901,
   0.2905,
   0.5046
  ]
 },
 "recall_at_10fpr": {
  "O_organism": 0.4762,
  "O_hpa": 0.0952,
  "B1_llm_judge": 0.619,
  "B2_self_consistency": 1.0,
  "B3_answer_confidence": 0.0
 },
 "organism_recall_at_frozen_seed0_threshold": 0.4762,
 "paired_O_minus_B": {
  "B1_llm_judge": [
   -0.1662,
   -0.3118,
   -0.0229
  ],
  "B2_self_consistency": [
   -0.2596,
   -0.4084,
   -0.1279
  ],
  "B3_answer_confidence": [
   0.3298,
   0.1115,
   0.5256
  ]
 },
 "paired_OHPA_minus_B": {
  "B1_llm_judge": [
   -0.2216,
   -0.3397,
   -0.1017
  ],
  "B2_self_consistency": [
   -0.315,
   -0.415,
   -0.2124
  ],
  "B3_answer_confidence": [
   0.2744,
   0.0902,
   0.4454
  ]
 },
 "H1_verdict_vs_best_behavior": {
  "best_behavior": "B2_self_consistency",
  "diff_ci": [
   -0.2596,
   -0.4084,
   -0.1279
  ],
  "verdict": "inferior"
 },
 "H3_O_plus_best_vs_best": {
  "diff_ci": [
   0.0006,
   -0.0121,
   0.0118
  ],
  "holds": false
 },
 "H2_lead_time": {
  "errors_detected_at_frozen_threshold": 10,
  "median_lead_tokens": 291.0,
  "median_lead_ms": 4464.9,
  "share_alarm_before_answer": 1.0,
  "holds": true,
  "behavior_monitors_lead": "<= 0 by construction (need the completed answer)"
 }
}
