[2026-10-06 03:55:37] START
[2026-10-06 03:55:42] TESTS_OK
[2026-10-06 03:57:52] SMOKE_OK
[2026-10-06 04:05:56] DRYRUN_OK
[2026-10-06 04:06:43] COMMITTED 64150a4
[2026-10-06 04:06:47] TIMESTAMPED
[2026-10-06 04:06:47] WAITING_FOR_AC_POWER before recording
[2026-10-06 04:29:27] START
[2026-10-06 04:29:27] RESUME_AFTER_TIMESTAMP
[2026-10-06 04:29:27] WAITING_FOR_AC_POWER before recording
[2026-10-06 04:30:27] ON_AC_POWER
[2026-10-06 04:30:34] ALIGNMENT_OK
[2026-10-06 05:06:34] SEED_15_RECORDED 600 episodes
[2026-10-06 05:45:26] SEED_16_RECORDED 600 episodes
[2026-10-06 06:23:27] SEED_17_RECORDED 600 episodes
[2026-10-06 07:01:12] SEED_18_RECORDED 600 episodes
[2026-10-06 07:38:55] SEED_19_RECORDED 600 episodes
[2026-10-06 08:16:22] SEED_20_RECORDED 600 episodes
[2026-10-06 08:54:03] SEED_21_RECORDED 600 episodes
[2026-10-06 09:31:27] SEED_22_RECORDED 600 episodes
[2026-10-06 10:08:49] SEED_23_RECORDED 600 episodes
[2026-10-06 10:46:35] SEED_24_RECORDED 600 episodes
[2026-10-06 11:24:14] SEED_25_RECORDED 600 episodes
[2026-10-06 12:02:00] SEED_26_RECORDED 600 episodes
[2026-10-06 12:02:00] SELFCONS_START
[2026-10-06 21:46:12] START
[2026-10-06 21:46:12] RESUME_AFTER_TIMESTAMP
[2026-10-06 21:46:26] ALIGNMENT_OK
[2026-10-06 21:46:26] SELFCONS_START
[2026-10-07 07:53:56] SEED_15_SELFCONS_COMPLETE 538 of 538
[2026-10-07 07:53:56] SEED_16_SELFCONS_COMPLETE 530 of 530
[2026-10-07 07:53:56] SEED_17_SELFCONS_COMPLETE 536 of 536
[2026-10-07 07:53:57] SEED_18_SELFCONS_COMPLETE 544 of 544
[2026-10-07 07:53:57] SEED_19_SELFCONS_COMPLETE 529 of 529
[2026-10-07 07:53:57] SEED_20_SELFCONS_COMPLETE 539 of 539
[2026-10-07 07:53:57] SEED_21_SELFCONS_COMPLETE 540 of 540
[2026-10-07 07:53:57] SEED_22_SELFCONS_COMPLETE 544 of 544
[2026-10-07 07:53:57] SEED_23_SELFCONS_COMPLETE 539 of 539
[2026-10-07 07:53:57] SEED_24_SELFCONS_COMPLETE 544 of 544
[2026-10-07 07:53:57] SEED_25_SELFCONS_COMPLETE 537 of 537
[2026-10-07 07:53:57] SEED_26_SELFCONS_COMPLETE 537 of 537
packed seed 15 600 episodes, no shift
packed seed 16 600 episodes, no shift
packed seed 17 600 episodes, no shift
packed seed 18 600 episodes, no shift
packed seed 19 600 episodes, no shift
packed seed 20 600 episodes, no shift
packed seed 21 600 episodes, no shift
packed seed 22 600 episodes, no shift
packed seed 23 600 episodes, no shift
packed seed 24 600 episodes, no shift
packed seed 25 600 episodes, no shift
packed seed 26 600 episodes, no shift
[2026-10-07 07:54:36] PACKED
[2026-10-07 08:08:55] CONFIRMATORY_OK
[2026-10-07 08:15:25] STOP results publish failed
