9 266 0.0 8.007 s
9 267 0.25 10.458 s
9 269 0.0 1.662 s
9 270 0.0 1.815 s
9 271 0.0 10.143 s
9 272 0.0 4.56 s
9 273 0.25 13.942 s
9 275 0.0 1.511 s
9 276 0.0 1.677 s
9 277 1.0 11.934 s
9 278 0.0 3.099 s
9 279 0.0 11.56 s
9 281 0.0 1.721 s
9 282 0.0 1.989 s
9 283 0.0 9.796 s
9 284 0.0 4.012 s
9 285 0.25 10.826 s
9 286 0.25 18.543 s
9 287 0.0 1.54 s
9 288 0.0 2.043 s
9 289 0.5 10.719 s
9 290 0.0 5.025 s
9 291 0.0 12.134 s
9 292 0.0 16.671 s
9 293 0.0 1.767 s
9 294 0.0 2.031 s
9 295 0.75 10.161 s
9 296 0.5 10.214 s
9 297 0.5 19.611 s
9 299 0.0 2.223 s
9 300 0.0 2.506 s
9 301 0.5 12.059 s
9 302 0.5 9.659 s
9 303 0.0 15.69 s
9 304 1.0 39.19 s
9 305 0.0 2.032 s
9 306 0.0 2.608 s
9 307 0.25 11.749 s
9 308 0.0 7.832 s
9 309 1.0 14.934 s
9 310 1.0 36.699 s
9 311 0.0 2.061 s
9 312 0.0 2.139 s
9 313 0.0 11.659 s
9 314 0.0 6.639 s
9 315 0.0 12.047 s
9 316 0.25 32.273 s
9 317 0.0 2.081 s
9 318 0.0 3.125 s
9 319 1.0 19.978 s
9 320 0.0 6.389 s
9 321 0.25 13.765 s
9 323 0.0 2.201 s
9 324 0.0 2.405 s
9 325 0.0 13.49 s
9 326 0.0 10.381 s
9 327 1.0 22.437 s
9 329 0.0 2.701 s
9 330 0.0 2.262 s
9 331 0.0 13.185 s
9 332 0.0 6.126 s
9 333 0.25 14.894 s
9 335 0.0 2.39 s
9 336 0.0 2.852 s
9 337 0.0 11.22 s
9 338 0.0 7.016 s
9 339 0.0 15.041 s
9 341 0.0 2.166 s
9 342 0.0 2.384 s
9 343 0.5 13.825 s
9 344 0.25 5.678 s
9 345 0.25 19.49 s
9 347 0.0 2.749 s
9 348 0.0 2.571 s
9 349 0.0 16.308 s
9 350 0.0 4.62 s
9 351 0.25 18.135 s
9 353 0.0 2.396 s
9 354 0.0 2.359 s
9 355 0.0 8.761 s
9 356 0.0 11.067 s
9 357 0.5 16.536 s
9 358 0.0 22.523 s
9 359 0.0 2.44 s
9 360 0.0 3.067 s
9 361 0.0 10.04 s
9 362 0.0 7.713 s
9 363 0.25 17.359 s
9 364 0.0 27.205 s
9 365 0.0 2.316 s
9 366 0.0 3.013 s
9 367 0.0 17.215 s
9 368 0.5 4.374 s
9 369 0.25 17.254 s
9 371 0.0 2.998 s
9 372 0.0 3.201 s
9 373 0.0 13.351 s
9 374 0.0 7.238 s
9 375 0.5 29.978 s
9 377 0.0 3.116 s
9 378 0.25 2.71 s
9 379 0.0 17.516 s
9 380 0.0 6.717 s
9 381 1.0 19.063 s
9 383 0.0 2.54 s
9 384 0.0 2.86 s
9 385 0.0 12.411 s
9 386 0.0 19.042 s
9 387 0.5 20.296 s
9 389 0.0 2.945 s
9 390 0.0 2.605 s
9 391 0.25 18.805 s
9 392 0.0 10.802 s
9 393 0.5 20.117 s
9 395 0.0 2.337 s
9 396 0.0 3.785 s
9 397 0.0 17.792 s
9 398 0.0 7.477 s
9 399 0.0 14.287 s
9 400 0.25 37.044 s
9 401 0.0 2.257 s
9 402 0.0 2.524 s
9 403 0.0 12.345 s
9 404 0.0 7.224 s
9 405 0.0 13.486 s
9 406 0.75 39.722 s
9 407 0.0 2.272 s
9 408 0.0 2.783 s
9 409 0.5 17.404 s
9 410 0.0 11.285 s
9 411 0.75 24.182 s
9 412 0.75 41.888 s
9 413 0.0 2.36 s
9 414 0.0 2.585 s
9 415 0.0 14.955 s
9 416 0.0 8.24 s
9 417 0.25 19.576 s
9 419 0.0 2.068 s
9 420 0.0 3.048 s
9 421 0.0 13.987 s
9 422 0.0 6.227 s
9 423 0.25 22.06 s
9 424 0.0 35.131 s
9 425 0.0 2.52 s
9 426 0.0 2.638 s
9 427 0.0 13.19 s
9 428 0.0 10.568 s
9 429 0.25 14.927 s
9 430 0.75 40.798 s
9 431 0.0 2.306 s
9 432 0.0 2.59 s
9 433 0.0 13.345 s
9 434 0.0 6.609 s
9 435 0.0 16.368 s
9 436 1.0 44.96 s
9 437 0.0 2.597 s
9 438 0.0 2.657 s
9 439 0.25 15.941 s
9 440 1.0 8.214 s
9 441 0.25 23.674 s
9 443 0.0 2.509 s
9 444 0.0 2.958 s
9 445 0.0 14.081 s
9 446 0.0 8.664 s
9 447 0.0 17.28 s
9 449 0.0 2.725 s
9 450 0.0 3.272 s
9 451 0.0 15.981 s
9 452 0.0 4.922 s
9 453 0.0 15.3 s
9 455 0.0 2.669 s
9 456 0.0 2.701 s
9 457 0.0 14.581 s
9 458 0.0 9.186 s
9 459 1.0 17.989 s
9 461 0.0 2.451 s
9 462 0.0 1.884 s
9 463 0.0 14.837 s
9 464 0.0 7.642 s
9 465 0.0 13.973 s
9 467 0.0 2.446 s
9 468 0.0 2.883 s
9 469 0.0 14.371 s
9 470 0.0 7.325 s
9 471 1.0 8.222 s
9 473 0.0 2.144 s
9 474 0.0 2.307 s
9 475 0.25 14.118 s
9 476 0.0 6.194 s
9 477 0.25 13.495 s
9 478 0.0 24.424 s
9 479 0.0 2.219 s
9 480 0.0 2.574 s
9 481 0.0 15.715 s
9 482 0.0 11.946 s
9 483 0.0 17.54 s
9 485 0.0 2.579 s
9 486 0.0 2.887 s
9 487 0.25 9.361 s
9 488 0.0 10.017 s
9 489 0.0 14.599 s
9 491 0.0 2.449 s
9 492 0.0 1.805 s
9 493 0.0 14.032 s
9 494 1.0 3.757 s
9 495 0.0 19.619 s
9 497 0.0 2.179 s
9 498 0.25 3.331 s
9 499 0.0 12.144 s
9 500 0.0 7.615 s
9 501 0.0 14.734 s
9 503 0.0 2.402 s
9 504 0.0 2.391 s
9 505 0.0 18.325 s
9 506 0.25 6.042 s
9 507 0.75 29.335 s
9 509 0.0 2.417 s
9 510 0.0 2.425 s
9 511 0.0 14.813 s
9 512 0.0 7.32 s
9 513 1.0 17.194 s
9 515 0.0 2.138 s
9 516 0.0 2.352 s
9 517 0.0 12.786 s
9 518 0.0 3.839 s
9 519 0.0 16.274 s
9 520 0.25 37.011 s
9 521 0.0 2.357 s
9 522 0.0 2.618 s
9 523 0.0 11.203 s
9 524 0.0 5.79 s
9 525 0.5 19.092 s
9 527 0.0 2.176 s
9 528 0.0 3.393 s
9 529 0.5 12.729 s
9 530 0.0 6.385 s
9 531 0.25 22.517 s
9 532 0.5 25.452 s
9 533 0.0 2.683 s
9 534 0.0 2.885 s
9 535 0.0 12.284 s
9 536 0.0 7.656 s
9 537 0.25 18.582 s
9 539 0.0 2.409 s
9 540 0.0 1.802 s
9 541 0.25 12.106 s
9 542 0.0 5.323 s
9 543 0.5 5.421 s
9 544 1.0 40.607 s
9 545 0.0 2.326 s
9 546 0.0 4.158 s
9 547 0.0 12.788 s
9 548 0.0 8.861 s
9 549 0.0 16.115 s
9 550 0.0 26.926 s
9 551 0.0 2.144 s
9 552 0.0 2.273 s
9 553 0.0 12.016 s
9 554 0.0 7.323 s
9 555 0.0 15.334 s
9 557 0.0 2.228 s
9 558 0.0 3.318 s
9 559 0.25 14.186 s
9 560 0.0 3.599 s
9 561 0.25 15.949 s
9 562 1.0 30.763 s
9 563 0.0 2.468 s
9 564 0.0 2.405 s
9 565 0.5 21.68 s
9 566 0.0 7.012 s
9 567 0.0 16.564 s
9 568 0.0 26.728 s
9 569 0.25 2.317 s
9 570 0.0 2.474 s
9 571 0.25 17.874 s
9 572 0.0 7.279 s
9 573 0.0 15.472 s
9 574 1.0 40.221 s
9 575 0.0 2.088 s
9 576 0.0 3.311 s
9 577 0.0 11.607 s
9 578 0.0 5.068 s
9 579 0.25 22.893 s
9 581 0.0 2.178 s
9 582 0.0 1.718 s
9 583 0.0 11.787 s
9 584 0.0 3.605 s
9 585 1.0 19.09 s
9 586 0.0 37.468 s
9 587 0.0 1.945 s
9 588 0.0 3.15 s
9 589 0.25 12.358 s
9 590 0.0 3.991 s
9 591 0.25 11.658 s
9 593 0.0 2.192 s
9 594 0.0 2.602 s
9 595 0.0 17.518 s
9 596 0.0 8.205 s
9 597 0.0 15.922 s
9 599 0.0 2.516 s
13 0 0.0 2.249 s
13 1 0.25 14.632 s
13 2 0.0 7.384 s
13 3 0.25 20.781 s
13 4 1.0 37.507 s
13 5 0.0 2.366 s
13 6 0.0 2.418 s
13 7 0.25 14.439 s
13 8 0.0 8.803 s
13 11 0.0 2.306 s
13 12 0.0 2.477 s
13 13 0.25 15.641 s
13 14 0.25 4.421 s
13 15 0.5 15.035 s
13 16 0.75 38.366 s
13 17 0.0 2.39 s
13 18 0.0 2.542 s
13 19 0.0 14.213 s
13 20 0.5 8.569 s
13 21 0.25 15.189 s
13 23 0.0 2.167 s
13 24 0.0 2.835 s
13 25 0.5 14.174 s
13 26 0.5 10.795 s
13 27 0.0 12.812 s
13 29 0.0 1.945 s
13 30 0.0 2.552 s
13 31 0.0 13.071 s
13 32 0.0 4.07 s
13 33 0.25 15.888 s
13 35 0.0 2.143 s
13 36 0.0 2.808 s
13 37 0.75 14.78 s
13 38 0.25 10.199 s
13 39 0.25 22.073 s
13 40 1.0 31.266 s
13 41 0.0 2.419 s
13 42 0.0 2.37 s
13 43 0.0 12.624 s
13 44 0.0 4.375 s
13 45 0.5 22.848 s
13 47 0.0 2.444 s
13 48 0.0 2.858 s
13 49 0.0 22.798 s
13 50 0.0 6.713 s
13 51 0.25 15.712 s
13 52 0.75 36.409 s
13 53 0.0 2.367 s
13 54 0.0 2.745 s
13 55 0.0 11.844 s
13 56 0.0 6.782 s
13 57 0.25 13.775 s
13 59 0.0 2.263 s
13 60 0.0 2.741 s
13 61 0.0 11.66 s
13 62 0.0 12.612 s
13 63 0.5 18.545 s
13 65 0.0 2.258 s
13 66 0.0 2.341 s
13 67 0.0 14.116 s
13 68 0.5 13.867 s
13 69 0.25 19.04 s
13 70 0.25 34.89 s
13 71 0.0 2.395 s
13 72 0.0 2.642 s
13 73 0.75 13.814 s
13 74 0.5 9.031 s
13 75 0.25 21.968 s
13 77 0.0 2.278 s
13 78 0.0 2.495 s
13 79 1.0 14.012 s
13 80 0.0 9.52 s
13 81 0.5 19.835 s
13 82 0.5 29.644 s
13 83 0.0 2.463 s
13 84 0.0 2.544 s
13 85 0.0 11.67 s
13 86 0.25 12.02 s
13 87 0.0 16.136 s
13 88 0.75 40.117 s
13 89 0.0 2.141 s
13 90 0.0 2.337 s
13 91 0.0 12.15 s
13 92 0.0 8.355 s
13 93 0.0 13.206 s
13 95 0.0 2.425 s
13 96 0.0 2.351 s
13 97 0.75 17.265 s
13 98 0.25 4.387 s
13 99 0.25 16.084 s
13 101 0.0 2.367 s
13 102 0.0 2.593 s
13 103 0.0 10.828 s
13 104 0.0 6.212 s
13 105 0.0 13.547 s
13 106 0.0 14.904 s
13 107 0.0 2.38 s
13 108 0.0 2.415 s
13 109 0.0 11.481 s
13 110 0.0 6.262 s
13 111 0.0 18.874 s
13 112 1.0 33.467 s
13 113 0.0 2.187 s
13 114 0.0 2.811 s
13 115 0.0 12.803 s
13 116 0.0 6.45 s
13 117 0.5 15.321 s
13 119 0.0 2.23 s
13 120 0.0 2.727 s
13 121 0.0 14.072 s
13 122 0.0 5.493 s
13 123 0.0 15.627 s
13 124 0.0 35.318 s
13 125 0.0 2.146 s
13 126 0.0 2.327 s
13 127 0.0 16.525 s
13 128 0.0 7.03 s
13 129 0.5 11.773 s
13 131 0.0 2.382 s
13 132 0.0 2.672 s
13 133 0.0 17.005 s
13 134 0.0 3.811 s
13 135 0.0 18.551 s
13 136 0.25 14.461 s
13 137 0.0 2.553 s
13 138 0.0 2.736 s
13 139 0.0 11.121 s
13 140 0.0 7.676 s
13 141 0.5 14.096 s
13 143 0.0 2.411 s
13 144 0.0 2.9 s
13 145 0.0 16.583 s
13 146 0.0 4.767 s
13 147 0.5 22.577 s
13 149 0.0 2.31 s
13 150 0.0 2.328 s
13 151 0.5 17.032 s
13 152 0.0 6.742 s
13 153 1.0 13.886 s
13 155 0.0 2.104 s
13 156 0.0 2.433 s
13 157 0.0 13.767 s
13 158 0.0 6.05 s
13 159 0.5 24.432 s
13 161 0.0 2.153 s
13 162 0.0 2.414 s
13 163 0.25 11.29 s
13 164 0.0 6.555 s
13 165 0.5 21.284 s
13 167 0.0 2.559 s
13 168 0.0 2.543 s
13 169 0.0 15.079 s
13 170 0.0 5.719 s
13 171 0.0 15.467 s
13 173 0.0 2.354 s
13 174 0.5 2.818 s
13 175 0.75 11.62 s
13 176 0.25 8.48 s
13 177 0.25 16.2 s
13 179 0.0 2.483 s
13 180 0.0 2.554 s
13 181 0.5 12.507 s
13 182 0.0 9.294 s
13 183 0.0 15.642 s
13 184 0.5 37.413 s
13 185 0.0 2.281 s
13 186 0.0 2.736 s
13 187 0.25 11.708 s
13 188 0.25 6.921 s
13 189 0.0 16.635 s
13 191 0.0 2.465 s
13 192 0.0 2.733 s
13 193 0.0 16.281 s
13 194 0.0 7.484 s
13 195 0.5 29.603 s
13 197 0.0 2.274 s
13 198 0.0 2.521 s
13 199 0.0 12.542 s
13 200 0.0 4.522 s
13 201 0.5 13.251 s
13 203 0.0 2.32 s
13 204 0.0 2.632 s
13 205 0.0 11.943 s
13 206 0.0 5.831 s
13 207 1.0 14.13 s
13 208 1.0 40.063 s
13 209 0.0 2.418 s
13 210 0.0 2.231 s
13 211 0.5 12.052 s
13 212 0.0 11.95 s
13 213 0.0 16.26 s
13 214 0.0 26.92 s
13 215 0.0 2.621 s
13 216 0.0 2.759 s
13 217 0.0 17.42 s
13 218 0.0 6.452 s
13 219 0.5 20.184 s
13 221 0.0 2.169 s
13 222 0.0 2.722 s
13 223 0.0 15.175 s
13 224 0.0 5.715 s
13 225 0.25 15.028 s
13 227 0.0 1.949 s
13 228 0.0 2.3 s
13 229 0.0 12.802 s
13 230 0.0 6.693 s
13 231 0.25 6.858 s
13 232 0.75 39.626 s
13 233 0.0 2.502 s
13 234 0.0 2.463 s
13 235 0.5 15.088 s
13 236 0.0 5.188 s
13 237 0.0 15.852 s
13 239 0.0 2.295 s
13 240 0.0 2.695 s
13 241 0.0 11.114 s
13 242 0.0 6.375 s
13 243 0.75 13.709 s
13 244 1.0 33.415 s
13 245 0.0 2.14 s
13 246 0.0 2.589 s
13 247 0.25 13.994 s
13 248 0.0 9.147 s
13 249 1.0 13.225 s
13 250 0.0 30.114 s
13 251 0.0 2.263 s
13 252 0.0 2.556 s
13 253 0.0 15.029 s
13 254 0.0 10.126 s
13 255 1.0 18.207 s
13 257 0.0 2.34 s
13 258 0.0 2.534 s
13 259 0.0 12.866 s
13 260 0.0 8.124 s
13 261 1.0 19.231 s
13 263 0.0 2.166 s
13 264 0.0 2.528 s
13 265 0.0 15.869 s
13 266 0.0 11.384 s
13 267 0.25 16.056 s
13 269 0.0 2.236 s
13 270 0.0 2.405 s
13 271 0.0 13.317 s
13 272 0.0 16.201 s
13 273 0.0 16.896 s
13 274 0.75 32.848 s
13 275 0.0 2.146 s
13 276 0.0 3.303 s
13 277 0.0 13.761 s
13 278 0.0 6.818 s
13 279 0.25 13.968 s
13 281 0.0 2.351 s
13 282 0.0 2.441 s
13 284 0.0 12.505 s
13 285 0.25 14.914 s
13 286 1.0 40.246 s
13 287 0.0 2.035 s
13 288 0.0 2.455 s
13 289 0.0 14.661 s
13 290 0.0 5.947 s
13 291 0.0 16.257 s
13 292 1.0 40.055 s
13 293 0.0 2.481 s
13 294 0.0 2.464 s
13 295 0.0 14.874 s
13 296 0.0 9.02 s
13 297 0.5 21.987 s
13 299 0.0 2.49 s
13 300 0.0 3.001 s
13 301 1.0 13.484 s
13 302 0.0 6.744 s
13 303 0.25 21.557 s
13 305 0.0 1.959 s
13 306 0.0 3.577 s
13 307 0.25 21.026 s
13 308 0.0 6.198 s
13 309 0.0 14.636 s
13 311 0.0 2.518 s
13 312 0.0 2.45 s
13 313 0.0 14.29 s
13 314 0.0 4.614 s
13 315 0.25 16.709 s
13 317 0.0 2.356 s
13 318 0.0 2.508 s
13 319 0.0 14.413 s
13 320 0.0 9.299 s
13 321 0.5 11.392 s
13 323 0.0 2.045 s
13 324 0.0 2.569 s
13 325 0.75 16.903 s
13 326 0.0 6.495 s
13 327 0.25 14.14 s
13 329 0.0 2.379 s
13 330 0.0 2.32 s
13 331 0.0 13.985 s
13 332 0.0 8.928 s
13 333 0.0 22.076 s
13 335 0.0 2.071 s
13 336 0.0 2.183 s
13 337 0.0 18.172 s
13 338 0.0 6.325 s
13 339 0.25 16.772 s
13 341 0.0 1.993 s
13 342 0.0 2.31 s
13 343 0.0 14.697 s
13 344 0.0 8.648 s
13 345 0.75 18.612 s
13 347 0.0 2.267 s
13 348 0.0 2.578 s
13 349 0.0 15.704 s
13 350 0.0 7.455 s
13 351 0.25 16.224 s
13 352 0.0 31.538 s
13 353 0.0 2.448 s
13 354 0.0 2.642 s
13 355 0.0 12.828 s
13 356 0.0 7.169 s
13 357 1.0 26.751 s
13 359 0.0 2.476 s
13 360 0.0 2.618 s
13 361 0.75 13.588 s
13 362 0.0 7.455 s
13 363 1.0 19.36 s
13 364 0.25 29.607 s
13 365 0.0 2.321 s
13 366 0.0 2.394 s
13 367 0.0 16.629 s
13 368 0.0 7.557 s
13 369 0.0 16.187 s
13 371 0.0 2.249 s
13 372 0.0 2.473 s
13 373 0.75 13.933 s
13 374 0.0 6.735 s
13 375 0.0 15.538 s
13 377 0.0 2.445 s
13 378 0.0 2.498 s
13 379 0.0 19.732 s
13 380 0.25 6.361 s
13 381 0.0 14.201 s
13 383 0.0 2.058 s
13 384 0.0 2.594 s
13 385 0.0 12.105 s
13 386 0.0 12.132 s
13 387 0.5 25.695 s
13 389 0.0 2.397 s
13 390 0.0 2.392 s
13 391 0.0 13.203 s
13 392 0.0 6.596 s
13 393 0.5 15.179 s
13 395 0.0 2.093 s
13 396 0.0 2.697 s
13 397 0.25 13.213 s
13 398 0.25 9.871 s
13 399 0.25 16.689 s
13 400 1.0 35.507 s
13 401 0.0 2.182 s
13 402 0.0 2.605 s
13 403 0.25 13.478 s
13 404 0.0 6.846 s
13 405 0.0 14.006 s
13 406 1.0 21.753 s
13 407 0.0 2.412 s
13 408 0.0 2.582 s
13 409 0.0 15.346 s
13 410 0.5 9.442 s
13 411 0.0 16.083 s
13 413 0.0 2.345 s
13 414 0.0 2.858 s
13 415 0.0 13.897 s
13 416 0.0 11.784 s
13 417 1.0 18.541 s
13 418 1.0 36.376 s
13 419 0.0 2.314 s
13 420 0.0 2.482 s
13 421 0.0 16.022 s
13 422 0.0 6.246 s
13 423 0.25 15.835 s
13 424 0.25 37.329 s
13 425 0.0 2.354 s
13 426 0.0 2.475 s
13 427 0.5 17.881 s
13 428 0.0 7.289 s
13 429 0.75 8.862 s
13 430 1.0 35.871 s
13 431 0.0 2.069 s
13 432 0.0 2.292 s
13 433 0.0 13.407 s
13 434 0.0 5.076 s
13 435 0.25 13.131 s
13 437 0.0 2.083 s
13 438 0.0 2.59 s
13 439 1.0 14.147 s
13 440 0.0 3.493 s
13 441 0.0 17.165 s
13 443 0.0 2.318 s
13 444 0.0 2.392 s
13 445 0.0 15.461 s
13 446 0.0 4.219 s
13 447 0.25 8.917 s
13 449 0.0 2.478 s
13 450 0.0 3.283 s
13 451 0.25 16.748 s
13 452 0.0 7.525 s
13 453 0.0 14.666 s
13 455 0.0 2.488 s
13 456 0.0 3.655 s
13 457 0.0 13.759 s
13 458 0.25 8.79 s
13 459 0.25 13.355 s
13 461 0.0 2.301 s
13 462 0.0 2.981 s
13 463 0.0 16.167 s
13 464 1.0 13.311 s
13 465 0.5 15.348 s
13 467 0.0 2.737 s
13 468 0.0 2.344 s
13 469 0.5 18.273 s
13 470 0.0 6.643 s
13 471 0.25 16.557 s
13 473 0.0 2.262 s
13 474 0.0 2.591 s
13 475 0.0 11.275 s
13 476 0.0 6.559 s
13 477 0.5 16.295 s
13 479 0.0 2.188 s
13 480 0.0 2.537 s
13 481 0.0 12.206 s
13 482 0.0 5.171 s
13 483 0.25 33.552 s
13 484 0.0 28.442 s
13 485 0.0 2.132 s
13 486 0.0 2.594 s
13 487 0.25 12.992 s
13 488 1.0 6.053 s
13 489 0.5 20.349 s
13 491 0.0 2.218 s
13 492 0.0 2.267 s
13 493 0.5 11.237 s
13 494 0.0 5.247 s
13 495 0.25 15.39 s
13 497 0.0 2.432 s
13 498 0.0 2.352 s
13 499 0.0 12.141 s
13 500 0.5 9.492 s
13 501 0.25 23.424 s
13 503 0.0 2.476 s
13 504 0.0 2.507 s
13 505 0.75 18.269 s
13 506 0.0 7.111 s
13 507 1.0 15.854 s
13 508 1.0 40.187 s
13 509 0.0 2.312 s
13 510 0.0 2.644 s
13 511 0.25 15.205 s
13 512 0.0 3.168 s
13 513 0.75 15.584 s
13 514 1.0 31.427 s
13 515 0.0 2.113 s
13 516 0.0 2.387 s
13 517 0.25 13.25 s
13 518 0.0 9.946 s
13 519 0.0 14.755 s
13 521 0.0 1.951 s
13 522 0.0 2.496 s
13 523 0.0 14.576 s
13 524 0.0 8.638 s
13 525 0.5 21.824 s
13 527 0.0 2.138 s
13 528 0.0 3.465 s
13 529 0.0 13.435 s
13 530 0.0 8.772 s
13 531 1.0 15.94 s
13 532 0.25 26.699 s
13 533 0.0 2.06 s
13 534 0.0 2.658 s
13 535 0.5 23.605 s
13 536 0.0 7.495 s
13 537 0.25 22.34 s
13 538 0.75 38.914 s
13 539 0.0 2.163 s
13 540 0.0 2.29 s
13 541 0.5 18.966 s
13 542 0.0 10.008 s
13 543 0.0 16.869 s
13 544 1.0 39.952 s
13 545 0.0 2.59 s
13 546 0.0 2.241 s
13 547 0.0 11.696 s
13 548 0.25 5.309 s
13 549 0.0 14.899 s
13 550 0.25 19.99 s
13 551 0.0 2.453 s
13 552 0.0 2.755 s
13 553 0.0 21.281 s
13 554 0.0 11.013 s
13 555 0.0 15.695 s
13 557 0.0 2.203 s
13 558 0.0 1.76 s
13 559 0.25 7.018 s
13 560 0.0 20.34 s
13 561 0.5 21.286 s
13 562 1.0 35.055 s
13 563 0.0 2.502 s
13 564 0.0 2.494 s
13 565 0.0 14.414 s
13 566 0.0 6.575 s
13 567 0.75 16.594 s
13 569 0.0 2.377 s
13 570 0.0 2.118 s
13 571 0.0 13.154 s
13 572 0.0 7.569 s
13 573 0.0 14.036 s
13 575 0.0 2.636 s
13 576 0.0 2.336 s
13 577 0.25 15.602 s
13 578 0.0 5.659 s
13 579 1.0 20.661 s
13 581 0.0 2.138 s
13 582 0.0 2.559 s
13 583 0.25 14.916 s
13 584 0.25 7.681 s
13 585 0.0 18.937 s
13 586 0.5 36.711 s
13 587 0.0 2.385 s
13 588 0.0 2.854 s
13 589 0.5 12.936 s
13 590 0.0 6.332 s
13 591 0.25 17.222 s
13 593 0.0 2.391 s
13 594 0.0 2.667 s
13 595 0.75 12.731 s
13 596 0.0 3.928 s
13 597 0.75 12.112 s
13 599 0.0 2.347 s
14 0 0.0 2.741 s
14 1 0.0 12.821 s
14 2 0.0 5.863 s
14 3 0.0 17.064 s
14 5 0.0 2.352 s
14 6 0.0 2.864 s
14 7 0.0 12.984 s
14 8 0.0 6.84 s
14 9 0.75 12.662 s
14 10 0.25 25.678 s
14 11 0.0 2.418 s
14 12 0.25 3.594 s
14 13 0.25 10.323 s
14 14 0.25 7.858 s
14 15 0.5 19.694 s
14 16 0.75 40.039 s
14 17 0.0 2.445 s
14 18 0.0 2.635 s
14 19 0.0 14.045 s
14 20 0.0 6.056 s
14 21 0.25 16.321 s
14 23 0.0 2.309 s
14 24 0.0 2.435 s
14 25 0.5 13.447 s
14 26 0.0 3.694 s
14 27 0.25 14.03 s
14 28 1.0 38.897 s
14 29 0.0 1.898 s
14 30 0.0 3.013 s
14 31 0.25 10.14 s
14 32 0.0 5.819 s
14 33 0.0 16.154 s
14 35 0.0 2.156 s
14 36 0.0 2.575 s
14 37 0.0 9.166 s
14 38 0.0 4.727 s
14 39 0.0 19.906 s
14 41 0.0 4.269 s
14 42 0.0 2.808 s
14 43 0.25 11.971 s
14 44 0.0 8.939 s
14 45 0.5 19.949 s
14 46 0.5 38.228 s
14 47 0.0 2.318 s
14 48 0.0 2.432 s
14 49 0.0 16.884 s
14 50 0.0 9.491 s
14 51 0.0 14.453 s
14 53 0.0 2.389 s
14 54 0.0 2.321 s
14 55 0.0 12.299 s
14 56 0.0 10.485 s
14 57 0.75 16.532 s
14 59 0.0 2.334 s
14 60 0.0 2.553 s
14 61 0.0 16.356 s
14 62 0.0 8.757 s
14 63 0.0 13.688 s
14 64 0.0 33.68 s
14 65 0.0 2.312 s
14 66 0.0 3.228 s
14 67 0.0 16.971 s
14 68 0.0 3.538 s
14 69 0.75 16.246 s
14 71 0.0 2.449 s
14 72 0.0 2.485 s
14 73 1.0 13.035 s
14 74 1.0 12.674 s
14 75 0.0 16.509 s
14 77 0.0 2.378 s
14 78 0.0 2.599 s
14 79 0.25 9.112 s
14 80 0.0 4.437 s
14 81 0.75 14.587 s
14 82 0.5 37.998 s
14 83 0.0 2.097 s
14 84 0.0 2.475 s
14 85 0.5 14.769 s
14 86 0.25 7.094 s
14 87 0.25 18.321 s
14 88 0.0 26.211 s
14 89 0.0 2.27 s
14 90 0.0 2.829 s
14 91 0.25 11.832 s
14 92 0.0 6.798 s
14 93 0.0 15.299 s
14 95 0.0 2.282 s
14 96 0.0 3.687 s
14 98 0.0 11.054 s
14 99 0.0 15.511 s
14 101 0.0 2.495 s
14 102 0.0 2.255 s
14 103 0.0 18.731 s
14 104 0.5 6.627 s
14 105 0.25 17.703 s
14 106 0.25 33.364 s
14 107 0.0 2.061 s
14 108 0.0 2.311 s
14 109 0.0 12.338 s
14 110 0.0 9.194 s
14 111 0.0 17.484 s
14 113 0.0 2.038 s
14 114 0.0 2.258 s
14 115 0.0 18.279 s
14 116 0.0 8.029 s
14 117 0.25 17.18 s
14 119 0.0 2.228 s
14 120 0.0 3.028 s
14 121 0.0 13.354 s
14 122 0.25 14.828 s
14 123 0.0 14.147 s
14 125 0.0 2.997 s
14 126 0.0 2.705 s
14 127 0.0 13.658 s
14 128 0.0 4.762 s
14 129 0.5 24.949 s
14 130 0.25 35.344 s
14 131 0.0 2.468 s
14 132 0.0 2.538 s
14 133 0.0 8.212 s
14 134 0.5 11.701 s
14 135 0.25 12.832 s
14 137 0.0 2.464 s
14 138 0.0 2.718 s
14 139 0.0 13.773 s
14 140 0.0 19.433 s
14 141 1.0 15.051 s
14 143 0.0 2.363 s
14 144 0.0 2.62 s
14 145 0.0 13.647 s
14 146 0.0 4.99 s
14 147 0.0 17.439 s
14 149 0.0 2.403 s
14 150 0.0 2.256 s
14 151 0.0 10.736 s
14 152 0.0 6.364 s
14 153 0.0 15.829 s
14 154 0.5 37.104 s
14 155 0.0 2.253 s
14 156 0.0 2.671 s
14 157 0.0 14.238 s
14 158 0.5 9.264 s
14 159 0.25 18.491 s
14 161 0.0 2.066 s
14 162 0.0 2.701 s
14 163 0.0 15.648 s
14 164 0.0 5.003 s
14 165 0.0 16.411 s
14 166 0.25 23.746 s
14 167 0.0 2.256 s
14 168 0.0 2.753 s
14 169 0.25 14.663 s
14 170 0.0 5.754 s
14 171 0.0 19.398 s
14 173 0.0 1.95 s
14 174 0.0 2.585 s
14 175 0.0 6.9 s
14 176 0.0 9.316 s
14 177 0.75 14.465 s
14 179 0.0 2.434 s
14 180 0.0 2.257 s
14 181 0.25 15.144 s
14 182 0.0 7.378 s
14 183 0.25 19.463 s
14 184 0.0 20.524 s
14 185 0.0 2.248 s
14 186 0.0 3.45 s
14 187 0.25 14.336 s
14 188 0.0 5.235 s
14 189 1.0 23.176 s
14 191 0.0 2.465 s
14 192 0.0 2.439 s
14 193 0.0 20.182 s
14 194 0.0 6.302 s
14 195 1.0 16.91 s
14 197 0.0 2.234 s
14 198 0.0 3.177 s
14 199 0.0 15.018 s
14 200 0.0 4.486 s
14 201 0.0 16.774 s
14 203 0.0 2.407 s
14 204 0.0 2.684 s
14 205 0.75 12.152 s
14 206 0.0 8.227 s
14 207 0.75 15.892 s
14 208 0.5 33.986 s
14 209 0.0 2.27 s
14 210 0.0 2.621 s
14 211 0.5 15.318 s
14 212 0.0 7.045 s
14 213 0.75 15.61 s
14 215 0.0 2.349 s
14 216 0.0 3.387 s
14 217 0.5 14.707 s
14 218 0.0 7.8 s
14 219 0.0 16.194 s
14 220 0.0 30.66 s
14 221 0.0 2.028 s
14 222 0.0 3.681 s
14 223 0.0 9.832 s
14 224 0.0 5.697 s
14 225 0.25 16.328 s
14 226 0.0 24.945 s
14 227 0.0 2.224 s
14 228 0.0 2.459 s
14 229 0.0 15.08 s
14 230 0.0 13.926 s
14 231 0.0 15.183 s
14 232 0.0 32.244 s
14 233 0.0 2.609 s
14 234 0.0 2.53 s
14 235 0.5 12.144 s
14 236 0.25 8.495 s
14 237 1.0 18.236 s
14 238 1.0 40.16 s
14 239 0.0 2.449 s
14 240 0.0 2.348 s
14 241 0.5 20.546 s
14 242 0.25 7.645 s
14 243 0.0 14.986 s
14 245 0.0 2.796 s
14 246 0.0 2.721 s
14 247 0.0 12.669 s
14 248 0.0 4.926 s
14 249 0.5 24.232 s
14 250 1.0 40.329 s
14 251 0.0 2.17 s
14 252 0.0 2.703 s
14 253 0.0 12.683 s
14 254 0.25 12.755 s
14 255 0.25 17.99 s
14 257 0.0 1.974 s
14 258 0.0 2.683 s
14 259 0.5 15.035 s
14 260 0.5 4.768 s
14 261 0.5 23.673 s
14 263 0.0 2.473 s
14 264 0.0 2.34 s
14 265 0.0 10.691 s
14 266 0.0 8.584 s
14 267 0.25 11.527 s
14 269 0.0 2.343 s
14 270 0.0 2.96 s
14 271 0.25 12.585 s
14 272 1.0 7.868 s
14 273 0.25 15.77 s
14 275 0.0 2.026 s
14 276 0.0 2.714 s
14 277 0.25 10.896 s
14 278 0.25 10.439 s
14 279 0.5 14.991 s
14 281 0.0 2.35 s
14 282 0.0 2.386 s
14 283 0.0 14.766 s
14 284 0.0 3.757 s
14 285 0.25 10.186 s
14 287 0.0 2.13 s
14 288 0.0 2.508 s
14 289 0.0 15.448 s
14 290 0.0 4.122 s
14 291 0.5 15.675 s
14 293 0.0 2.232 s
14 294 0.0 3.146 s
14 295 1.0 19.161 s
14 296 0.0 7.416 s
14 297 0.25 19.762 s
14 299 0.0 2.348 s
14 300 0.0 2.774 s
14 301 0.25 13.16 s
14 302 0.5 4.119 s
14 303 1.0 22.069 s
14 305 0.0 2.375 s
14 306 0.0 2.24 s
14 307 0.0 13.482 s
14 308 0.0 6.277 s
14 309 0.75 18.948 s
14 310 0.5 24.031 s
14 311 0.0 2.498 s
14 312 0.0 2.325 s
14 313 0.25 13.563 s
14 314 0.0 5.557 s
14 315 0.25 22.555 s
14 316 0.75 39.281 s
14 317 0.0 2.361 s
14 318 0.0 2.424 s
14 319 0.25 9.464 s
14 320 0.0 5.966 s
14 321 0.0 18.361 s
14 323 0.0 2.42 s
14 324 0.0 2.484 s
14 325 0.0 14.597 s
14 326 0.0 8.866 s
14 327 0.0 15.611 s
14 329 0.0 2.407 s
14 330 0.0 2.427 s
14 331 0.0 18.111 s
14 332 0.0 8.992 s
14 333 0.75 14.335 s
14 335 0.0 2.511 s
14 336 0.0 2.651 s
14 337 0.25 13.574 s
14 338 0.0 8.234 s
14 339 0.0 14.079 s
14 341 0.0 2.073 s
14 342 0.0 2.33 s
14 343 0.25 6.391 s
14 344 0.0 6.108 s
14 345 0.0 15.309 s
14 347 0.0 2.47 s
14 348 0.0 2.346 s
14 349 0.75 14.278 s
14 350 0.0 9.1 s
14 351 0.0 14.078 s
14 352 1.0 40.746 s
14 353 0.0 2.386 s
14 354 0.0 2.573 s
14 355 1.0 13.721 s
14 356 0.0 8.446 s
14 357 0.5 15.673 s
14 359 0.0 2.262 s
14 360 0.0 2.678 s
14 361 0.0 11.352 s
14 362 0.0 12.934 s
14 363 0.25 16.078 s
14 365 0.0 2.367 s
14 366 0.0 2.599 s
14 367 0.25 13.137 s
14 368 0.25 7.124 s
14 369 1.0 14.501 s
14 371 0.0 2.417 s
14 372 0.0 2.465 s
14 373 0.0 12.146 s
14 374 0.25 5.817 s
14 375 0.5 12.373 s
14 376 0.75 22.439 s
14 377 0.0 2.082 s
14 378 0.0 2.459 s
14 379 0.25 13.599 s
14 380 0.0 7.45 s
14 381 1.0 14.616 s
14 383 0.0 2.387 s
14 384 0.0 2.363 s
14 385 0.0 13.422 s
14 386 0.0 6.225 s
14 387 0.5 25.395 s
14 389 0.0 1.974 s
14 390 0.0 2.251 s
14 391 0.5 11.742 s
14 392 0.0 6.17 s
14 393 0.5 17.327 s
14 395 0.0 2.477 s
14 396 0.0 2.349 s
14 397 0.0 11.74 s
14 398 0.0 8.605 s
14 399 0.5 16.806 s
14 400 0.25 34.955 s
14 401 0.0 2.249 s
14 402 0.0 2.587 s
14 403 0.0 15.266 s
14 404 0.0 2.797 s
14 405 0.75 11.15 s
14 407 0.0 2.395 s
14 408 0.0 2.732 s
14 409 0.25 15.67 s
14 410 0.0 12.012 s
14 411 0.0 15.836 s
14 413 0.0 2.068 s
14 414 0.0 2.572 s
14 415 1.0 20.765 s
14 416 0.0 10.361 s
14 417 0.0 19.671 s
14 419 0.0 2.375 s
14 420 0.0 2.624 s
14 421 0.0 12.844 s
14 422 0.25 4.408 s
14 423 0.75 14.526 s
14 425 0.0 2.183 s
14 426 0.0 2.705 s
14 427 0.25 14.363 s
14 428 0.0 5.214 s
14 429 0.0 16.915 s
14 431 0.0 2.242 s
14 432 0.0 2.583 s
14 433 0.0 19.671 s
14 434 1.0 8.595 s
14 435 0.0 14.547 s
14 436 0.0 10.695 s
14 437 0.0 2.421 s
14 438 0.0 2.376 s
14 439 0.0 10.73 s
14 440 0.0 8.389 s
14 441 0.25 20.495 s
14 442 0.0 16.98 s
14 443 0.0 2.019 s
14 444 0.0 2.583 s
14 445 1.0 12.717 s
14 446 0.0 10.22 s
14 447 0.75 20.016 s
14 449 0.0 2.489 s
14 450 0.0 2.618 s
14 451 0.0 13.255 s
14 452 0.0 14.908 s
14 453 0.0 15.025 s
14 455 0.0 2.411 s
14 456 0.0 2.822 s
14 457 0.0 14.507 s
14 458 0.0 5.506 s
14 459 0.5 26.164 s
14 460 1.0 28.049 s
14 461 0.0 2.591 s
14 462 0.5 3.762 s
14 463 0.0 12.709 s
14 464 0.0 5.753 s
14 465 1.0 12.095 s
14 466 0.0 25.406 s
14 467 0.0 2.164 s
14 468 0.0 2.656 s
14 469 0.0 18.479 s
14 470 0.0 7.472 s
14 471 0.25 17.866 s
14 472 1.0 40.243 s
14 473 0.0 2.426 s
14 474 0.0 4.393 s
14 475 0.5 11.949 s
14 476 0.0 6.442 s
14 477 0.25 13.862 s
14 479 0.0 2.248 s
14 480 0.0 2.606 s
14 481 0.75 15.542 s
14 482 0.0 17.672 s
14 483 0.5 18.944 s
14 485 0.0 2.402 s
14 486 0.0 2.565 s
14 487 0.25 13.012 s
14 488 0.25 8.228 s
14 489 0.5 21.119 s
14 491 0.0 2.252 s
14 492 0.0 2.643 s
14 493 0.5 11.784 s
14 494 0.0 10.08 s
14 495 0.25 17.404 s
14 497 0.0 2.152 s
14 498 0.0 2.449 s
14 499 0.25 8.502 s
14 500 0.0 4.104 s
14 501 0.5 19.53 s
14 502 1.0 35.232 s
14 503 0.0 2.236 s
14 504 0.0 2.707 s
14 505 0.0 9.21 s
14 506 0.0 5.068 s
14 507 0.25 18.683 s
14 509 0.0 2.119 s
14 510 0.0 2.537 s
14 511 0.25 19.704 s
14 512 0.0 5.326 s
14 513 0.25 20.216 s
14 514 0.0 33.568 s
14 515 0.0 3.406 s
14 516 0.0 2.36 s
14 517 0.25 9.233 s
14 518 0.0 6.145 s
14 519 0.25 27.762 s
14 521 0.0 2.504 s
14 522 0.0 2.314 s
14 523 1.0 13.431 s
14 524 0.0 9.377 s
14 525 0.25 18.445 s
14 527 0.25 2.316 s
14 528 0.0 2.827 s
14 529 0.25 21.187 s
14 530 0.0 6.733 s
14 531 0.0 15.092 s
14 532 1.0 34.465 s
14 533 0.0 2.789 s
14 534 0.0 2.605 s
14 535 0.0 12.925 s
14 536 0.0 7.947 s
14 537 0.25 13.776 s
14 538 0.0 34.962 s
14 539 0.0 2.363 s
14 540 0.0 2.666 s
14 541 0.0 12.243 s
14 542 0.0 4.92 s
14 543 1.0 14.37 s
14 544 0.75 38.486 s
14 545 0.0 2.235 s
14 546 0.0 2.581 s
14 547 0.0 15.379 s
14 548 0.0 10.207 s
14 549 0.25 20.158 s
14 550 1.0 40.528 s
14 551 0.0 2.127 s
14 552 0.0 2.638 s
14 553 0.0 16.838 s
14 554 0.0 15.402 s
14 555 0.0 13.934 s
14 557 0.0 2.239 s
14 558 0.0 2.945 s
14 559 0.25 13.152 s
14 560 0.0 7.579 s
14 561 0.5 19.306 s
14 563 0.0 2.213 s
14 564 0.0 2.52 s
14 565 0.0 15.311 s
14 566 0.0 5.47 s
14 567 0.25 20.737 s
14 569 0.0 2.361 s
14 570 0.0 2.357 s
14 571 0.0 14.467 s
14 572 0.0 5.964 s
14 573 0.25 19.276 s
14 574 0.0 32.835 s
14 575 0.0 2.726 s
14 576 0.0 2.831 s
14 577 0.0 12.496 s
14 578 0.0 7.352 s
14 579 0.0 15.503 s
14 581 0.0 2.234 s
14 582 0.0 2.436 s
14 583 0.0 12.479 s
14 584 0.5 7.986 s
14 585 1.0 18.699 s
14 586 1.0 40.234 s
14 587 0.0 2.426 s
14 588 0.0 2.849 s
14 589 0.0 17.155 s
14 590 0.0 7.462 s
14 591 1.0 14.602 s
14 593 0.0 2.498 s
14 594 0.0 2.735 s
14 595 0.0 12.637 s
14 596 0.25 4.073 s
14 597 0.0 16.244 s
14 599 0.0 2.603 s
DONE
